Archive member included to satisfy reference by file (symbol)

c:/progra~2/gnuarm~1/102020~1/bin/../lib/gcc/arm-none-eabi/10.2.1/thumb/v6-m/nofp\libgcc.a(_dvmd_tls.o)
                              CMakeFiles/automation2040w_takeover.dir/C_/Users/ben/Documents/GitHub/pico-sdk/src/rp2_common/pico_divider/divider.S.obj (__aeabi_idiv0)
c:/progra~2/gnuarm~1/102020~1/bin/../lib/gcc/arm-none-eabi/10.2.1/../../../../arm-none-eabi/lib/thumb/v6-m/nofp\libc.a(lib_a-atoi.o)
                              CMakeFiles/automation2040w_takeover.dir/C_/Users/ben/Documents/GitHub/pico-sdk/lib/lwip/src/core/netif.c.obj (atoi)
c:/progra~2/gnuarm~1/102020~1/bin/../lib/gcc/arm-none-eabi/10.2.1/../../../../arm-none-eabi/lib/thumb/v6-m/nofp\libc.a(lib_a-calloc.o)
                              CMakeFiles/automation2040w_takeover.dir/C_/Users/ben/Documents/GitHub/pico-sdk/src/rp2_common/pico_malloc/pico_malloc.c.obj (calloc)
c:/progra~2/gnuarm~1/102020~1/bin/../lib/gcc/arm-none-eabi/10.2.1/../../../../arm-none-eabi/lib/thumb/v6-m/nofp\libc.a(lib_a-callocr.o)
                              c:/progra~2/gnuarm~1/102020~1/bin/../lib/gcc/arm-none-eabi/10.2.1/../../../../arm-none-eabi/lib/thumb/v6-m/nofp\libc.a(lib_a-calloc.o) (_calloc_r)
c:/progra~2/gnuarm~1/102020~1/bin/../lib/gcc/arm-none-eabi/10.2.1/../../../../arm-none-eabi/lib/thumb/v6-m/nofp\libc.a(lib_a-ctype_.o)
                              CMakeFiles/automation2040w_takeover.dir/C_/Users/ben/Documents/GitHub/pico-sdk/lib/lwip/src/core/dns.c.obj (_ctype_)
c:/progra~2/gnuarm~1/102020~1/bin/../lib/gcc/arm-none-eabi/10.2.1/../../../../arm-none-eabi/lib/thumb/v6-m/nofp\libc.a(lib_a-impure.o)
                              c:/progra~2/gnuarm~1/102020~1/bin/../lib/gcc/arm-none-eabi/10.2.1/../../../../arm-none-eabi/lib/thumb/v6-m/nofp\libc.a(lib_a-calloc.o) (_impure_ptr)
c:/progra~2/gnuarm~1/102020~1/bin/../lib/gcc/arm-none-eabi/10.2.1/../../../../arm-none-eabi/lib/thumb/v6-m/nofp\libc.a(lib_a-init.o)
                              c:/progra~2/gnuarm~1/102020~1/bin/../lib/gcc/arm-none-eabi/10.2.1/../../../../arm-none-eabi/lib/thumb/v6-m/nofp/crt0.o (__libc_init_array)
c:/progra~2/gnuarm~1/102020~1/bin/../lib/gcc/arm-none-eabi/10.2.1/../../../../arm-none-eabi/lib/thumb/v6-m/nofp\libc.a(lib_a-malloc.o)
                              CMakeFiles/automation2040w_takeover.dir/C_/Users/ben/Documents/GitHub/pico-sdk/src/rp2_common/pico_malloc/pico_malloc.c.obj (malloc)
c:/progra~2/gnuarm~1/102020~1/bin/../lib/gcc/arm-none-eabi/10.2.1/../../../../arm-none-eabi/lib/thumb/v6-m/nofp\libc.a(lib_a-mallocr.o)
                              c:/progra~2/gnuarm~1/102020~1/bin/../lib/gcc/arm-none-eabi/10.2.1/../../../../arm-none-eabi/lib/thumb/v6-m/nofp\libc.a(lib_a-callocr.o) (_malloc_r)
c:/progra~2/gnuarm~1/102020~1/bin/../lib/gcc/arm-none-eabi/10.2.1/../../../../arm-none-eabi/lib/thumb/v6-m/nofp\libc.a(lib_a-memcmp.o)
                              CMakeFiles/automation2040w_takeover.dir/dhcpserver/dhcpserver.c.obj (memcmp)
c:/progra~2/gnuarm~1/102020~1/bin/../lib/gcc/arm-none-eabi/10.2.1/../../../../arm-none-eabi/lib/thumb/v6-m/nofp\libc.a(lib_a-memmove.o)
                              CMakeFiles/automation2040w_takeover.dir/C_/Users/ben/Documents/GitHub/pico-sdk/lib/cyw43-driver/src/cyw43_ll.c.obj (memmove)
c:/progra~2/gnuarm~1/102020~1/bin/../lib/gcc/arm-none-eabi/10.2.1/../../../../arm-none-eabi/lib/thumb/v6-m/nofp\libc.a(lib_a-mlock.o)
                              c:/progra~2/gnuarm~1/102020~1/bin/../lib/gcc/arm-none-eabi/10.2.1/../../../../arm-none-eabi/lib/thumb/v6-m/nofp\libc.a(lib_a-mallocr.o) (__malloc_lock)
c:/progra~2/gnuarm~1/102020~1/bin/../lib/gcc/arm-none-eabi/10.2.1/../../../../arm-none-eabi/lib/thumb/v6-m/nofp\libc.a(lib_a-realloc.o)
                              CMakeFiles/automation2040w_takeover.dir/C_/Users/ben/Documents/GitHub/pico-sdk/src/rp2_common/pico_malloc/pico_malloc.c.obj (realloc)
c:/progra~2/gnuarm~1/102020~1/bin/../lib/gcc/arm-none-eabi/10.2.1/../../../../arm-none-eabi/lib/thumb/v6-m/nofp\libc.a(lib_a-reallocr.o)
                              c:/progra~2/gnuarm~1/102020~1/bin/../lib/gcc/arm-none-eabi/10.2.1/../../../../arm-none-eabi/lib/thumb/v6-m/nofp\libc.a(lib_a-realloc.o) (_realloc_r)
c:/progra~2/gnuarm~1/102020~1/bin/../lib/gcc/arm-none-eabi/10.2.1/../../../../arm-none-eabi/lib/thumb/v6-m/nofp\libc.a(lib_a-sbrkr.o)
                              c:/progra~2/gnuarm~1/102020~1/bin/../lib/gcc/arm-none-eabi/10.2.1/../../../../arm-none-eabi/lib/thumb/v6-m/nofp\libc.a(lib_a-mallocr.o) (_sbrk_r)
c:/progra~2/gnuarm~1/102020~1/bin/../lib/gcc/arm-none-eabi/10.2.1/../../../../arm-none-eabi/lib/thumb/v6-m/nofp\libc.a(lib_a-sscanf.o)
                              CMakeFiles/automation2040w_takeover.dir/automation2040w_takeover.c.obj (sscanf)
c:/progra~2/gnuarm~1/102020~1/bin/../lib/gcc/arm-none-eabi/10.2.1/../../../../arm-none-eabi/lib/thumb/v6-m/nofp\libc.a(lib_a-stdio.o)
[...]
Memory Configuration

Name             Origin             Length             Attributes
FLASH            0x10000000         0x00200000         xr
RAM              0x20000000         0x00040000         xrw
SCRATCH_X        0x20040000         0x00001000         xrw
SCRATCH_Y        0x20041000         0x00001000         xrw
*default*        0x00000000         0xffffffff

Linker script and memory map

LOAD c:/progra~2/gnuarm~1/102020~1/bin/../lib/gcc/arm-none-eabi/10.2.1/thumb/v6-m/nofp/crti.o
LOAD c:/progra~2/gnuarm~1/102020~1/bin/../lib/gcc/arm-none-eabi/10.2.1/thumb/v6-m/nofp/crtbegin.o
LOAD c:/progra~2/gnuarm~1/102020~1/bin/../lib/gcc/arm-none-eabi/10.2.1/../../../../arm-none-eabi/lib/thumb/v6-m/nofp/crt0.o

.flash_begin    0x10000000        0x0
                0x10000000                __flash_binary_start = .

.boot2          0x10000000      0x100
                0x10000000                __boot2_start__ = .
 *(.boot2)
 .boot2         0x10000000      0x100 C:\Users\ben\AppData\Local\Temp\cce6JOwx.o
                0x10000100                __boot2_end__ = .
                0x00000001                ASSERT (((__boot2_end__ - __boot2_start__) == 0x100), ERROR: Pico second stage bootloader must be 256 bytes in size)

.text           0x10000100    0x1ce20
                0x10000100                __logical_binary_start = .
 *(.vectors)
 .vectors       0x10000100       0xd4 CMakeFiles/automation2040w_takeover.dir/C_/Users/ben/Documents/GitHub/pico-sdk/src/rp2_common/pico_standard_link/crt0.S.obj
                0x10000100                __VECTOR_TABLE
                0x10000100                __vectors
                0x100001c0                isr_invalid
                0x100001c0                __default_isrs_start
                0x100001c2                isr_nmi
                0x100001c4                isr_hardfault
                0x100001c6                isr_svcall
                0x100001c8                isr_pendsv
                0x100001ca                isr_systick
                0x100001cc                isr_irq23
                0x100001cc                isr_irq18
                0x100001cc                isr_irq11
                0x100001cc                isr_irq28
                0x100001cc                isr_irq19
                0x100001cc                isr_irq0
                0x100001cc                isr_irq6
                0x100001cc                isr_irq5
                0x100001cc                isr_irq12
                0x100001cc                isr_irq22
                0x100001cc                isr_irq31
                0x100001cc                isr_irq17
                0x100001cc                isr_irq27
                0x100001cc                isr_irq30
                0x100001cc                isr_irq2
                0x100001cc                isr_irq10
                0x100001cc                isr_irq8
                0x100001cc                isr_irq24
                0x100001cc                isr_irq1
                0x100001cc                isr_irq7
                0x100001cc                isr_irq21
                0x100001cc                isr_irq20
                0x100001cc                isr_irq15
                0x100001cc                isr_irq25
                0x100001cc                isr_irq13
                0x100001cc                __unhandled_user_irq
                0x100001cc                isr_irq4
                0x100001cc                isr_irq16
                0x100001cc                isr_irq29
                0x100001cc                isr_irq26
                0x100001cc                __default_isrs_end
                0x100001cc                isr_irq3
                0x100001cc                isr_irq14
                0x100001cc                isr_irq9
                0x100001d2                unhandled_user_irq_num_in_r0
 *(.binary_info_header)
 .binary_info_header
                0x100001d4       0x14 CMakeFiles/automation2040w_takeover.dir/C_/Users/ben/Documents/GitHub/pico-sdk/src/rp2_common/pico_standard_link/crt0.S.obj
                0x100001e8                __binary_info_header_end = .
 *(.reset)
 .reset         0x100001e8       0xa8 CMakeFiles/automation2040w_takeover.dir/C_/Users/ben/Documents/GitHub/pico-sdk/src/rp2_common/pico_standard_link/crt0.S.obj
                0x100001e8                _entry_point
                0x10000266                __get_current_exception
 .reset         0x10000290       0x30 CMakeFiles/automation2040w_takeover.dir/C_/Users/ben/Documents/GitHub/pico-sdk/src/rp2_common/pico_standard_link/binary_info.c.obj
 *(.init)
 .init          0x100002c0        0x4 c:/progra~2/gnuarm~1/102020~1/bin/../lib/gcc/arm-none-eabi/10.2.1/thumb/v6-m/nofp/crti.o
                0x100002c0                _init
 *(EXCLUDE_FILE(*libm.a: *libc.a:*lib_a-mem*.o *libgcc.a:) .text*)
 .text          0x100002c4       0x48 c:/progra~2/gnuarm~1/102020~1/bin/../lib/gcc/arm-none-eabi/10.2.1/thumb/v6-m/nofp/crtbegin.o
 .text.tcp_server_accept
                0x1000030c       0x90 CMakeFiles/automation2040w_takeover.dir/automation2040w_takeover.c.obj
 .text.tcp_server_poll
                0x1000039c       0x74 CMakeFiles/automation2040w_takeover.dir/automation2040w_takeover.c.obj
 .text.tcp_server_err
                0x10000410       0x6c CMakeFiles/automation2040w_takeover.dir/automation2040w_takeover.c.obj
 .text.tcp_server_sent
                0x1000047c       0x9c CMakeFiles/automation2040w_takeover.dir/automation2040w_takeover.c.obj
 .text.gpio_server_content
                0x10000518      0x3d0 CMakeFiles/automation2040w_takeover.dir/automation2040w_takeover.c.obj
                0x10000518                gpio_server_content
 .text.tcp_server_recv
                0x100008e8      0x2b4 CMakeFiles/automation2040w_takeover.dir/automation2040w_takeover.c.obj
                0x100008e8                tcp_server_recv
 .text.startup.main
                0x10000b9c      0x1dc CMakeFiles/automation2040w_takeover.dir/automation2040w_takeover.c.obj
                0x10000b9c                main
 .text.dhcp_server_process
                0x10000d78      0x668 CMakeFiles/automation2040w_takeover.dir/dhcpserver/dhcpserver.c.obj
 .text.dhcp_server_init
                0x100013e0       0x40 CMakeFiles/automation2040w_takeover.dir/dhcpserver/dhcpserver.c.obj
                0x100013e0                dhcp_server_init
 .text.dhcp_server_deinit
                0x10001420       0x14 CMakeFiles/automation2040w_takeover.dir/dhcpserver/dhcpserver.c.obj
                0x10001420                dhcp_server_deinit
 .text.dns_server_process
                0x10001434      0x148 CMakeFiles/automation2040w_takeover.dir/dnsserver/dnsserver.c.obj
 .text.dns_server_init
                0x1000157c       0x48 CMakeFiles/automation2040w_takeover.dir/dnsserver/dnsserver.c.obj
                0x1000157c                dns_server_init
 .text.dns_server_deinit
                0x100015c4       0x14 CMakeFiles/automation2040w_takeover.dir/dnsserver/dnsserver.c.obj
                0x100015c4                dns_server_deinit
 .text.cyw43_arch_enable_ap_mode
                0x100015d8       0x88 CMakeFiles/automation2040w_takeover.dir/C_/Users/ben/Documents/GitHub/pico-sdk/src/rp2_common/pico_cyw43_arch/cyw43_arch.c.obj
                0x100015d8                cyw43_arch_enable_ap_mode
 .text.cyw43_hal_generate_laa_mac
                0x10001660       0x28 CMakeFiles/automation2040w_takeover.dir/C_/Users/ben/Documents/GitHub/pico-sdk/src/rp2_common/pico_cyw43_arch/cyw43_arch.c.obj
                0x10001660                cyw43_hal_generate_laa_mac
 .text.cyw43_hal_get_mac
                0x10001688       0x1c CMakeFiles/automation2040w_takeover.dir/C_/Users/ben/Documents/GitHub/pico-sdk/src/rp2_common/pico_cyw43_arch/cyw43_arch.c.obj
                0x10001688                cyw43_hal_get_mac
 .text.cyw43_arch_gpio_put
                0x100016a4       0x14 CMakeFiles/automation2040w_takeover.dir/C_/Users/ben/Documents/GitHub/pico-sdk/src/rp2_common/pico_cyw43_arch/cyw43_arch.c.obj
                0x100016a4                cyw43_arch_gpio_put
 .text.cyw43_arch_gpio_get
                0x100016b8       0x20 CMakeFiles/automation2040w_takeover.dir/C_/Users/ben/Documents/GitHub/pico-sdk/src/rp2_common/pico_cyw43_arch/cyw43_arch.c.obj
                0x100016b8                cyw43_arch_gpio_get
 .text.gpio_irq_handler
                0x100016d8       0x58 CMakeFiles/automation2040w_takeover.dir/C_/Users/ben/Documents/GitHub/pico-sdk/src/rp2_common/pico_cyw43_arch/cyw43_arch_poll.c.obj
 .text.cyw43_post_poll_hook
                0x10001730       0x10 CMakeFiles/automation2040w_takeover.dir/C_/Users/ben/Documents/GitHub/pico-sdk/src/rp2_common/pico_cyw43_arch/cyw43_arch_poll.c.obj
                0x10001730                cyw43_post_poll_hook
 .text.cyw43_arch_init
                0x10001740       0x48 CMakeFiles/automation2040w_takeover.dir/C_/Users/ben/Documents/GitHub/pico-sdk/src/rp2_common/pico_cyw43_arch/cyw43_arch_poll.c.obj
                0x10001740                cyw43_arch_init
 .text.cyw43_arch_deinit
                0x10001788       0x28 CMakeFiles/automation2040w_takeover.dir/C_/Users/ben/Documents/GitHub/pico-sdk/src/rp2_common/pico_cyw43_arch/cyw43_arch_poll.c.obj
                0x10001788                cyw43_arch_deinit
 .text.cyw43_schedule_internal_poll_dispatch
                0x100017b0        0xc CMakeFiles/automation2040w_takeover.dir/C_/Users/ben/Documents/GitHub/pico-sdk/src/rp2_common/pico_cyw43_arch/cyw43_arch_poll.c.obj
                0x100017b0                cyw43_schedule_internal_poll_dispatch
 .text.cyw43_arch_poll
                0x100017bc       0x78 CMakeFiles/automation2040w_takeover.dir/C_/Users/ben/Documents/GitHub/pico-sdk/src/rp2_common/pico_cyw43_arch/cyw43_arch_poll.c.obj
                0x100017bc                cyw43_arch_poll
 .text.startup._retrieve_unique_id_on_boot
                0x10001834       0x10 CMakeFiles/automation2040w_takeover.dir/C_/Users/ben/Documents/GitHub/pico-sdk/src/rp2_common/pico_unique_id/unique_id.c.obj
 .text.pico_get_unique_board_id
                0x10001844       0x10 CMakeFiles/automation2040w_takeover.dir/C_/Users/ben/Documents/GitHub/pico-sdk/src/rp2_common/pico_unique_id/unique_id.c.obj
                0x10001844                pico_get_unique_board_id
 .text.pico_get_unique_board_id_string
                0x10001854      0x1a8 CMakeFiles/automation2040w_takeover.dir/C_/Users/ben/Documents/GitHub/pico-sdk/src/rp2_common/pico_unique_id/unique_id.c.obj
                0x10001854                pico_get_unique_board_id_string
 .text.flash_get_unique_id
                0x100019fc       0x40 CMakeFiles/automation2040w_takeover.dir/C_/Users/ben/Documents/GitHub/pico-sdk/src/rp2_common/hardware_flash/flash.c.obj
                0x100019fc                flash_get_unique_id
 .text.hw_claim_lock
                0x10001a3c       0x18 CMakeFiles/automation2040w_takeover.dir/C_/Users/ben/Documents/GitHub/pico-sdk/src/rp2_common/hardware_claim/claim.c.obj
                0x10001a3c                hw_claim_lock
 .text.hw_claim_unlock
                0x10001a54       0x14 CMakeFiles/automation2040w_takeover.dir/C_/Users/ben/Documents/GitHub/pico-sdk/src/rp2_common/hardware_claim/claim.c.obj
                0x10001a54                hw_claim_unlock
 .text.hw_claim_or_assert
                0x10001a68       0x44 CMakeFiles/automation2040w_takeover.dir/C_/Users/ben/Documents/GitHub/pico-sdk/src/rp2_common/hardware_claim/claim.c.obj
                0x10001a68                hw_claim_or_assert
 .text.hw_claim_unused_from_range
                0x10001aac       0x9c CMakeFiles/automation2040w_takeover.dir/C_/Users/ben/Documents/GitHub/pico-sdk/src/rp2_common/hardware_claim/claim.c.obj
                0x10001aac                hw_claim_unused_from_range
 .text.hw_claim_clear
                0x10001b48       0x38 CMakeFiles/automation2040w_takeover.dir/C_/Users/ben/Documents/GitHub/pico-sdk/src/rp2_common/hardware_claim/claim.c.obj
                0x10001b48                hw_claim_clear
 .text.running_on_fpga
                0x10001b80       0x10 CMakeFiles/automation2040w_takeover.dir/C_/Users/ben/Documents/GitHub/pico-sdk/src/rp2_common/pico_platform/platform.c.obj
                0x10001b80                running_on_fpga
 .text.spin_locks_reset
                0x10001b90       0x1c CMakeFiles/automation2040w_takeover.dir/C_/Users/ben/Documents/GitHub/pico-sdk/src/rp2_common/hardware_sync/sync.c.obj
                0x10001b90                spin_locks_reset
 .text.next_striped_spin_lock_num
                0x10001bac       0x18 CMakeFiles/automation2040w_takeover.dir/C_/Users/ben/Documents/GitHub/pico-sdk/src/rp2_common/hardware_sync/sync.c.obj
                0x10001bac                next_striped_spin_lock_num
 .text.spin_lock_claim_unused
                0x10001bc4       0x20 CMakeFiles/automation2040w_takeover.dir/C_/Users/ben/Documents/GitHub/pico-sdk/src/rp2_common/hardware_sync/sync.c.obj
                0x10001bc4                spin_lock_claim_unused
 .text.rom_func_lookup
                0x10001be4       0x10 CMakeFiles/automation2040w_takeover.dir/C_/Users/ben/Documents/GitHub/pico-sdk/src/rp2_common/pico_bootrom/bootrom.c.obj
                0x10001be4                rom_func_lookup
 .text.rom_data_lookup
                0x10001bf4       0x10 CMakeFiles/automation2040w_takeover.dir/C_/Users/ben/Documents/GitHub/pico-sdk/src/rp2_common/pico_bootrom/bootrom.c.obj
                0x10001bf4                rom_data_lookup
 .text.rom_funcs_lookup
                0x10001c04       0x44 CMakeFiles/automation2040w_takeover.dir/C_/Users/ben/Documents/GitHub/pico-sdk/src/rp2_common/pico_bootrom/bootrom.c.obj
                0x10001c04                rom_funcs_lookup
 .text.ns_delay.constprop.0
                0x10001c48       0x20 CMakeFiles/automation2040w_takeover.dir/C_/Users/ben/Documents/GitHub/pico-sdk/src/rp2_common/cyw43_driver/cyw43_bus_pio_spi.c.obj
 .text.cyw43_spi_init
                0x10001c68      0x1c8 CMakeFiles/automation2040w_takeover.dir/C_/Users/ben/Documents/GitHub/pico-sdk/src/rp2_common/cyw43_driver/cyw43_bus_pio_spi.c.obj
                0x10001c68                cyw43_spi_init
 .text.cyw43_spi_deinit
                0x10001e30       0x6c CMakeFiles/automation2040w_takeover.dir/C_/Users/ben/Documents/GitHub/pico-sdk/src/rp2_common/cyw43_driver/cyw43_bus_pio_spi.c.obj
                0x10001e30                cyw43_spi_deinit
 .text.cyw43_spi_transfer
                0x10001e9c      0x3ac CMakeFiles/automation2040w_takeover.dir/C_/Users/ben/Documents/GitHub/pico-sdk/src/rp2_common/cyw43_driver/cyw43_bus_pio_spi.c.obj
                0x10001e9c                cyw43_spi_transfer
 .text.cyw43_spi_gpio_setup
                0x10002248       0x3c CMakeFiles/automation2040w_takeover.dir/C_/Users/ben/Documents/GitHub/pico-sdk/src/rp2_common/cyw43_driver/cyw43_bus_pio_spi.c.obj
                0x10002248                cyw43_spi_gpio_setup
 .text.cyw43_spi_reset
                0x10002284       0x28 CMakeFiles/automation2040w_takeover.dir/C_/Users/ben/Documents/GitHub/pico-sdk/src/rp2_common/cyw43_driver/cyw43_bus_pio_spi.c.obj
                0x10002284                cyw43_spi_reset
 .text.read_reg_u32_swap
                0x100022ac       0x3c CMakeFiles/automation2040w_takeover.dir/C_/Users/ben/Documents/GitHub/pico-sdk/src/rp2_common/cyw43_driver/cyw43_bus_pio_spi.c.obj
                0x100022ac                read_reg_u32_swap
 .text.cyw43_read_reg_u32
                0x100022e8       0x6c CMakeFiles/automation2040w_takeover.dir/C_/Users/ben/Documents/GitHub/pico-sdk/src/rp2_common/cyw43_driver/cyw43_bus_pio_spi.c.obj
                0x100022e8                cyw43_read_reg_u32
 .text.cyw43_read_reg_u16
                0x10002354       0x6c CMakeFiles/automation2040w_takeover.dir/C_/Users/ben/Documents/GitHub/pico-sdk/src/rp2_common/cyw43_driver/cyw43_bus_pio_spi.c.obj
                0x10002354                cyw43_read_reg_u16
 .text.cyw43_read_reg_u8
                0x100023c0       0x6c CMakeFiles/automation2040w_takeover.dir/C_/Users/ben/Documents/GitHub/pico-sdk/src/rp2_common/cyw43_driver/cyw43_bus_pio_spi.c.obj
                0x100023c0                cyw43_read_reg_u8
 .text.write_reg_u32_swap
                0x1000242c      0x1c4 CMakeFiles/automation2040w_takeover.dir/C_/Users/ben/Documents/GitHub/pico-sdk/src/rp2_common/cyw43_driver/cyw43_bus_pio_spi.c.obj
                0x1000242c                write_reg_u32_swap
 .text.cyw43_write_reg_u32
                0x100025f0      0x1e8 CMakeFiles/automation2040w_takeover.dir/C_/Users/ben/Documents/GitHub/pico-sdk/src/rp2_common/cyw43_driver/cyw43_bus_pio_spi.c.obj
                0x100025f0                cyw43_write_reg_u32
 .text.cyw43_write_reg_u16
                0x100027d8      0x1e8 CMakeFiles/automation2040w_takeover.dir/C_/Users/ben/Documents/GitHub/pico-sdk/src/rp2_common/cyw43_driver/cyw43_bus_pio_spi.c.obj
                0x100027d8                cyw43_write_reg_u16
 .text.cyw43_write_reg_u8
                0x100029c0      0x1e8 CMakeFiles/automation2040w_takeover.dir/C_/Users/ben/Documents/GitHub/pico-sdk/src/rp2_common/cyw43_driver/cyw43_bus_pio_spi.c.obj
                0x100029c0                cyw43_write_reg_u8
 .text.cyw43_read_bytes
                0x10002ba8       0x8c CMakeFiles/automation2040w_takeover.dir/C_/Users/ben/Documents/GitHub/pico-sdk/src/rp2_common/cyw43_driver/cyw43_bus_pio_spi.c.obj
                0x10002ba8                cyw43_read_bytes
 .text.cyw43_write_bytes
                0x10002c34       0xd8 CMakeFiles/automation2040w_takeover.dir/C_/Users/ben/Documents/GitHub/pico-sdk/src/rp2_common/cyw43_driver/cyw43_bus_pio_spi.c.obj
                0x10002c34                cyw43_write_bytes
 .text.cyw43_set_backplane_window
                0x10002d0c       0x64 CMakeFiles/automation2040w_takeover.dir/C_/Users/ben/Documents/GitHub/pico-sdk/lib/cyw43-driver/src/cyw43_ll.c.obj
 .text.cyw43_ll_parse_async_event
                0x10002d70      0x13c CMakeFiles/automation2040w_takeover.dir/C_/Users/ben/Documents/GitHub/pico-sdk/lib/cyw43-driver/src/cyw43_ll.c.obj
 .text.cyw43_kso_set
                0x10002eac       0xa0 CMakeFiles/automation2040w_takeover.dir/C_/Users/ben/Documents/GitHub/pico-sdk/lib/cyw43-driver/src/cyw43_ll.c.obj
 .text.cyw43_ll_sdpcm_poll_device
                0x10002f4c      0x244 CMakeFiles/automation2040w_takeover.dir/C_/Users/ben/Documents/GitHub/pico-sdk/lib/cyw43-driver/src/cyw43_ll.c.obj
 .text.cyw43_sdpcm_send_common
                0x10003190       0xf4 CMakeFiles/automation2040w_takeover.dir/C_/Users/ben/Documents/GitHub/pico-sdk/lib/cyw43-driver/src/cyw43_ll.c.obj
 .text.cyw43_do_ioctl
                0x10003284      0x124 CMakeFiles/automation2040w_takeover.dir/C_/Users/ben/Documents/GitHub/pico-sdk/lib/cyw43-driver/src/cyw43_ll.c.obj
 .text.cyw43_do_ioctl.constprop.0
                0x100033a8      0x120 CMakeFiles/automation2040w_takeover.dir/C_/Users/ben/Documents/GitHub/pico-sdk/lib/cyw43-driver/src/cyw43_ll.c.obj
 .text.reset_device_core.constprop.0
                0x100034c8      0x3f0 CMakeFiles/automation2040w_takeover.dir/C_/Users/ben/Documents/GitHub/pico-sdk/lib/cyw43-driver/src/cyw43_ll.c.obj
 .text.cyw43_ll_init
                0x100038b8       0x18 CMakeFiles/automation2040w_takeover.dir/C_/Users/ben/Documents/GitHub/pico-sdk/lib/cyw43-driver/src/cyw43_ll.c.obj
                0x100038b8                cyw43_ll_init
 .text.cyw43_ll_deinit
                0x100038d0        0x8 CMakeFiles/automation2040w_takeover.dir/C_/Users/ben/Documents/GitHub/pico-sdk/lib/cyw43-driver/src/cyw43_ll.c.obj
                0x100038d0                cyw43_ll_deinit
 .text.cyw43_ll_send_ethernet
                0x100038d8       0x60 CMakeFiles/automation2040w_takeover.dir/C_/Users/ben/Documents/GitHub/pico-sdk/lib/cyw43-driver/src/cyw43_ll.c.obj
                0x100038d8                cyw43_ll_send_ethernet
 .text.cyw43_ll_process_packets
                0x10003938       0x68 CMakeFiles/automation2040w_takeover.dir/C_/Users/ben/Documents/GitHub/pico-sdk/lib/cyw43-driver/src/cyw43_ll.c.obj
                0x10003938                cyw43_ll_process_packets
 .text.cyw43_ll_ioctl
                0x100039a0       0x20 CMakeFiles/automation2040w_takeover.dir/C_/Users/ben/Documents/GitHub/pico-sdk/lib/cyw43-driver/src/cyw43_ll.c.obj
                0x100039a0                cyw43_ll_ioctl
 .text.cyw43_ll_bus_sleep
                0x100039c0       0x34 CMakeFiles/automation2040w_takeover.dir/C_/Users/ben/Documents/GitHub/pico-sdk/lib/cyw43-driver/src/cyw43_ll.c.obj
                0x100039c0                cyw43_ll_bus_sleep
 .text.cyw43_ll_bus_init
                0x100039f4      0xcb8 CMakeFiles/automation2040w_takeover.dir/C_/Users/ben/Documents/GitHub/pico-sdk/lib/cyw43-driver/src/cyw43_ll.c.obj
                0x100039f4                cyw43_ll_bus_init
 .text.cyw43_ll_wifi_on
                0x100046ac      0x2b0 CMakeFiles/automation2040w_takeover.dir/C_/Users/ben/Documents/GitHub/pico-sdk/lib/cyw43-driver/src/cyw43_ll.c.obj
                0x100046ac                cyw43_ll_wifi_on
 .text.cyw43_ll_wifi_get_mac
                0x1000495c       0x44 CMakeFiles/automation2040w_takeover.dir/C_/Users/ben/Documents/GitHub/pico-sdk/lib/cyw43-driver/src/cyw43_ll.c.obj
                0x1000495c                cyw43_ll_wifi_get_mac
 .text.cyw43_ll_wifi_pm
                0x100049a0      0x194 CMakeFiles/automation2040w_takeover.dir/C_/Users/ben/Documents/GitHub/pico-sdk/lib/cyw43-driver/src/cyw43_ll.c.obj
                0x100049a0                cyw43_ll_wifi_pm
 .text.cyw43_ll_wifi_set_wpa_auth
                0x10004b34       0x2c CMakeFiles/automation2040w_takeover.dir/C_/Users/ben/Documents/GitHub/pico-sdk/lib/cyw43-driver/src/cyw43_ll.c.obj
                0x10004b34                cyw43_ll_wifi_set_wpa_auth
 .text.cyw43_ll_wifi_rejoin
                0x10004b60       0x1c CMakeFiles/automation2040w_takeover.dir/C_/Users/ben/Documents/GitHub/pico-sdk/lib/cyw43-driver/src/cyw43_ll.c.obj
                0x10004b60                cyw43_ll_wifi_rejoin
 .text.cyw43_ll_wifi_ap_init
                0x10004b7c      0x2c4 CMakeFiles/automation2040w_takeover.dir/C_/Users/ben/Documents/GitHub/pico-sdk/lib/cyw43-driver/src/cyw43_ll.c.obj
                0x10004b7c                cyw43_ll_wifi_ap_init
 .text.cyw43_ll_wifi_ap_set_up
                0x10004e40       0x54 CMakeFiles/automation2040w_takeover.dir/C_/Users/ben/Documents/GitHub/pico-sdk/lib/cyw43-driver/src/cyw43_ll.c.obj
                0x10004e40                cyw43_ll_wifi_ap_set_up
 .text.cyw43_ll_gpio_set
                0x10004e94       0x6c CMakeFiles/automation2040w_takeover.dir/C_/Users/ben/Documents/GitHub/pico-sdk/lib/cyw43-driver/src/cyw43_ll.c.obj
                0x10004e94                cyw43_ll_gpio_set
 .text.cyw43_ll_gpio_get
                0x10004f00       0x6c CMakeFiles/automation2040w_takeover.dir/C_/Users/ben/Documents/GitHub/pico-sdk/lib/cyw43-driver/src/cyw43_ll.c.obj
                0x10004f00                cyw43_ll_gpio_get
 .text.cyw43_ll_has_work
                0x10004f6c       0x14 CMakeFiles/automation2040w_takeover.dir/C_/Users/ben/Documents/GitHub/pico-sdk/lib/cyw43-driver/src/cyw43_ll.c.obj
                0x10004f6c                cyw43_ll_has_work
 .text.cyw43_netif_init
                0x10004f80       0x3c CMakeFiles/automation2040w_takeover.dir/C_/Users/ben/Documents/GitHub/pico-sdk/lib/cyw43-driver/src/cyw43_lwip.c.obj
 .text.cyw43_netif_output
                0x10004fbc       0x34 CMakeFiles/automation2040w_takeover.dir/C_/Users/ben/Documents/GitHub/pico-sdk/lib/cyw43-driver/src/cyw43_lwip.c.obj
 .text.cyw43_cb_tcpip_init
                0x10004ff0       0xfc CMakeFiles/automation2040w_takeover.dir/C_/Users/ben/Documents/GitHub/pico-sdk/lib/cyw43-driver/src/cyw43_lwip.c.obj
                0x10004ff0                cyw43_cb_tcpip_init
 .text.cyw43_cb_tcpip_deinit
                0x100050ec       0x4c CMakeFiles/automation2040w_takeover.dir/C_/Users/ben/Documents/GitHub/pico-sdk/lib/cyw43-driver/src/cyw43_lwip.c.obj
                0x100050ec                cyw43_cb_tcpip_deinit
 .text.cyw43_cb_process_ethernet
                0x10005138       0x68 CMakeFiles/automation2040w_takeover.dir/C_/Users/ben/Documents/GitHub/pico-sdk/lib/cyw43-driver/src/cyw43_lwip.c.obj
                0x10005138                cyw43_cb_process_ethernet
 .text.cyw43_cb_tcpip_set_link_up
                0x100051a0       0x18 CMakeFiles/automation2040w_takeover.dir/C_/Users/ben/Documents/GitHub/pico-sdk/lib/cyw43-driver/src/cyw43_lwip.c.obj
                0x100051a0                cyw43_cb_tcpip_set_link_up
 .text.cyw43_cb_tcpip_set_link_down
                0x100051b8       0x18 CMakeFiles/automation2040w_takeover.dir/C_/Users/ben/Documents/GitHub/pico-sdk/lib/cyw43-driver/src/cyw43_lwip.c.obj
                0x100051b8                cyw43_cb_tcpip_set_link_down
 .text.cyw43_poll_func
                0x100051d0       0xbc CMakeFiles/automation2040w_takeover.dir/C_/Users/ben/Documents/GitHub/pico-sdk/lib/cyw43-driver/src/cyw43_ctrl.c.obj
 .text.cyw43_init
                0x1000528c       0x6c CMakeFiles/automation2040w_takeover.dir/C_/Users/ben/Documents/GitHub/pico-sdk/lib/cyw43-driver/src/cyw43_ctrl.c.obj
                0x1000528c                cyw43_init
 .text.cyw43_deinit
                0x100052f8       0x84 CMakeFiles/automation2040w_takeover.dir/C_/Users/ben/Documents/GitHub/pico-sdk/lib/cyw43-driver/src/cyw43_ctrl.c.obj
                0x100052f8                cyw43_deinit
 .text.cyw43_cb_read_host_interrupt_pin
                0x1000537c        0xc CMakeFiles/automation2040w_takeover.dir/C_/Users/ben/Documents/GitHub/pico-sdk/lib/cyw43-driver/src/cyw43_ctrl.c.obj
                0x1000537c                cyw43_cb_read_host_interrupt_pin
 .text.cyw43_cb_ensure_awake
                0x10005388        0xc CMakeFiles/automation2040w_takeover.dir/C_/Users/ben/Documents/GitHub/pico-sdk/lib/cyw43-driver/src/cyw43_ctrl.c.obj
                0x10005388                cyw43_cb_ensure_awake
 .text.cyw43_cb_process_async_event
                0x10005394      0x238 CMakeFiles/automation2040w_takeover.dir/C_/Users/ben/Documents/GitHub/pico-sdk/lib/cyw43-driver/src/cyw43_ctrl.c.obj
                0x10005394                cyw43_cb_process_async_event
 .text.cyw43_send_ethernet
                0x100055cc       0xc0 CMakeFiles/automation2040w_takeover.dir/C_/Users/ben/Documents/GitHub/pico-sdk/lib/cyw43-driver/src/cyw43_ctrl.c.obj
                0x100055cc                cyw43_send_ethernet
 .text.cyw43_wifi_get_mac
                0x1000568c       0x10 CMakeFiles/automation2040w_takeover.dir/C_/Users/ben/Documents/GitHub/pico-sdk/lib/cyw43-driver/src/cyw43_ctrl.c.obj
                0x1000568c                cyw43_wifi_get_mac
 .text.cyw43_wifi_set_up
                0x1000569c      0x2c8 CMakeFiles/automation2040w_takeover.dir/C_/Users/ben/Documents/GitHub/pico-sdk/lib/cyw43-driver/src/cyw43_ctrl.c.obj
                0x1000569c                cyw43_wifi_set_up
 .text.cyw43_gpio_set
                0x10005964       0x94 CMakeFiles/automation2040w_takeover.dir/C_/Users/ben/Documents/GitHub/pico-sdk/lib/cyw43-driver/src/cyw43_ctrl.c.obj
                0x10005964                cyw43_gpio_set
 .text.cyw43_gpio_get
                0x100059f8       0x94 CMakeFiles/automation2040w_takeover.dir/C_/Users/ben/Documents/GitHub/pico-sdk/lib/cyw43-driver/src/cyw43_ctrl.c.obj
                0x100059f8                cyw43_gpio_get
 .text.gpio_set_function
                0x10005a8c       0x30 CMakeFiles/automation2040w_takeover.dir/C_/Users/ben/Documents/GitHub/pico-sdk/src/rp2_common/hardware_gpio/gpio.c.obj
                0x10005a8c                gpio_set_function
 .text.gpio_set_pulls
                0x10005abc       0x30 CMakeFiles/automation2040w_takeover.dir/C_/Users/ben/Documents/GitHub/pico-sdk/src/rp2_common/hardware_gpio/gpio.c.obj
                0x10005abc                gpio_set_pulls
 .text.gpio_set_input_hysteresis_enabled
                0x10005aec       0x28 CMakeFiles/automation2040w_takeover.dir/C_/Users/ben/Documents/GitHub/pico-sdk/src/rp2_common/hardware_gpio/gpio.c.obj
                0x10005aec                gpio_set_input_hysteresis_enabled
 .text.gpio_set_irq_enabled
                0x10005b14       0x54 CMakeFiles/automation2040w_takeover.dir/C_/Users/ben/Documents/GitHub/pico-sdk/src/rp2_common/hardware_gpio/gpio.c.obj
                0x10005b14                gpio_set_irq_enabled
 .text.gpio_add_raw_irq_handler_with_order_priority_masked
                0x10005b68       0x44 CMakeFiles/automation2040w_takeover.dir/C_/Users/ben/Documents/GitHub/pico-sdk/src/rp2_common/hardware_gpio/gpio.c.obj
                0x10005b68                gpio_add_raw_irq_handler_with_order_priority_masked
 .text.gpio_remove_raw_irq_handler_masked
                0x10005bac       0x20 CMakeFiles/automation2040w_takeover.dir/C_/Users/ben/Documents/GitHub/pico-sdk/src/rp2_common/hardware_gpio/gpio.c.obj
                0x10005bac                gpio_remove_raw_irq_handler_masked
 .text.gpio_set_input_enabled
                0x10005bcc       0x28 CMakeFiles/automation2040w_takeover.dir/C_/Users/ben/Documents/GitHub/pico-sdk/src/rp2_common/hardware_gpio/gpio.c.obj
                0x10005bcc                gpio_set_input_enabled
 .text.gpio_init
                0x10005bf4       0x3c CMakeFiles/automation2040w_takeover.dir/C_/Users/ben/Documents/GitHub/pico-sdk/src/rp2_common/hardware_gpio/gpio.c.obj
                0x10005bf4                gpio_init
 .text.irq_set_enabled
                0x10005c30       0x24 CMakeFiles/automation2040w_takeover.dir/C_/Users/ben/Documents/GitHub/pico-sdk/src/rp2_common/hardware_irq/irq.c.obj
                0x10005c30                irq_set_enabled
 .text.irq_set_pending
                0x10005c54       0x10 CMakeFiles/automation2040w_takeover.dir/C_/Users/ben/Documents/GitHub/pico-sdk/src/rp2_common/hardware_irq/irq.c.obj
                0x10005c54                irq_set_pending
 .text.irq_has_shared_handler
                0x10005c64       0x2c CMakeFiles/automation2040w_takeover.dir/C_/Users/ben/Documents/GitHub/pico-sdk/src/rp2_common/hardware_irq/irq.c.obj
                0x10005c64                irq_has_shared_handler
 .text.irq_get_vtable_handler
                0x10005c90       0x10 CMakeFiles/automation2040w_takeover.dir/C_/Users/ben/Documents/GitHub/pico-sdk/src/rp2_common/hardware_irq/irq.c.obj
                0x10005c90                irq_get_vtable_handler
 .text.irq_set_exclusive_handler
                0x10005ca0       0x54 CMakeFiles/automation2040w_takeover.dir/C_/Users/ben/Documents/GitHub/pico-sdk/src/rp2_common/hardware_irq/irq.c.obj
                0x10005ca0                irq_set_exclusive_handler
 .text.irq_add_shared_handler
                0x10005cf4      0x1e4 CMakeFiles/automation2040w_takeover.dir/C_/Users/ben/Documents/GitHub/pico-sdk/src/rp2_common/hardware_irq/irq.c.obj
                0x10005cf4                irq_add_shared_handler
 .text.irq_remove_handler
                0x10005ed8      0x1b4 CMakeFiles/automation2040w_takeover.dir/C_/Users/ben/Documents/GitHub/pico-sdk/src/rp2_common/hardware_irq/irq.c.obj
                0x10005ed8                irq_remove_handler
 .text.irq_add_tail_to_free_list
                0x1000608c       0xb4 CMakeFiles/automation2040w_takeover.dir/C_/Users/ben/Documents/GitHub/pico-sdk/src/rp2_common/hardware_irq/irq.c.obj
                0x1000608c                irq_add_tail_to_free_list
 .text.irq_init_priorities
                0x10006140       0x24 CMakeFiles/automation2040w_takeover.dir/C_/Users/ben/Documents/GitHub/pico-sdk/src/rp2_common/hardware_irq/irq.c.obj
                0x10006140                irq_init_priorities
 .text.user_irq_claim_unused
                0x10006164       0x30 CMakeFiles/automation2040w_takeover.dir/C_/Users/ben/Documents/GitHub/pico-sdk/src/rp2_common/hardware_irq/irq.c.obj
                0x10006164                user_irq_claim_unused
 .text.lock_init
                0x10006194       0x10 CMakeFiles/automation2040w_takeover.dir/C_/Users/ben/Documents/GitHub/pico-sdk/src/common/pico_sync/lock_core.c.obj
                0x10006194                lock_init
 .text.timer_pool_entry_comparator
                0x100061a4       0x34 CMakeFiles/automation2040w_takeover.dir/C_/Users/ben/Documents/GitHub/pico-sdk/src/common/pico_time/time.c.obj
                0x100061a4                timer_pool_entry_comparator
 .text.sleep_until_callback
                0x100061d8       0x30 CMakeFiles/automation2040w_takeover.dir/C_/Users/ben/Documents/GitHub/pico-sdk/src/common/pico_time/time.c.obj
 .text.add_alarm_under_lock.isra.0
                0x10006208      0x100 CMakeFiles/automation2040w_takeover.dir/C_/Users/ben/Documents/GitHub/pico-sdk/src/common/pico_time/time.c.obj
 .text.alarm_pool_alarm_callback
                0x10006308      0x1c8 CMakeFiles/automation2040w_takeover.dir/C_/Users/ben/Documents/GitHub/pico-sdk/src/common/pico_time/time.c.obj
 .text.alarm_pool_add_alarm_at.constprop.0
                0x100064d0      0x11c CMakeFiles/automation2040w_takeover.dir/C_/Users/ben/Documents/GitHub/pico-sdk/src/common/pico_time/time.c.obj
 .text.alarm_pool_init_default
                0x100065ec       0x64 CMakeFiles/automation2040w_takeover.dir/C_/Users/ben/Documents/GitHub/pico-sdk/src/common/pico_time/time.c.obj
                0x100065ec                alarm_pool_init_default
 .text.alarm_pool_get_default
                0x10006650        0x8 CMakeFiles/automation2040w_takeover.dir/C_/Users/ben/Documents/GitHub/pico-sdk/src/common/pico_time/time.c.obj
                0x10006650                alarm_pool_get_default
 .text.alarm_pool_add_alarm_at
                0x10006658      0x198 CMakeFiles/automation2040w_takeover.dir/C_/Users/ben/Documents/GitHub/pico-sdk/src/common/pico_time/time.c.obj
                0x10006658                alarm_pool_add_alarm_at
 .text.sleep_until
                0x100067f0       0xac CMakeFiles/automation2040w_takeover.dir/C_/Users/ben/Documents/GitHub/pico-sdk/src/common/pico_time/time.c.obj
                0x100067f0                sleep_until
 .text.sleep_us
                0x1000689c       0x30 CMakeFiles/automation2040w_takeover.dir/C_/Users/ben/Documents/GitHub/pico-sdk/src/common/pico_time/time.c.obj
                0x1000689c                sleep_us
 .text.sleep_ms
                0x100068cc       0x38 CMakeFiles/automation2040w_takeover.dir/C_/Users/ben/Documents/GitHub/pico-sdk/src/common/pico_time/time.c.obj
                0x100068cc                sleep_ms
 .text.best_effort_wfe_or_timeout
                0x10006904       0xd4 CMakeFiles/automation2040w_takeover.dir/C_/Users/ben/Documents/GitHub/pico-sdk/src/common/pico_time/time.c.obj
                0x10006904                best_effort_wfe_or_timeout
 .text.hardware_alarm_irq_handler
                0x100069d8       0xb8 CMakeFiles/automation2040w_takeover.dir/C_/Users/ben/Documents/GitHub/pico-sdk/src/rp2_common/hardware_timer/timer.c.obj
 .text.hardware_alarm_claim
                0x10006a90       0x18 CMakeFiles/automation2040w_takeover.dir/C_/Users/ben/Documents/GitHub/pico-sdk/src/rp2_common/hardware_timer/timer.c.obj
                0x10006a90                hardware_alarm_claim
 .text.time_us_64
                0x10006aa8       0x14 CMakeFiles/automation2040w_takeover.dir/C_/Users/ben/Documents/GitHub/pico-sdk/src/rp2_common/hardware_timer/timer.c.obj
                0x10006aa8                time_us_64
 .text.busy_wait_until
                0x10006abc       0x20 CMakeFiles/automation2040w_takeover.dir/C_/Users/ben/Documents/GitHub/pico-sdk/src/rp2_common/hardware_timer/timer.c.obj
                0x10006abc                busy_wait_until
 .text.hardware_alarm_set_callback
                0x10006adc       0x8c CMakeFiles/automation2040w_takeover.dir/C_/Users/ben/Documents/GitHub/pico-sdk/src/rp2_common/hardware_timer/timer.c.obj
                0x10006adc                hardware_alarm_set_callback
 .text.hardware_alarm_set_target
                0x10006b68       0xe0 CMakeFiles/automation2040w_takeover.dir/C_/Users/ben/Documents/GitHub/pico-sdk/src/rp2_common/hardware_timer/timer.c.obj
                0x10006b68                hardware_alarm_set_target
 .text.hardware_alarm_cancel
                0x10006c48       0x3c CMakeFiles/automation2040w_takeover.dir/C_/Users/ben/Documents/GitHub/pico-sdk/src/rp2_common/hardware_timer/timer.c.obj
                0x10006c48                hardware_alarm_cancel
 .text.ph_merge_nodes
                0x10006c84       0x68 CMakeFiles/automation2040w_takeover.dir/C_/Users/ben/Documents/GitHub/pico-sdk/src/common/pico_util/pheap.c.obj
 .text.ph_post_alloc_init
                0x10006cec       0x3c CMakeFiles/automation2040w_takeover.dir/C_/Users/ben/Documents/GitHub/pico-sdk/src/common/pico_util/pheap.c.obj
                0x10006cec                ph_post_alloc_init
 .text.ph_merge_two_pass
                0x10006d28       0x90 CMakeFiles/automation2040w_takeover.dir/C_/Users/ben/Documents/GitHub/pico-sdk/src/common/pico_util/pheap.c.obj
                0x10006d28                ph_merge_two_pass
 .text.ph_remove_any_head
                0x10006db8       0xf8 CMakeFiles/automation2040w_takeover.dir/C_/Users/ben/Documents/GitHub/pico-sdk/src/common/pico_util/pheap.c.obj
 .text.ph_remove_head
                0x10006eb0       0xfc CMakeFiles/automation2040w_takeover.dir/C_/Users/ben/Documents/GitHub/pico-sdk/src/common/pico_util/pheap.c.obj
                0x10006eb0                ph_remove_head
 .text.ph_remove_and_free_node
                0x10006fac       0x7c CMakeFiles/automation2040w_takeover.dir/C_/Users/ben/Documents/GitHub/pico-sdk/src/common/pico_util/pheap.c.obj
                0x10006fac                ph_remove_and_free_node
 .text.mutex_init
                0x10007028       0x1c CMakeFiles/automation2040w_takeover.dir/C_/Users/ben/Documents/GitHub/pico-sdk/src/common/pico_sync/mutex.c.obj
                0x10007028                mutex_init
 .text.recursive_mutex_init
                0x10007044       0x1c CMakeFiles/automation2040w_takeover.dir/C_/Users/ben/Documents/GitHub/pico-sdk/src/common/pico_sync/mutex.c.obj
                0x10007044                recursive_mutex_init
 .text.critical_section_init
                0x10007060       0x20 CMakeFiles/automation2040w_takeover.dir/C_/Users/ben/Documents/GitHub/pico-sdk/src/common/pico_sync/critical_section.c.obj
                0x10007060                critical_section_init
 .text.runtime_init
                0x10007080       0xf0 CMakeFiles/automation2040w_takeover.dir/C_/Users/ben/Documents/GitHub/pico-sdk/src/rp2_common/pico_runtime/runtime.c.obj
                0x10007080                runtime_init
 .text._sbrk    0x10007170       0x34 CMakeFiles/automation2040w_takeover.dir/C_/Users/ben/Documents/GitHub/pico-sdk/src/rp2_common/pico_runtime/runtime.c.obj
                0x10007170                _sbrk
 .text.exit     0x100071a4        0x4 CMakeFiles/automation2040w_takeover.dir/C_/Users/ben/Documents/GitHub/pico-sdk/src/rp2_common/pico_runtime/runtime.c.obj
                0x100071a4                exit
 .text.__assert_func
                0x100071a8       0x34 CMakeFiles/automation2040w_takeover.dir/C_/Users/ben/Documents/GitHub/pico-sdk/src/rp2_common/pico_runtime/runtime.c.obj
                0x100071a8                __assert_func
 .text.panic    0x100071dc       0x30 CMakeFiles/automation2040w_takeover.dir/C_/Users/ben/Documents/GitHub/pico-sdk/src/rp2_common/pico_runtime/runtime.c.obj
                0x100071dc                panic
 .text.hard_assertion_failure
                0x1000720c        0xc CMakeFiles/automation2040w_takeover.dir/C_/Users/ben/Documents/GitHub/pico-sdk/src/rp2_common/pico_runtime/runtime.c.obj
                0x1000720c                hard_assertion_failure
 .text.clocks_init
                0x10007218      0x2bc CMakeFiles/automation2040w_takeover.dir/C_/Users/ben/Documents/GitHub/pico-sdk/src/rp2_common/hardware_clocks/clocks.c.obj
                0x10007218                clocks_init
 .text.clock_get_hz
                0x100074d4        0xc CMakeFiles/automation2040w_takeover.dir/C_/Users/ben/Documents/GitHub/pico-sdk/src/rp2_common/hardware_clocks/clocks.c.obj
                0x100074d4                clock_get_hz
 .text.pll_init
                0x100074e0       0xb0 CMakeFiles/automation2040w_takeover.dir/C_/Users/ben/Documents/GitHub/pico-sdk/src/rp2_common/hardware_pll/pll.c.obj
                0x100074e0                pll_init
 .text.watchdog_start_tick
                0x10007590       0x10 CMakeFiles/automation2040w_takeover.dir/C_/Users/ben/Documents/GitHub/pico-sdk/src/rp2_common/hardware_watchdog/watchdog.c.obj
                0x10007590                watchdog_start_tick
 .text.watchdog_reboot
                0x100075a0       0x98 CMakeFiles/automation2040w_takeover.dir/C_/Users/ben/Documents/GitHub/pico-sdk/src/rp2_common/hardware_watchdog/watchdog.c.obj
                0x100075a0                watchdog_reboot
 .text.xosc_init
                0x10007638       0x28 CMakeFiles/automation2040w_takeover.dir/C_/Users/ben/Documents/GitHub/pico-sdk/src/rp2_common/hardware_xosc/xosc.c.obj
                0x10007638                xosc_init
 .text._out_buffer
                0x10007660        0x8 CMakeFiles/automation2040w_takeover.dir/C_/Users/ben/Documents/GitHub/pico-sdk/src/rp2_common/pico_printf/printf.c.obj
 .text._out_null
                0x10007668        0x4 CMakeFiles/automation2040w_takeover.dir/C_/Users/ben/Documents/GitHub/pico-sdk/src/rp2_common/pico_printf/printf.c.obj
 .text._out_rev
                0x1000766c       0x9c CMakeFiles/automation2040w_takeover.dir/C_/Users/ben/Documents/GitHub/pico-sdk/src/rp2_common/pico_printf/printf.c.obj
 .text._ntoa_format
                0x10007708      0x1cc CMakeFiles/automation2040w_takeover.dir/C_/Users/ben/Documents/GitHub/pico-sdk/src/rp2_common/pico_printf/printf.c.obj
 .text._out_char
                0x100078d4       0x10 CMakeFiles/automation2040w_takeover.dir/C_/Users/ben/Documents/GitHub/pico-sdk/src/rp2_common/pico_printf/printf.c.obj
 .text._out_fct
                0x100078e4       0x10 CMakeFiles/automation2040w_takeover.dir/C_/Users/ben/Documents/GitHub/pico-sdk/src/rp2_common/pico_printf/printf.c.obj
 .text._etoa    0x100078f4      0x44c CMakeFiles/automation2040w_takeover.dir/C_/Users/ben/Documents/GitHub/pico-sdk/src/rp2_common/pico_printf/printf.c.obj
 .text._ftoa    0x10007d40      0x398 CMakeFiles/automation2040w_takeover.dir/C_/Users/ben/Documents/GitHub/pico-sdk/src/rp2_common/pico_printf/printf.c.obj
 .text._vsnprintf
                0x100080d8      0xb04 CMakeFiles/automation2040w_takeover.dir/C_/Users/ben/Documents/GitHub/pico-sdk/src/rp2_common/pico_printf/printf.c.obj
 .text.__wrap_sprintf
                0x10008bdc       0x28 CMakeFiles/automation2040w_takeover.dir/C_/Users/ben/Documents/GitHub/pico-sdk/src/rp2_common/pico_printf/printf.c.obj
                0x10008bdc                __wrap_sprintf
 .text.__wrap_snprintf
                0x10008c04       0x28 CMakeFiles/automation2040w_takeover.dir/C_/Users/ben/Documents/GitHub/pico-sdk/src/rp2_common/pico_printf/printf.c.obj
                0x10008c04                __wrap_snprintf
 .text.vfctprintf
                0x10008c2c       0x20 CMakeFiles/automation2040w_takeover.dir/C_/Users/ben/Documents/GitHub/pico-sdk/src/rp2_common/pico_printf/printf.c.obj
                0x10008c2c                vfctprintf
 .text.weak_raw_printf
                0x10008c4c       0x40 CMakeFiles/automation2040w_takeover.dir/C_/Users/ben/Documents/GitHub/pico-sdk/src/rp2_common/pico_printf/printf.c.obj
                0x10008c4c                weak_raw_printf
 .text.weak_raw_vprintf
                0x10008c8c       0x30 CMakeFiles/automation2040w_takeover.dir/C_/Users/ben/Documents/GitHub/pico-sdk/src/rp2_common/pico_printf/printf.c.obj
                0x10008c8c                weak_raw_vprintf
 .text          0x10008cbc       0x10 CMakeFiles/automation2040w_takeover.dir/C_/Users/ben/Documents/GitHub/pico-sdk/src/rp2_common/pico_bit_ops/bit_ops_aeabi.S.obj
 .text.ctzsi    0x10008ccc        0xc CMakeFiles/automation2040w_takeover.dir/C_/Users/ben/Documents/GitHub/pico-sdk/src/rp2_common/pico_bit_ops/bit_ops_aeabi.S.obj
                0x10008ccc                __wrap___ctzsi2
 .text.__wrap___aeabi_idiv
                0x10008cd8       0x50 CMakeFiles/automation2040w_takeover.dir/C_/Users/ben/Documents/GitHub/pico-sdk/src/rp2_common/pico_divider/divider.S.obj
                0x10008cd8                __wrap___aeabi_idivmod
                0x10008cd8                divmod_s32s32
                0x10008cd8                div_s32s32
                0x10008cd8                __wrap___aeabi_idiv
                0x10008ce0                divmod_s32s32_unsafe
                0x10008d0c                divmod_s32s32_savestate
 .text.__wrap___aeabi_uidiv
                0x10008d28       0x4c CMakeFiles/automation2040w_takeover.dir/C_/Users/ben/Documents/GitHub/pico-sdk/src/rp2_common/pico_divider/divider.S.obj
                0x10008d28                __wrap___aeabi_uidiv
                0x10008d28                __wrap___aeabi_uidivmod
                0x10008d28                div_u32u32
                0x10008d28                divmod_u32u32
                0x10008d30                divmod_u32u32_unsafe
                0x10008d58                divmod_u32u32_savestate
 .text.__wrap___aeabi_ldiv
                0x10008d74      0x434 CMakeFiles/automation2040w_takeover.dir/C_/Users/ben/Documents/GitHub/pico-sdk/src/rp2_common/pico_divider/divider.S.obj
                0x10008d74                div_s64s64
                0x10008d74                divmod_s64s64
                0x10008d74                __wrap___aeabi_ldivmod
                0x10008dac                divmod_u64u64
                0x10008dac                div_u64u64
                0x10008dac                __wrap___aeabi_uldivmod
                0x10008dbc                divmod_u64u64_savestate
                0x10008de4                divmod_s64s64_unsafe
                0x10008e6c                divmod_u64u64_unsafe
 .text.__wrap___aeabi_darithmetic
                0x100091a8       0x60 CMakeFiles/automation2040w_takeover.dir/C_/Users/ben/Documents/GitHub/pico-sdk/src/rp2_common/pico_double/double_aeabi.S.obj
                0x100091a8                __wrap___aeabi_drsub
                0x100091ae                __wrap___aeabi_dsub
                0x100091b8                __wrap___aeabi_dadd
                0x100091c2                __wrap___aeabi_ddiv
                0x100091f6                __wrap___aeabi_dmul
 .text.__wrap___aeabi_cdcmple
                0x10009208       0x6c CMakeFiles/automation2040w_takeover.dir/C_/Users/ben/Documents/GitHub/pico-sdk/src/rp2_common/pico_double/double_aeabi.S.obj
                0x10009208                __wrap___aeabi_cdrcmple
                0x10009218                __wrap___aeabi_cdcmpeq
                0x10009218                __wrap___aeabi_cdcmple
 .text.__wrap___aeabi_dcmpeq
                0x10009274       0x10 CMakeFiles/automation2040w_takeover.dir/C_/Users/ben/Documents/GitHub/pico-sdk/src/rp2_common/pico_double/double_aeabi.S.obj
                0x10009274                __wrap___aeabi_dcmpeq
 .text.__wrap___aeabi_dcmplt
                0x10009284        0xc CMakeFiles/automation2040w_takeover.dir/C_/Users/ben/Documents/GitHub/pico-sdk/src/rp2_common/pico_double/double_aeabi.S.obj
                0x10009284                __wrap___aeabi_dcmplt
 .text.__wrap___aeabi_dcmple
                0x10009290       0x10 CMakeFiles/automation2040w_takeover.dir/C_/Users/ben/Documents/GitHub/pico-sdk/src/rp2_common/pico_double/double_aeabi.S.obj
                0x10009290                __wrap___aeabi_dcmple
 .text.__wrap___aeabi_dcmpge
                0x100092a0       0x10 CMakeFiles/automation2040w_takeover.dir/C_/Users/ben/Documents/GitHub/pico-sdk/src/rp2_common/pico_double/double_aeabi.S.obj
                0x100092a0                __wrap___aeabi_dcmpge
 .text.__wrap___aeabi_dcmpgt
                0x100092b0        0xa CMakeFiles/automation2040w_takeover.dir/C_/Users/ben/Documents/GitHub/pico-sdk/src/rp2_common/pico_double/double_aeabi.S.obj
                0x100092b0                __wrap___aeabi_dcmpgt
 .text.__wrap___aeabi_dcmpun
                0x100092ba       0x1c CMakeFiles/automation2040w_takeover.dir/C_/Users/ben/Documents/GitHub/pico-sdk/src/rp2_common/pico_double/double_aeabi.S.obj
                0x100092ba                __wrap___aeabi_dcmpun
 *fill*         0x100092d6        0x2 
 .text.__wrap___aeabi_i2d
                0x100092d8       0x38 CMakeFiles/automation2040w_takeover.dir/C_/Users/ben/Documents/GitHub/pico-sdk/src/rp2_common/pico_double/double_aeabi.S.obj
                0x100092d8                __wrap___aeabi_ui2d
                0x100092e0                __wrap___aeabi_i2d
 .text.__wrap___aeabi_d2iz
                0x10009310       0x48 CMakeFiles/automation2040w_takeover.dir/C_/Users/ben/Documents/GitHub/pico-sdk/src/rp2_common/pico_double/double_aeabi.S.obj
                0x10009310                double2int_z
                0x10009310                __wrap___aeabi_d2iz
 .text.__wrap___aeabi_d2uiz
                0x10009358       0x10 CMakeFiles/automation2040w_takeover.dir/C_/Users/ben/Documents/GitHub/pico-sdk/src/rp2_common/pico_double/double_aeabi.S.obj
                0x10009358                __wrap___aeabi_d2uiz
                0x10009358                double2uint
 .text.__wrap___aeabi_l2d
                0x10009368       0x10 CMakeFiles/automation2040w_takeover.dir/C_/Users/ben/Documents/GitHub/pico-sdk/src/rp2_common/pico_double/double_aeabi.S.obj
                0x10009368                __wrap___aeabi_l2d
 .text.__wrap___aeabi_d2lz
                0x10009378       0x26 CMakeFiles/automation2040w_takeover.dir/C_/Users/ben/Documents/GitHub/pico-sdk/src/rp2_common/pico_double/double_aeabi.S.obj
                0x10009378                double2int64_z
                0x10009378                __wrap___aeabi_d2lz
 *fill*         0x1000939e        0x2 
 .text.double2int64
                0x100093a0       0x10 CMakeFiles/automation2040w_takeover.dir/C_/Users/ben/Documents/GitHub/pico-sdk/src/rp2_common/pico_double/double_aeabi.S.obj
                0x100093a0                double2int64
 .text.double2ufix64
                0x100093b0       0x10 CMakeFiles/automation2040w_takeover.dir/C_/Users/ben/Documents/GitHub/pico-sdk/src/rp2_common/pico_double/double_aeabi.S.obj
                0x100093b0                double2ufix64
 .text.__wrap___aeabi_d2f
                0x100093c0       0x10 CMakeFiles/automation2040w_takeover.dir/C_/Users/ben/Documents/GitHub/pico-sdk/src/rp2_common/pico_double/double_aeabi.S.obj
                0x100093c0                __wrap___aeabi_d2f
 .text.missing_double_func_shim
                0x100093d0        0xc CMakeFiles/automation2040w_takeover.dir/C_/Users/ben/Documents/GitHub/pico-sdk/src/rp2_common/pico_double/double_init_rom.c.obj
 .text.__aeabi_double_init
                0x100093dc       0x98 CMakeFiles/automation2040w_takeover.dir/C_/Users/ben/Documents/GitHub/pico-sdk/src/rp2_common/pico_double/double_init_rom.c.obj
                0x100093dc                __aeabi_double_init
 .text.double_table_shim_on_use_helper
                0x10009474       0x2c CMakeFiles/automation2040w_takeover.dir/C_/Users/ben/Documents/GitHub/pico-sdk/src/rp2_common/pico_double/double_v1_rom_shim.S.obj
                0x10009474                double_table_shim_on_use_helper
 .text.__aeabi_lmul
                0x100094a0       0x32 CMakeFiles/automation2040w_takeover.dir/C_/Users/ben/Documents/GitHub/pico-sdk/src/rp2_common/pico_int64_ops/pico_int64_ops_aeabi.S.obj
                0x100094a0                __wrap___aeabi_lmul
 *fill*         0x100094d2        0x2 
 .text.__wrap___aeabi_farithmetic
                0x100094d4       0x48 CMakeFiles/automation2040w_takeover.dir/C_/Users/ben/Documents/GitHub/pico-sdk/src/rp2_common/pico_float/float_aeabi.S.obj
                0x100094d4                __wrap___aeabi_frsub
                0x100094da                __wrap___aeabi_fsub
                0x100094e0                __wrap___aeabi_fadd
                0x100094e6                __wrap___aeabi_fdiv
                0x1000950e                __wrap___aeabi_fmul
 .text.__wrap___aeabi_i2f
                0x1000951c       0x44 CMakeFiles/automation2040w_takeover.dir/C_/Users/ben/Documents/GitHub/pico-sdk/src/rp2_common/pico_float/float_aeabi.S.obj
                0x1000951c                __wrap___aeabi_i2f
 .text.__wrap___aeabi_f2d
                0x10009560        0xc CMakeFiles/automation2040w_takeover.dir/C_/Users/ben/Documents/GitHub/pico-sdk/src/rp2_common/pico_float/float_aeabi.S.obj
                0x10009560                __wrap___aeabi_f2d
 .text.missing_float_func_shim
                0x1000956c        0xc CMakeFiles/automation2040w_takeover.dir/C_/Users/ben/Documents/GitHub/pico-sdk/src/rp2_common/pico_float/float_init_rom.c.obj
 .text.__aeabi_float_init
                0x10009578       0x5c CMakeFiles/automation2040w_takeover.dir/C_/Users/ben/Documents/GitHub/pico-sdk/src/rp2_common/pico_float/float_init_rom.c.obj
                0x10009578                __aeabi_float_init
 .text.__wrap_malloc
                0x100095d4       0x24 CMakeFiles/automation2040w_takeover.dir/C_/Users/ben/Documents/GitHub/pico-sdk/src/rp2_common/pico_malloc/pico_malloc.c.obj
                0x100095d4                __wrap_malloc
 .text.__wrap_calloc
                0x100095f8       0x24 CMakeFiles/automation2040w_takeover.dir/C_/Users/ben/Documents/GitHub/pico-sdk/src/rp2_common/pico_malloc/pico_malloc.c.obj
                0x100095f8                __wrap_calloc
 .text.__wrap_realloc
                0x1000961c       0x24 CMakeFiles/automation2040w_takeover.dir/C_/Users/ben/Documents/GitHub/pico-sdk/src/rp2_common/pico_malloc/pico_malloc.c.obj
                0x1000961c                __wrap_realloc
 .text.__wrap_free
                0x10009640        0x8 CMakeFiles/automation2040w_takeover.dir/C_/Users/ben/Documents/GitHub/pico-sdk/src/rp2_common/pico_malloc/pico_malloc.c.obj
                0x10009640                __wrap_free
 .text          0x10009648       0x10 CMakeFiles/automation2040w_takeover.dir/C_/Users/ben/Documents/GitHub/pico-sdk/src/rp2_common/pico_mem_ops/mem_ops_aeabi.S.obj
                0x10009648                __aeabi_mem_init
 .text.memset   0x10009658        0xc CMakeFiles/automation2040w_takeover.dir/C_/Users/ben/Documents/GitHub/pico-sdk/src/rp2_common/pico_mem_ops/mem_ops_aeabi.S.obj
                0x10009658                __wrap_memset
 .text.memcpy   0x10009664        0xc CMakeFiles/automation2040w_takeover.dir/C_/Users/ben/Documents/GitHub/pico-sdk/src/rp2_common/pico_mem_ops/mem_ops_aeabi.S.obj
                0x10009664                __wrap_memcpy
                0x10009664                __wrap___aeabi_memcpy
 .text.stdio_out_chars_no_crlf
                0x10009670       0x10 CMakeFiles/automation2040w_takeover.dir/C_/Users/ben/Documents/GitHub/pico-sdk/src/rp2_common/pico_stdio/stdio.c.obj
 .text.stdio_out_chars_crlf
                0x10009680       0xb4 CMakeFiles/automation2040w_takeover.dir/C_/Users/ben/Documents/GitHub/pico-sdk/src/rp2_common/pico_stdio/stdio.c.obj
 .text.stdio_buffered_printer
                0x10009734       0x64 CMakeFiles/automation2040w_takeover.dir/C_/Users/ben/Documents/GitHub/pico-sdk/src/rp2_common/pico_stdio/stdio.c.obj
 .text.stdio_put_string.isra.0
                0x10009798       0xfc CMakeFiles/automation2040w_takeover.dir/C_/Users/ben/Documents/GitHub/pico-sdk/src/rp2_common/pico_stdio/stdio.c.obj
 .text.__wrap_putchar
                0x10009894       0xa0 CMakeFiles/automation2040w_takeover.dir/C_/Users/ben/Documents/GitHub/pico-sdk/src/rp2_common/pico_stdio/stdio.c.obj
                0x10009894                __wrap_putchar
 .text.__wrap_puts
                0x10009934       0x3c CMakeFiles/automation2040w_takeover.dir/C_/Users/ben/Documents/GitHub/pico-sdk/src/rp2_common/pico_stdio/stdio.c.obj
                0x10009934                __wrap_puts
 .text.stdio_set_driver_enabled
                0x10009970       0x30 CMakeFiles/automation2040w_takeover.dir/C_/Users/ben/Documents/GitHub/pico-sdk/src/rp2_common/pico_stdio/stdio.c.obj
                0x10009970                stdio_set_driver_enabled
 .text.stdio_flush
                0x100099a0       0x28 CMakeFiles/automation2040w_takeover.dir/C_/Users/ben/Documents/GitHub/pico-sdk/src/rp2_common/pico_stdio/stdio.c.obj
                0x100099a0                stdio_flush
 .text.__wrap_vprintf
                0x100099c8       0xd8 CMakeFiles/automation2040w_takeover.dir/C_/Users/ben/Documents/GitHub/pico-sdk/src/rp2_common/pico_stdio/stdio.c.obj
                0x100099c8                __wrap_vprintf
 .text.__wrap_printf
                0x10009aa0       0x18 CMakeFiles/automation2040w_takeover.dir/C_/Users/ben/Documents/GitHub/pico-sdk/src/rp2_common/pico_stdio/stdio.c.obj
                0x10009aa0                __wrap_printf
 .text.stdio_init_all
                0x10009ab8        0x8 CMakeFiles/automation2040w_takeover.dir/C_/Users/ben/Documents/GitHub/pico-sdk/src/rp2_common/pico_stdio/stdio.c.obj
                0x10009ab8                stdio_init_all
 .text.resetd_init
                0x10009ac0        0x4 CMakeFiles/automation2040w_takeover.dir/C_/Users/ben/Documents/GitHub/pico-sdk/src/rp2_common/pico_stdio_usb/reset_interface.c.obj
 .text.resetd_reset
                0x10009ac4        0xc CMakeFiles/automation2040w_takeover.dir/C_/Users/ben/Documents/GitHub/pico-sdk/src/rp2_common/pico_stdio_usb/reset_interface.c.obj
 .text.resetd_open
                0x10009ad0       0x28 CMakeFiles/automation2040w_takeover.dir/C_/Users/ben/Documents/GitHub/pico-sdk/src/rp2_common/pico_stdio_usb/reset_interface.c.obj
 .text.resetd_xfer_cb
                0x10009af8        0x4 CMakeFiles/automation2040w_takeover.dir/C_/Users/ben/Documents/GitHub/pico-sdk/src/rp2_common/pico_stdio_usb/reset_interface.c.obj
 .text.resetd_control_xfer_cb
                0x10009afc       0x64 CMakeFiles/automation2040w_takeover.dir/C_/Users/ben/Documents/GitHub/pico-sdk/src/rp2_common/pico_stdio_usb/reset_interface.c.obj
 .text.usbd_app_driver_get_cb
                0x10009b60        0xc CMakeFiles/automation2040w_takeover.dir/C_/Users/ben/Documents/GitHub/pico-sdk/src/rp2_common/pico_stdio_usb/reset_interface.c.obj
                0x10009b60                usbd_app_driver_get_cb
 .text.tud_cdc_line_coding_cb
                0x10009b6c       0x34 CMakeFiles/automation2040w_takeover.dir/C_/Users/ben/Documents/GitHub/pico-sdk/src/rp2_common/pico_stdio_usb/reset_interface.c.obj
                0x10009b6c                tud_cdc_line_coding_cb
 .text.stdio_usb_in_chars
                0x10009ba0       0x68 CMakeFiles/automation2040w_takeover.dir/C_/Users/ben/Documents/GitHub/pico-sdk/src/rp2_common/pico_stdio_usb/stdio_usb.c.obj
                0x10009ba0                stdio_usb_in_chars
 .text.stdio_usb_out_chars
                0x10009c08       0xe4 CMakeFiles/automation2040w_takeover.dir/C_/Users/ben/Documents/GitHub/pico-sdk/src/rp2_common/pico_stdio_usb/stdio_usb.c.obj
 .text.timer_task
                0x10009cec       0x18 CMakeFiles/automation2040w_takeover.dir/C_/Users/ben/Documents/GitHub/pico-sdk/src/rp2_common/pico_stdio_usb/stdio_usb.c.obj
 .text.usb_irq  0x10009d04       0x10 CMakeFiles/automation2040w_takeover.dir/C_/Users/ben/Documents/GitHub/pico-sdk/src/rp2_common/pico_stdio_usb/stdio_usb.c.obj
 .text.low_priority_worker_irq
                0x10009d14       0x24 CMakeFiles/automation2040w_takeover.dir/C_/Users/ben/Documents/GitHub/pico-sdk/src/rp2_common/pico_stdio_usb/stdio_usb.c.obj
 .text.stdio_usb_init
                0x10009d38       0xb0 CMakeFiles/automation2040w_takeover.dir/C_/Users/ben/Documents/GitHub/pico-sdk/src/rp2_common/pico_stdio_usb/stdio_usb.c.obj
                0x10009d38                stdio_usb_init
 .text.tud_descriptor_device_cb
                0x10009de8        0x8 CMakeFiles/automation2040w_takeover.dir/C_/Users/ben/Documents/GitHub/pico-sdk/src/rp2_common/pico_stdio_usb/stdio_usb_descriptors.c.obj
                0x10009de8                tud_descriptor_device_cb
 .text.tud_descriptor_configuration_cb
                0x10009df0        0x8 CMakeFiles/automation2040w_takeover.dir/C_/Users/ben/Documents/GitHub/pico-sdk/src/rp2_common/pico_stdio_usb/stdio_usb_descriptors.c.obj
                0x10009df0                tud_descriptor_configuration_cb
 .text.tud_descriptor_string_cb
                0x10009df8       0x74 CMakeFiles/automation2040w_takeover.dir/C_/Users/ben/Documents/GitHub/pico-sdk/src/rp2_common/pico_stdio_usb/stdio_usb_descriptors.c.obj
                0x10009df8                tud_descriptor_string_cb
 .text.dcd_rp2040_irq
                0x10009e6c      0x21c CMakeFiles/automation2040w_takeover.dir/C_/Users/ben/Documents/GitHub/pico-sdk/lib/tinyusb/src/portable/raspberrypi/rp2040/dcd_rp2040.c.obj
 .text.dcd_int_enable
                0x1000a088        0xc CMakeFiles/automation2040w_takeover.dir/C_/Users/ben/Documents/GitHub/pico-sdk/lib/tinyusb/src/portable/raspberrypi/rp2040/dcd_rp2040.c.obj
                0x1000a088                dcd_int_enable
 .text.dcd_set_address
                0x1000a094       0x14 CMakeFiles/automation2040w_takeover.dir/C_/Users/ben/Documents/GitHub/pico-sdk/lib/tinyusb/src/portable/raspberrypi/rp2040/dcd_rp2040.c.obj
                0x1000a094                dcd_set_address
 .text.dcd_connect
                0x1000a0a8       0x10 CMakeFiles/automation2040w_takeover.dir/C_/Users/ben/Documents/GitHub/pico-sdk/lib/tinyusb/src/portable/raspberrypi/rp2040/dcd_rp2040.c.obj
                0x1000a0a8                dcd_connect
 .text.dcd_init
                0x1000a0b8      0x144 CMakeFiles/automation2040w_takeover.dir/C_/Users/ben/Documents/GitHub/pico-sdk/lib/tinyusb/src/portable/raspberrypi/rp2040/dcd_rp2040.c.obj
                0x1000a0b8                dcd_init
 .text.dcd_edpt0_status_complete
                0x1000a1fc       0x1c CMakeFiles/automation2040w_takeover.dir/C_/Users/ben/Documents/GitHub/pico-sdk/lib/tinyusb/src/portable/raspberrypi/rp2040/dcd_rp2040.c.obj
                0x1000a1fc                dcd_edpt0_status_complete
 .text.dcd_edpt_open
                0x1000a218       0xf0 CMakeFiles/automation2040w_takeover.dir/C_/Users/ben/Documents/GitHub/pico-sdk/lib/tinyusb/src/portable/raspberrypi/rp2040/dcd_rp2040.c.obj
                0x1000a218                dcd_edpt_open
 .text.dcd_edpt_close_all
                0x1000a308       0xbc CMakeFiles/automation2040w_takeover.dir/C_/Users/ben/Documents/GitHub/pico-sdk/lib/tinyusb/src/portable/raspberrypi/rp2040/dcd_rp2040.c.obj
                0x1000a308                dcd_edpt_close_all
 .text.dcd_edpt_xfer
                0x1000a3c4       0x24 CMakeFiles/automation2040w_takeover.dir/C_/Users/ben/Documents/GitHub/pico-sdk/lib/tinyusb/src/portable/raspberrypi/rp2040/dcd_rp2040.c.obj
                0x1000a3c4                dcd_edpt_xfer
 .text.dcd_edpt_stall
                0x1000a3e8       0x38 CMakeFiles/automation2040w_takeover.dir/C_/Users/ben/Documents/GitHub/pico-sdk/lib/tinyusb/src/portable/raspberrypi/rp2040/dcd_rp2040.c.obj
                0x1000a3e8                dcd_edpt_stall
 .text.dcd_edpt_clear_stall
                0x1000a420       0x30 CMakeFiles/automation2040w_takeover.dir/C_/Users/ben/Documents/GitHub/pico-sdk/lib/tinyusb/src/portable/raspberrypi/rp2040/dcd_rp2040.c.obj
                0x1000a420                dcd_edpt_clear_stall
 .text._hw_endpoint_buffer_control_update32.part.0.isra.0
                0x1000a450       0x1c CMakeFiles/automation2040w_takeover.dir/C_/Users/ben/Documents/GitHub/pico-sdk/lib/tinyusb/src/portable/raspberrypi/rp2040/rp2040_usb.c.obj
 .text.rp2040_usb_init
                0x1000a46c       0x4c CMakeFiles/automation2040w_takeover.dir/C_/Users/ben/Documents/GitHub/pico-sdk/lib/tinyusb/src/portable/raspberrypi/rp2040/rp2040_usb.c.obj
                0x1000a46c                rp2040_usb_init
 .text.hw_endpoint_reset_transfer
                0x1000a4b8        0xc CMakeFiles/automation2040w_takeover.dir/C_/Users/ben/Documents/GitHub/pico-sdk/lib/tinyusb/src/portable/raspberrypi/rp2040/rp2040_usb.c.obj
                0x1000a4b8                hw_endpoint_reset_transfer
 .text._hw_endpoint_buffer_control_update32
                0x1000a4c4       0x44 CMakeFiles/automation2040w_takeover.dir/C_/Users/ben/Documents/GitHub/pico-sdk/lib/tinyusb/src/portable/raspberrypi/rp2040/rp2040_usb.c.obj
                0x1000a4c4                _hw_endpoint_buffer_control_update32
 .text.hw_endpoint_xfer_start
                0x1000a508      0x138 CMakeFiles/automation2040w_takeover.dir/C_/Users/ben/Documents/GitHub/pico-sdk/lib/tinyusb/src/portable/raspberrypi/rp2040/rp2040_usb.c.obj
                0x1000a508                hw_endpoint_xfer_start
 .text.hw_endpoint_xfer_continue
                0x1000a640      0x1e4 CMakeFiles/automation2040w_takeover.dir/C_/Users/ben/Documents/GitHub/pico-sdk/lib/tinyusb/src/portable/raspberrypi/rp2040/rp2040_usb.c.obj
                0x1000a640                hw_endpoint_xfer_continue
 .text.tud_mounted
                0x1000a824       0x10 CMakeFiles/automation2040w_takeover.dir/C_/Users/ben/Documents/GitHub/pico-sdk/lib/tinyusb/src/device/usbd.c.obj
                0x1000a824                tud_mounted
 .text.tud_suspended
                0x1000a834       0x10 CMakeFiles/automation2040w_takeover.dir/C_/Users/ben/Documents/GitHub/pico-sdk/lib/tinyusb/src/device/usbd.c.obj
                0x1000a834                tud_suspended
 .text.tud_inited
                0x1000a844        0xc CMakeFiles/automation2040w_takeover.dir/C_/Users/ben/Documents/GitHub/pico-sdk/lib/tinyusb/src/device/usbd.c.obj
                0x1000a844                tud_inited
 .text.tud_init
                0x1000a850       0xd8 CMakeFiles/automation2040w_takeover.dir/C_/Users/ben/Documents/GitHub/pico-sdk/lib/tinyusb/src/device/usbd.c.obj
                0x1000a850                tud_init
 .text.tud_task
                0x1000a928      0x8ec CMakeFiles/automation2040w_takeover.dir/C_/Users/ben/Documents/GitHub/pico-sdk/lib/tinyusb/src/device/usbd.c.obj
                0x1000a928                tud_task
 .text.dcd_event_bus_signal
                0x1000b214      0x120 CMakeFiles/automation2040w_takeover.dir/C_/Users/ben/Documents/GitHub/pico-sdk/lib/tinyusb/src/device/usbd.c.obj
                0x1000b214                dcd_event_bus_signal
 .text.dcd_event_bus_reset
                0x1000b334       0x54 CMakeFiles/automation2040w_takeover.dir/C_/Users/ben/Documents/GitHub/pico-sdk/lib/tinyusb/src/device/usbd.c.obj
                0x1000b334                dcd_event_bus_reset
 .text.dcd_event_setup_received
                0x1000b388       0x50 CMakeFiles/automation2040w_takeover.dir/C_/Users/ben/Documents/GitHub/pico-sdk/lib/tinyusb/src/device/usbd.c.obj
                0x1000b388                dcd_event_setup_received
 .text.dcd_event_xfer_complete
                0x1000b3d8       0x68 CMakeFiles/automation2040w_takeover.dir/C_/Users/ben/Documents/GitHub/pico-sdk/lib/tinyusb/src/device/usbd.c.obj
                0x1000b3d8                dcd_event_xfer_complete
 .text.usbd_open_edpt_pair
                0x1000b440       0x80 CMakeFiles/automation2040w_takeover.dir/C_/Users/ben/Documents/GitHub/pico-sdk/lib/tinyusb/src/device/usbd.c.obj
                0x1000b440                usbd_open_edpt_pair
 .text.usbd_edpt_open
                0x1000b4c0       0x30 CMakeFiles/automation2040w_takeover.dir/C_/Users/ben/Documents/GitHub/pico-sdk/lib/tinyusb/src/device/usbd.c.obj
                0x1000b4c0                usbd_edpt_open
 .text.usbd_edpt_claim
                0x1000b4f0       0x64 CMakeFiles/automation2040w_takeover.dir/C_/Users/ben/Documents/GitHub/pico-sdk/lib/tinyusb/src/device/usbd.c.obj
                0x1000b4f0                usbd_edpt_claim
 .text.usbd_edpt_release
                0x1000b554       0x4c CMakeFiles/automation2040w_takeover.dir/C_/Users/ben/Documents/GitHub/pico-sdk/lib/tinyusb/src/device/usbd.c.obj
                0x1000b554                usbd_edpt_release
 .text.usbd_edpt_xfer
                0x1000b5a0       0x48 CMakeFiles/automation2040w_takeover.dir/C_/Users/ben/Documents/GitHub/pico-sdk/lib/tinyusb/src/device/usbd.c.obj
                0x1000b5a0                usbd_edpt_xfer
 .text.tud_control_status
                0x1000b5e8       0x30 CMakeFiles/automation2040w_takeover.dir/C_/Users/ben/Documents/GitHub/pico-sdk/lib/tinyusb/src/device/usbd_control.c.obj
                0x1000b5e8                tud_control_status
 .text.tud_control_xfer
                0x1000b618       0xbc CMakeFiles/automation2040w_takeover.dir/C_/Users/ben/Documents/GitHub/pico-sdk/lib/tinyusb/src/device/usbd_control.c.obj
                0x1000b618                tud_control_xfer
 .text.usbd_control_reset
                0x1000b6d4       0x14 CMakeFiles/automation2040w_takeover.dir/C_/Users/ben/Documents/GitHub/pico-sdk/lib/tinyusb/src/device/usbd_control.c.obj
                0x1000b6d4                usbd_control_reset
 .text.usbd_control_set_complete_callback
                0x1000b6e8        0xc CMakeFiles/automation2040w_takeover.dir/C_/Users/ben/Documents/GitHub/pico-sdk/lib/tinyusb/src/device/usbd_control.c.obj
                0x1000b6e8                usbd_control_set_complete_callback
 .text.usbd_control_set_request
                0x1000b6f4       0x1c CMakeFiles/automation2040w_takeover.dir/C_/Users/ben/Documents/GitHub/pico-sdk/lib/tinyusb/src/device/usbd_control.c.obj
                0x1000b6f4                usbd_control_set_request
 .text.usbd_control_xfer_cb
                0x1000b710       0xfc CMakeFiles/automation2040w_takeover.dir/C_/Users/ben/Documents/GitHub/pico-sdk/lib/tinyusb/src/device/usbd_control.c.obj
                0x1000b710                usbd_control_xfer_cb
 .text.tud_cdc_n_connected
                0x1000b80c       0x30 CMakeFiles/automation2040w_takeover.dir/C_/Users/ben/Documents/GitHub/pico-sdk/lib/tinyusb/src/class/cdc/cdc_device.c.obj
                0x1000b80c                tud_cdc_n_connected
 .text.tud_cdc_n_available
                0x1000b83c       0x18 CMakeFiles/automation2040w_takeover.dir/C_/Users/ben/Documents/GitHub/pico-sdk/lib/tinyusb/src/class/cdc/cdc_device.c.obj
                0x1000b83c                tud_cdc_n_available
 .text.tud_cdc_n_read
                0x1000b854       0x70 CMakeFiles/automation2040w_takeover.dir/C_/Users/ben/Documents/GitHub/pico-sdk/lib/tinyusb/src/class/cdc/cdc_device.c.obj
                0x1000b854                tud_cdc_n_read
 .text.tud_cdc_n_write_flush
                0x1000b8c4       0x78 CMakeFiles/automation2040w_takeover.dir/C_/Users/ben/Documents/GitHub/pico-sdk/lib/tinyusb/src/class/cdc/cdc_device.c.obj
                0x1000b8c4                tud_cdc_n_write_flush
 .text.tud_cdc_n_write
                0x1000b93c       0x34 CMakeFiles/automation2040w_takeover.dir/C_/Users/ben/Documents/GitHub/pico-sdk/lib/tinyusb/src/class/cdc/cdc_device.c.obj
                0x1000b93c                tud_cdc_n_write
 .text.tud_cdc_n_write_available
                0x1000b970       0x18 CMakeFiles/automation2040w_takeover.dir/C_/Users/ben/Documents/GitHub/pico-sdk/lib/tinyusb/src/class/cdc/cdc_device.c.obj
                0x1000b970                tud_cdc_n_write_available
 .text.cdcd_init
                0x1000b988       0x7c CMakeFiles/automation2040w_takeover.dir/C_/Users/ben/Documents/GitHub/pico-sdk/lib/tinyusb/src/class/cdc/cdc_device.c.obj
                0x1000b988                cdcd_init
 .text.cdcd_reset
                0x1000ba04       0x2c CMakeFiles/automation2040w_takeover.dir/C_/Users/ben/Documents/GitHub/pico-sdk/lib/tinyusb/src/class/cdc/cdc_device.c.obj
                0x1000ba04                cdcd_reset
 .text.cdcd_open
                0x1000ba30       0xe4 CMakeFiles/automation2040w_takeover.dir/C_/Users/ben/Documents/GitHub/pico-sdk/lib/tinyusb/src/class/cdc/cdc_device.c.obj
                0x1000ba30                cdcd_open
 .text.cdcd_control_xfer_cb
                0x1000bb14       0xe4 CMakeFiles/automation2040w_takeover.dir/C_/Users/ben/Documents/GitHub/pico-sdk/lib/tinyusb/src/class/cdc/cdc_device.c.obj
                0x1000bb14                cdcd_control_xfer_cb
 .text.cdcd_xfer_cb
                0x1000bbf8      0x148 CMakeFiles/automation2040w_takeover.dir/C_/Users/ben/Documents/GitHub/pico-sdk/lib/tinyusb/src/class/cdc/cdc_device.c.obj
                0x1000bbf8                cdcd_xfer_cb
 .text.tusb_init
                0x1000bd40        0xc CMakeFiles/automation2040w_takeover.dir/C_/Users/ben/Documents/GitHub/pico-sdk/lib/tinyusb/src/tusb.c.obj
                0x1000bd40                tusb_init
 .text.tusb_inited
                0x1000bd4c        0x8 CMakeFiles/automation2040w_takeover.dir/C_/Users/ben/Documents/GitHub/pico-sdk/lib/tinyusb/src/tusb.c.obj
                0x1000bd4c                tusb_inited
 .text.tu_edpt_validate
                0x1000bd54       0x78 CMakeFiles/automation2040w_takeover.dir/C_/Users/ben/Documents/GitHub/pico-sdk/lib/tinyusb/src/tusb.c.obj
                0x1000bd54                tu_edpt_validate
 .text.tu_edpt_bind_driver
                0x1000bdcc       0x2c CMakeFiles/automation2040w_takeover.dir/C_/Users/ben/Documents/GitHub/pico-sdk/lib/tinyusb/src/tusb.c.obj
                0x1000bdcc                tu_edpt_bind_driver
 .text.tu_fifo_config
                0x1000bdf8       0x78 CMakeFiles/automation2040w_takeover.dir/C_/Users/ben/Documents/GitHub/pico-sdk/lib/tinyusb/src/common/tusb_fifo.c.obj
                0x1000bdf8                tu_fifo_config
 .text.tu_fifo_count
                0x1000be70       0x20 CMakeFiles/automation2040w_takeover.dir/C_/Users/ben/Documents/GitHub/pico-sdk/lib/tinyusb/src/common/tusb_fifo.c.obj
                0x1000be70                tu_fifo_count
 .text.tu_fifo_empty
                0x1000be90       0x10 CMakeFiles/automation2040w_takeover.dir/C_/Users/ben/Documents/GitHub/pico-sdk/lib/tinyusb/src/common/tusb_fifo.c.obj
                0x1000be90                tu_fifo_empty
 .text.tu_fifo_remaining
                0x1000bea0       0x1c CMakeFiles/automation2040w_takeover.dir/C_/Users/ben/Documents/GitHub/pico-sdk/lib/tinyusb/src/common/tusb_fifo.c.obj
                0x1000bea0                tu_fifo_remaining
 .text.tu_fifo_read
                0x1000bebc       0x9c CMakeFiles/automation2040w_takeover.dir/C_/Users/ben/Documents/GitHub/pico-sdk/lib/tinyusb/src/common/tusb_fifo.c.obj
                0x1000bebc                tu_fifo_read
 .text.tu_fifo_read_n
                0x1000bf58      0x100 CMakeFiles/automation2040w_takeover.dir/C_/Users/ben/Documents/GitHub/pico-sdk/lib/tinyusb/src/common/tusb_fifo.c.obj
                0x1000bf58                tu_fifo_read_n
 .text.tu_fifo_write
                0x1000c058       0x7c CMakeFiles/automation2040w_takeover.dir/C_/Users/ben/Documents/GitHub/pico-sdk/lib/tinyusb/src/common/tusb_fifo.c.obj
                0x1000c058                tu_fifo_write
 .text.tu_fifo_write_n
                0x1000c0d4      0x100 CMakeFiles/automation2040w_takeover.dir/C_/Users/ben/Documents/GitHub/pico-sdk/lib/tinyusb/src/common/tusb_fifo.c.obj
                0x1000c0d4                tu_fifo_write_n
 .text.tu_fifo_clear
                0x1000c1d4       0x4c CMakeFiles/automation2040w_takeover.dir/C_/Users/ben/Documents/GitHub/pico-sdk/lib/tinyusb/src/common/tusb_fifo.c.obj
                0x1000c1d4                tu_fifo_clear
 .text.tu_fifo_set_overwritable
                0x1000c220       0x3c CMakeFiles/automation2040w_takeover.dir/C_/Users/ben/Documents/GitHub/pico-sdk/lib/tinyusb/src/common/tusb_fifo.c.obj
                0x1000c220                tu_fifo_set_overwritable
 .text.pio_sm_unclaim
                0x1000c25c       0x20 CMakeFiles/automation2040w_takeover.dir/C_/Users/ben/Documents/GitHub/pico-sdk/src/rp2_common/hardware_pio/pio.c.obj
                0x1000c25c                pio_sm_unclaim
 .text.pio_claim_unused_sm
                0x1000c27c       0x3c CMakeFiles/automation2040w_takeover.dir/C_/Users/ben/Documents/GitHub/pico-sdk/src/rp2_common/hardware_pio/pio.c.obj
                0x1000c27c                pio_claim_unused_sm
 .text.pio_can_add_program
                0x1000c2b8       0x68 CMakeFiles/automation2040w_takeover.dir/C_/Users/ben/Documents/GitHub/pico-sdk/src/rp2_common/hardware_pio/pio.c.obj
                0x1000c2b8                pio_can_add_program
 .text.pio_add_program
                0x1000c320       0xc8 CMakeFiles/automation2040w_takeover.dir/C_/Users/ben/Documents/GitHub/pico-sdk/src/rp2_common/hardware_pio/pio.c.obj
                0x1000c320                pio_add_program
 .text.pio_remove_program
                0x1000c3e8       0x34 CMakeFiles/automation2040w_takeover.dir/C_/Users/ben/Documents/GitHub/pico-sdk/src/rp2_common/hardware_pio/pio.c.obj
                0x1000c3e8                pio_remove_program
 .text.pio_sm_set_pindirs_with_mask
                0x1000c41c       0x88 CMakeFiles/automation2040w_takeover.dir/C_/Users/ben/Documents/GitHub/pico-sdk/src/rp2_common/hardware_pio/pio.c.obj
                0x1000c41c                pio_sm_set_pindirs_with_mask
 .text.pio_sm_set_consecutive_pindirs
                0x1000c4a4       0x84 CMakeFiles/automation2040w_takeover.dir/C_/Users/ben/Documents/GitHub/pico-sdk/src/rp2_common/hardware_pio/pio.c.obj
                0x1000c4a4                pio_sm_set_consecutive_pindirs
 .text.dma_channel_unclaim
                0x1000c528       0x10 CMakeFiles/automation2040w_takeover.dir/C_/Users/ben/Documents/GitHub/pico-sdk/src/rp2_common/hardware_dma/dma.c.obj
                0x1000c528                dma_channel_unclaim
 .text.dma_claim_unused_channel
                0x1000c538       0x20 CMakeFiles/automation2040w_takeover.dir/C_/Users/ben/Documents/GitHub/pico-sdk/src/rp2_common/hardware_dma/dma.c.obj
                0x1000c538                dma_claim_unused_channel
 .text.lwip_init
                0x1000c558       0x24 CMakeFiles/automation2040w_takeover.dir/C_/Users/ben/Documents/GitHub/pico-sdk/lib/lwip/src/core/init.c.obj
                0x1000c558                lwip_init
 .text.lwip_htons
                0x1000c57c        0x8 CMakeFiles/automation2040w_takeover.dir/C_/Users/ben/Documents/GitHub/pico-sdk/lib/lwip/src/core/def.c.obj
                0x1000c57c                lwip_htons
 .text.lwip_htonl
                0x1000c584        0x4 CMakeFiles/automation2040w_takeover.dir/C_/Users/ben/Documents/GitHub/pico-sdk/lib/lwip/src/core/def.c.obj
                0x1000c584                lwip_htonl
 .text.dns_call_found
                0x1000c588      0x134 CMakeFiles/automation2040w_takeover.dir/C_/Users/ben/Documents/GitHub/pico-sdk/lib/lwip/src/core/dns.c.obj
 .text.dns_send.isra.0
                0x1000c6bc      0x158 CMakeFiles/automation2040w_takeover.dir/C_/Users/ben/Documents/GitHub/pico-sdk/lib/lwip/src/core/dns.c.obj
 .text.dns_init
                0x1000c814        0x4 CMakeFiles/automation2040w_takeover.dir/C_/Users/ben/Documents/GitHub/pico-sdk/lib/lwip/src/core/dns.c.obj
                0x1000c814                dns_init
 .text.dns_setserver
                0x1000c818       0x2c CMakeFiles/automation2040w_takeover.dir/C_/Users/ben/Documents/GitHub/pico-sdk/lib/lwip/src/core/dns.c.obj
                0x1000c818                dns_setserver
 .text.dns_tmr  0x1000c844      0x12c CMakeFiles/automation2040w_takeover.dir/C_/Users/ben/Documents/GitHub/pico-sdk/lib/lwip/src/core/dns.c.obj
                0x1000c844                dns_tmr
 .text.lwip_standard_chksum
                0x1000c970       0xd8 CMakeFiles/automation2040w_takeover.dir/C_/Users/ben/Documents/GitHub/pico-sdk/lib/lwip/src/core/inet_chksum.c.obj
                0x1000c970                lwip_standard_chksum
 .text.inet_chksum_pseudo
                0x1000ca48       0xb4 CMakeFiles/automation2040w_takeover.dir/C_/Users/ben/Documents/GitHub/pico-sdk/lib/lwip/src/core/inet_chksum.c.obj
                0x1000ca48                inet_chksum_pseudo
 .text.ip_chksum_pseudo
                0x1000cafc       0x10 CMakeFiles/automation2040w_takeover.dir/C_/Users/ben/Documents/GitHub/pico-sdk/lib/lwip/src/core/inet_chksum.c.obj
                0x1000cafc                ip_chksum_pseudo
 .text.inet_chksum
                0x1000cb0c        0xc CMakeFiles/automation2040w_takeover.dir/C_/Users/ben/Documents/GitHub/pico-sdk/lib/lwip/src/core/inet_chksum.c.obj
                0x1000cb0c                inet_chksum
 .text.inet_chksum_pbuf
                0x1000cb18       0x6c CMakeFiles/automation2040w_takeover.dir/C_/Users/ben/Documents/GitHub/pico-sdk/lib/lwip/src/core/inet_chksum.c.obj
                0x1000cb18                inet_chksum_pbuf
 .text.mem_init
                0x1000cb84        0x4 CMakeFiles/automation2040w_takeover.dir/C_/Users/ben/Documents/GitHub/pico-sdk/lib/lwip/src/core/mem.c.obj
                0x1000cb84                mem_init
 .text.mem_trim
                0x1000cb88        0x4 CMakeFiles/automation2040w_takeover.dir/C_/Users/ben/Documents/GitHub/pico-sdk/lib/lwip/src/core/mem.c.obj
                0x1000cb88                mem_trim
 .text.mem_malloc
                0x1000cb8c       0x18 CMakeFiles/automation2040w_takeover.dir/C_/Users/ben/Documents/GitHub/pico-sdk/lib/lwip/src/core/mem.c.obj
                0x1000cb8c                mem_malloc
 .text.mem_free
                0x1000cba4        0x8 CMakeFiles/automation2040w_takeover.dir/C_/Users/ben/Documents/GitHub/pico-sdk/lib/lwip/src/core/mem.c.obj
                0x1000cba4                mem_free
 .text.memp_init
                0x1000cbac       0x6c CMakeFiles/automation2040w_takeover.dir/C_/Users/ben/Documents/GitHub/pico-sdk/lib/lwip/src/core/memp.c.obj
                0x1000cbac                memp_init
 .text.memp_malloc
                0x1000cc18       0x3c CMakeFiles/automation2040w_takeover.dir/C_/Users/ben/Documents/GitHub/pico-sdk/lib/lwip/src/core/memp.c.obj
                0x1000cc18                memp_malloc
 .text.memp_free
                0x1000cc54       0x34 CMakeFiles/automation2040w_takeover.dir/C_/Users/ben/Documents/GitHub/pico-sdk/lib/lwip/src/core/memp.c.obj
                0x1000cc54                memp_free
 .text.netif_null_output_ip4
                0x1000cc88        0x8 CMakeFiles/automation2040w_takeover.dir/C_/Users/ben/Documents/GitHub/pico-sdk/lib/lwip/src/core/netif.c.obj
 .text.netif_init
                0x1000cc90        0x4 CMakeFiles/automation2040w_takeover.dir/C_/Users/ben/Documents/GitHub/pico-sdk/lib/lwip/src/core/netif.c.obj
                0x1000cc90                netif_init
 .text.netif_set_addr
                0x1000cc94       0xf0 CMakeFiles/automation2040w_takeover.dir/C_/Users/ben/Documents/GitHub/pico-sdk/lib/lwip/src/core/netif.c.obj
                0x1000cc94                netif_set_addr
 .text.netif_add
                0x1000cd84      0x104 CMakeFiles/automation2040w_takeover.dir/C_/Users/ben/Documents/GitHub/pico-sdk/lib/lwip/src/core/netif.c.obj
                0x1000cd84                netif_add
 .text.netif_remove
                0x1000ce88       0x94 CMakeFiles/automation2040w_takeover.dir/C_/Users/ben/Documents/GitHub/pico-sdk/lib/lwip/src/core/netif.c.obj
                0x1000ce88                netif_remove
 .text.netif_set_default
                0x1000cf1c        0xc CMakeFiles/automation2040w_takeover.dir/C_/Users/ben/Documents/GitHub/pico-sdk/lib/lwip/src/core/netif.c.obj
                0x1000cf1c                netif_set_default
 .text.netif_set_up
                0x1000cf28       0x4c CMakeFiles/automation2040w_takeover.dir/C_/Users/ben/Documents/GitHub/pico-sdk/lib/lwip/src/core/netif.c.obj
                0x1000cf28                netif_set_up
 .text.netif_set_link_up
                0x1000cf74       0x50 CMakeFiles/automation2040w_takeover.dir/C_/Users/ben/Documents/GitHub/pico-sdk/lib/lwip/src/core/netif.c.obj
                0x1000cf74                netif_set_link_up
 .text.netif_set_link_down
                0x1000cfc4       0x2c CMakeFiles/automation2040w_takeover.dir/C_/Users/ben/Documents/GitHub/pico-sdk/lib/lwip/src/core/netif.c.obj
                0x1000cfc4                netif_set_link_down
 .text.netif_get_by_index
                0x1000cff0       0x2c CMakeFiles/automation2040w_takeover.dir/C_/Users/ben/Documents/GitHub/pico-sdk/lib/lwip/src/core/netif.c.obj
                0x1000cff0                netif_get_by_index
 .text.pbuf_free_ooseq
                0x1000d01c       0x34 CMakeFiles/automation2040w_takeover.dir/C_/Users/ben/Documents/GitHub/pico-sdk/lib/lwip/src/core/pbuf.c.obj
                0x1000d01c                pbuf_free_ooseq
 .text.pbuf_alloc
                0x1000d050      0x16c CMakeFiles/automation2040w_takeover.dir/C_/Users/ben/Documents/GitHub/pico-sdk/lib/lwip/src/core/pbuf.c.obj
                0x1000d050                pbuf_alloc
 .text.pbuf_realloc
                0x1000d1bc       0xbc CMakeFiles/automation2040w_takeover.dir/C_/Users/ben/Documents/GitHub/pico-sdk/lib/lwip/src/core/pbuf.c.obj
                0x1000d1bc                pbuf_realloc
 .text.pbuf_add_header
                0x1000d278       0x4c CMakeFiles/automation2040w_takeover.dir/C_/Users/ben/Documents/GitHub/pico-sdk/lib/lwip/src/core/pbuf.c.obj
                0x1000d278                pbuf_add_header
 .text.pbuf_remove_header
                0x1000d2c4       0x48 CMakeFiles/automation2040w_takeover.dir/C_/Users/ben/Documents/GitHub/pico-sdk/lib/lwip/src/core/pbuf.c.obj
                0x1000d2c4                pbuf_remove_header
 .text.pbuf_header_force
                0x1000d30c       0x78 CMakeFiles/automation2040w_takeover.dir/C_/Users/ben/Documents/GitHub/pico-sdk/lib/lwip/src/core/pbuf.c.obj
                0x1000d30c                pbuf_header_force
 .text.pbuf_free
                0x1000d384       0x64 CMakeFiles/automation2040w_takeover.dir/C_/Users/ben/Documents/GitHub/pico-sdk/lib/lwip/src/core/pbuf.c.obj
                0x1000d384                pbuf_free
 .text.pbuf_clen
                0x1000d3e8       0x14 CMakeFiles/automation2040w_takeover.dir/C_/Users/ben/Documents/GitHub/pico-sdk/lib/lwip/src/core/pbuf.c.obj
                0x1000d3e8                pbuf_clen
 .text.pbuf_ref
                0x1000d3fc       0x18 CMakeFiles/automation2040w_takeover.dir/C_/Users/ben/Documents/GitHub/pico-sdk/lib/lwip/src/core/pbuf.c.obj
                0x1000d3fc                pbuf_ref
 .text.pbuf_cat
                0x1000d414       0x38 CMakeFiles/automation2040w_takeover.dir/C_/Users/ben/Documents/GitHub/pico-sdk/lib/lwip/src/core/pbuf.c.obj
                0x1000d414                pbuf_cat
 .text.pbuf_chain
                0x1000d44c       0x54 CMakeFiles/automation2040w_takeover.dir/C_/Users/ben/Documents/GitHub/pico-sdk/lib/lwip/src/core/pbuf.c.obj
                0x1000d44c                pbuf_chain
 .text.pbuf_copy_partial_pbuf
                0x1000d4a0      0x15c CMakeFiles/automation2040w_takeover.dir/C_/Users/ben/Documents/GitHub/pico-sdk/lib/lwip/src/core/pbuf.c.obj
                0x1000d4a0                pbuf_copy_partial_pbuf
 .text.pbuf_copy
                0x1000d5fc       0x20 CMakeFiles/automation2040w_takeover.dir/C_/Users/ben/Documents/GitHub/pico-sdk/lib/lwip/src/core/pbuf.c.obj
                0x1000d5fc                pbuf_copy
 .text.pbuf_copy_partial
                0x1000d61c       0x8c CMakeFiles/automation2040w_takeover.dir/C_/Users/ben/Documents/GitHub/pico-sdk/lib/lwip/src/core/pbuf.c.obj
                0x1000d61c                pbuf_copy_partial
 .text.pbuf_take
                0x1000d6a8       0x78 CMakeFiles/automation2040w_takeover.dir/C_/Users/ben/Documents/GitHub/pico-sdk/lib/lwip/src/core/pbuf.c.obj
                0x1000d6a8                pbuf_take
 .text.pbuf_take_at
                0x1000d720       0xb8 CMakeFiles/automation2040w_takeover.dir/C_/Users/ben/Documents/GitHub/pico-sdk/lib/lwip/src/core/pbuf.c.obj
                0x1000d720                pbuf_take_at
 .text.pbuf_clone
                0x1000d7d8       0x20 CMakeFiles/automation2040w_takeover.dir/C_/Users/ben/Documents/GitHub/pico-sdk/lib/lwip/src/core/pbuf.c.obj
                0x1000d7d8                pbuf_clone
 .text.pbuf_put_at
                0x1000d7f8       0x1c CMakeFiles/automation2040w_takeover.dir/C_/Users/ben/Documents/GitHub/pico-sdk/lib/lwip/src/core/pbuf.c.obj
                0x1000d7f8                pbuf_put_at
 .text.raw_input
                0x1000d814      0x12c CMakeFiles/automation2040w_takeover.dir/C_/Users/ben/Documents/GitHub/pico-sdk/lib/lwip/src/core/raw.c.obj
                0x1000d814                raw_input
 .text.raw_netif_ip_addr_changed
                0x1000d940       0x40 CMakeFiles/automation2040w_takeover.dir/C_/Users/ben/Documents/GitHub/pico-sdk/lib/lwip/src/core/raw.c.obj
                0x1000d940                raw_netif_ip_addr_changed
 .text.stats_init
                0x1000d980        0x4 CMakeFiles/automation2040w_takeover.dir/C_/Users/ben/Documents/GitHub/pico-sdk/lib/lwip/src/core/stats.c.obj
                0x1000d980                stats_init
 .text.tcp_close_shutdown_fin
                0x1000d984       0x4c CMakeFiles/automation2040w_takeover.dir/C_/Users/ben/Documents/GitHub/pico-sdk/lib/lwip/src/core/tcp.c.obj
 .text.tcp_pcb_purge.part.0
                0x1000d9d0       0xc4 CMakeFiles/automation2040w_takeover.dir/C_/Users/ben/Documents/GitHub/pico-sdk/lib/lwip/src/core/tcp.c.obj
 .text.tcp_init
                0x1000da94       0x20 CMakeFiles/automation2040w_takeover.dir/C_/Users/ben/Documents/GitHub/pico-sdk/lib/lwip/src/core/tcp.c.obj
                0x1000da94                tcp_init
 .text.tcp_free
                0x1000dab4        0xc CMakeFiles/automation2040w_takeover.dir/C_/Users/ben/Documents/GitHub/pico-sdk/lib/lwip/src/core/tcp.c.obj
                0x1000dab4                tcp_free
 .text.tcp_bind
                0x1000dac0      0x10c CMakeFiles/automation2040w_takeover.dir/C_/Users/ben/Documents/GitHub/pico-sdk/lib/lwip/src/core/tcp.c.obj
                0x1000dac0                tcp_bind
 .text.tcp_listen_with_backlog
                0x1000dbcc       0xa4 CMakeFiles/automation2040w_takeover.dir/C_/Users/ben/Documents/GitHub/pico-sdk/lib/lwip/src/core/tcp.c.obj
                0x1000dbcc                tcp_listen_with_backlog
 .text.tcp_update_rcv_ann_wnd
                0x1000dc70       0x3c CMakeFiles/automation2040w_takeover.dir/C_/Users/ben/Documents/GitHub/pico-sdk/lib/lwip/src/core/tcp.c.obj
                0x1000dc70                tcp_update_rcv_ann_wnd
 .text.tcp_recved
                0x1000dcac       0x80 CMakeFiles/automation2040w_takeover.dir/C_/Users/ben/Documents/GitHub/pico-sdk/lib/lwip/src/core/tcp.c.obj
                0x1000dcac                tcp_recved
 .text.tcp_slowtmr
                0x1000dd2c      0x434 CMakeFiles/automation2040w_takeover.dir/C_/Users/ben/Documents/GitHub/pico-sdk/lib/lwip/src/core/tcp.c.obj
                0x1000dd2c                tcp_slowtmr
 .text.tcp_segs_free
                0x1000e160       0x38 CMakeFiles/automation2040w_takeover.dir/C_/Users/ben/Documents/GitHub/pico-sdk/lib/lwip/src/core/tcp.c.obj
                0x1000e160                tcp_segs_free
 .text.tcp_seg_free
                0x1000e198       0x1c CMakeFiles/automation2040w_takeover.dir/C_/Users/ben/Documents/GitHub/pico-sdk/lib/lwip/src/core/tcp.c.obj
                0x1000e198                tcp_seg_free
 .text.tcp_seg_copy
                0x1000e1b4       0x20 CMakeFiles/automation2040w_takeover.dir/C_/Users/ben/Documents/GitHub/pico-sdk/lib/lwip/src/core/tcp.c.obj
                0x1000e1b4                tcp_seg_copy
 .text.tcp_arg  0x1000e1d4        0x8 CMakeFiles/automation2040w_takeover.dir/C_/Users/ben/Documents/GitHub/pico-sdk/lib/lwip/src/core/tcp.c.obj
                0x1000e1d4                tcp_arg
 .text.tcp_recv
                0x1000e1dc        0xc CMakeFiles/automation2040w_takeover.dir/C_/Users/ben/Documents/GitHub/pico-sdk/lib/lwip/src/core/tcp.c.obj
                0x1000e1dc                tcp_recv
 .text.tcp_sent
                0x1000e1e8        0xc CMakeFiles/automation2040w_takeover.dir/C_/Users/ben/Documents/GitHub/pico-sdk/lib/lwip/src/core/tcp.c.obj
                0x1000e1e8                tcp_sent
 .text.tcp_err  0x1000e1f4        0xc CMakeFiles/automation2040w_takeover.dir/C_/Users/ben/Documents/GitHub/pico-sdk/lib/lwip/src/core/tcp.c.obj
                0x1000e1f4                tcp_err
 .text.tcp_accept
                0x1000e200       0x10 CMakeFiles/automation2040w_takeover.dir/C_/Users/ben/Documents/GitHub/pico-sdk/lib/lwip/src/core/tcp.c.obj
                0x1000e200                tcp_accept
 .text.tcp_poll
                0x1000e210       0x1c CMakeFiles/automation2040w_takeover.dir/C_/Users/ben/Documents/GitHub/pico-sdk/lib/lwip/src/core/tcp.c.obj
                0x1000e210                tcp_poll
 .text.tcp_pcb_purge
                0x1000e22c       0x24 CMakeFiles/automation2040w_takeover.dir/C_/Users/ben/Documents/GitHub/pico-sdk/lib/lwip/src/core/tcp.c.obj
                0x1000e22c                tcp_pcb_purge
 .text.tcp_pcb_remove
                0x1000e250       0x78 CMakeFiles/automation2040w_takeover.dir/C_/Users/ben/Documents/GitHub/pico-sdk/lib/lwip/src/core/tcp.c.obj
                0x1000e250                tcp_pcb_remove
 .text.tcp_abandon
                0x1000e2c8      0x194 CMakeFiles/automation2040w_takeover.dir/C_/Users/ben/Documents/GitHub/pico-sdk/lib/lwip/src/core/tcp.c.obj
                0x1000e2c8                tcp_abandon
 .text.tcp_abort
                0x1000e45c        0xc CMakeFiles/automation2040w_takeover.dir/C_/Users/ben/Documents/GitHub/pico-sdk/lib/lwip/src/core/tcp.c.obj
                0x1000e45c                tcp_abort
 .text.tcp_accept_null
                0x1000e468       0x10 CMakeFiles/automation2040w_takeover.dir/C_/Users/ben/Documents/GitHub/pico-sdk/lib/lwip/src/core/tcp.c.obj
 .text.tcp_alloc
                0x1000e478      0x1cc CMakeFiles/automation2040w_takeover.dir/C_/Users/ben/Documents/GitHub/pico-sdk/lib/lwip/src/core/tcp.c.obj
                0x1000e478                tcp_alloc
 .text.tcp_new_ip_type
                0x1000e644      0x1ac CMakeFiles/automation2040w_takeover.dir/C_/Users/ben/Documents/GitHub/pico-sdk/lib/lwip/src/core/tcp.c.obj