Archive member included to satisfy reference by file (symbol)

c:/progra~2/gnuarm~1/102020~1/bin/../lib/gcc/arm-none-eabi/10.2.1/thumb/v6-m/nofp\libgcc.a(_dvmd_tls.o)
                              CMakeFiles/automation2040w_takeover.dir/C_/Users/ben/Documents/GitHub/pico-sdk/src/rp2_common/pico_divider/divider.S.obj (__aeabi_idiv0)
c:/progra~2/gnuarm~1/102020~1/bin/../lib/gcc/arm-none-eabi/10.2.1/../../../../arm-none-eabi/lib/thumb/v6-m/nofp\libc.a(lib_a-atoi.o)
                              CMakeFiles/automation2040w_takeover.dir/C_/Users/ben/Documents/GitHub/pico-sdk/lib/lwip/src/core/netif.c.obj (atoi)
c:/progra~2/gnuarm~1/102020~1/bin/../lib/gcc/arm-none-eabi/10.2.1/../../../../arm-none-eabi/lib/thumb/v6-m/nofp\libc.a(lib_a-calloc.o)
                              CMakeFiles/automation2040w_takeover.dir/C_/Users/ben/Documents/GitHub/pico-sdk/src/rp2_common/pico_malloc/pico_malloc.c.obj (calloc)
c:/progra~2/gnuarm~1/102020~1/bin/../lib/gcc/arm-none-eabi/10.2.1/../../../../arm-none-eabi/lib/thumb/v6-m/nofp\libc.a(lib_a-callocr.o)
                              c:/progra~2/gnuarm~1/102020~1/bin/../lib/gcc/arm-none-eabi/10.2.1/../../../../arm-none-eabi/lib/thumb/v6-m/nofp\libc.a(lib_a-calloc.o) (_calloc_r)
c:/progra~2/gnuarm~1/102020~1/bin/../lib/gcc/arm-none-eabi/10.2.1/../../../../arm-none-eabi/lib/thumb/v6-m/nofp\libc.a(lib_a-ctype_.o)
                              CMakeFiles/automation2040w_takeover.dir/C_/Users/ben/Documents/GitHub/pico-sdk/lib/lwip/src/core/dns.c.obj (_ctype_)
c:/progra~2/gnuarm~1/102020~1/bin/../lib/gcc/arm-none-eabi/10.2.1/../../../../arm-none-eabi/lib/thumb/v6-m/nofp\libc.a(lib_a-impure.o)
                              c:/progra~2/gnuarm~1/102020~1/bin/../lib/gcc/arm-none-eabi/10.2.1/../../../../arm-none-eabi/lib/thumb/v6-m/nofp\libc.a(lib_a-calloc.o) (_impure_ptr)
c:/progra~2/gnuarm~1/102020~1/bin/../lib/gcc/arm-none-eabi/10.2.1/../../../../arm-none-eabi/lib/thumb/v6-m/nofp\libc.a(lib_a-init.o)
                              c:/progra~2/gnuarm~1/102020~1/bin/../lib/gcc/arm-none-eabi/10.2.1/../../../../arm-none-eabi/lib/thumb/v6-m/nofp/crt0.o (__libc_init_array)
c:/progra~2/gnuarm~1/102020~1/bin/../lib/gcc/arm-none-eabi/10.2.1/../../../../arm-none-eabi/lib/thumb/v6-m/nofp\libc.a(lib_a-malloc.o)
                              CMakeFiles/automation2040w_takeover.dir/C_/Users/ben/Documents/GitHub/pico-sdk/src/rp2_common/pico_malloc/pico_malloc.c.obj (malloc)
c:/progra~2/gnuarm~1/102020~1/bin/../lib/gcc/arm-none-eabi/10.2.1/../../../../arm-none-eabi/lib/thumb/v6-m/nofp\libc.a(lib_a-mallocr.o)
                              c:/progra~2/gnuarm~1/102020~1/bin/../lib/gcc/arm-none-eabi/10.2.1/../../../../arm-none-eabi/lib/thumb/v6-m/nofp\libc.a(lib_a-callocr.o) (_malloc_r)
c:/progra~2/gnuarm~1/102020~1/bin/../lib/gcc/arm-none-eabi/10.2.1/../../../../arm-none-eabi/lib/thumb/v6-m/nofp\libc.a(lib_a-memcmp.o)
                              CMakeFiles/automation2040w_takeover.dir/dhcpserver/dhcpserver.c.obj (memcmp)
c:/progra~2/gnuarm~1/102020~1/bin/../lib/gcc/arm-none-eabi/10.2.1/../../../../arm-none-eabi/lib/thumb/v6-m/nofp\libc.a(lib_a-memmove.o)
                              CMakeFiles/automation2040w_takeover.dir/C_/Users/ben/Documents/GitHub/pico-sdk/lib/cyw43-driver/src/cyw43_ll.c.obj (memmove)
c:/progra~2/gnuarm~1/102020~1/bin/../lib/gcc/arm-none-eabi/10.2.1/../../../../arm-none-eabi/lib/thumb/v6-m/nofp\libc.a(lib_a-mlock.o)
                              c:/progra~2/gnuarm~1/102020~1/bin/../lib/gcc/arm-none-eabi/10.2.1/../../../../arm-none-eabi/lib/thumb/v6-m/nofp\libc.a(lib_a-mallocr.o) (__malloc_lock)
c:/progra~2/gnuarm~1/102020~1/bin/../lib/gcc/arm-none-eabi/10.2.1/../../../../arm-none-eabi/lib/thumb/v6-m/nofp\libc.a(lib_a-realloc.o)
                              CMakeFiles/automation2040w_takeover.dir/C_/Users/ben/Documents/GitHub/pico-sdk/src/rp2_common/pico_malloc/pico_malloc.c.obj (realloc)
c:/progra~2/gnuarm~1/102020~1/bin/../lib/gcc/arm-none-eabi/10.2.1/../../../../arm-none-eabi/lib/thumb/v6-m/nofp\libc.a(lib_a-reallocr.o)
                              c:/progra~2/gnuarm~1/102020~1/bin/../lib/gcc/arm-none-eabi/10.2.1/../../../../arm-none-eabi/lib/thumb/v6-m/nofp\libc.a(lib_a-realloc.o) (_realloc_r)
c:/progra~2/gnuarm~1/102020~1/bin/../lib/gcc/arm-none-eabi/10.2.1/../../../../arm-none-eabi/lib/thumb/v6-m/nofp\libc.a(lib_a-sbrkr.o)
                              c:/progra~2/gnuarm~1/102020~1/bin/../lib/gcc/arm-none-eabi/10.2.1/../../../../arm-none-eabi/lib/thumb/v6-m/nofp\libc.a(lib_a-mallocr.o) (_sbrk_r)
c:/progra~2/gnuarm~1/102020~1/bin/../lib/gcc/arm-none-eabi/10.2.1/../../../../arm-none-eabi/lib/thumb/v6-m/nofp\libc.a(lib_a-sscanf.o)
                              CMakeFiles/automation2040w_takeover.dir/automation2040w_takeover.c.obj (sscanf)
c:/progra~2/gnuarm~1/102020~1/bin/../lib/gcc/arm-none-eabi/10.2.1/../../../../arm-none-eabi/lib/thumb/v6-m/nofp\libc.a(lib_a-stdio.o)
[...]
Memory Configuration

Name             Origin             Length             Attributes
FLASH            0x10000000         0x00200000         xr
RAM              0x20000000         0x00040000         xrw
SCRATCH_X        0x20040000         0x00001000         xrw
SCRATCH_Y        0x20041000         0x00001000         xrw
*default*        0x00000000         0xffffffff

Linker script and memory map

LOAD c:/progra~2/gnuarm~1/102020~1/bin/../lib/gcc/arm-none-eabi/10.2.1/thumb/v6-m/nofp/crti.o
LOAD c:/progra~2/gnuarm~1/102020~1/bin/../lib/gcc/arm-none-eabi/10.2.1/thumb/v6-m/nofp/crtbegin.o
LOAD c:/progra~2/gnuarm~1/102020~1/bin/../lib/gcc/arm-none-eabi/10.2.1/../../../../arm-none-eabi/lib/thumb/v6-m/nofp/crt0.o

.flash_begin    0x10000000        0x0
                0x10000000                __flash_binary_start = .

.boot2          0x10000000      0x100
                0x10000000                __boot2_start__ = .
 *(.boot2)
 .boot2         0x10000000      0x100 C:\Users\ben\AppData\Local\Temp\ccyGVUGu.o
                0x10000100                __boot2_end__ = .
                0x00000001                ASSERT (((__boot2_end__ - __boot2_start__) == 0x100), ERROR: Pico second stage bootloader must be 256 bytes in size)

.text           0x10000100    0x1cab8
                0x10000100                __logical_binary_start = .
 *(.vectors)
 .vectors       0x10000100       0xd4 CMakeFiles/automation2040w_takeover.dir/C_/Users/ben/Documents/GitHub/pico-sdk/src/rp2_common/pico_standard_link/crt0.S.obj
                0x10000100                __VECTOR_TABLE
                0x10000100                __vectors
                0x100001c0                isr_invalid
                0x100001c0                __default_isrs_start
                0x100001c2                isr_nmi
                0x100001c4                isr_hardfault
                0x100001c6                isr_svcall
                0x100001c8                isr_pendsv
                0x100001ca                isr_systick
                0x100001cc                isr_irq23
                0x100001cc                isr_irq18
                0x100001cc                isr_irq11
                0x100001cc                isr_irq28
                0x100001cc                isr_irq19
                0x100001cc                isr_irq0
                0x100001cc                isr_irq6
                0x100001cc                isr_irq5
                0x100001cc                isr_irq12
                0x100001cc                isr_irq22
                0x100001cc                isr_irq31
                0x100001cc                isr_irq17
                0x100001cc                isr_irq27
                0x100001cc                isr_irq30
                0x100001cc                isr_irq2
                0x100001cc                isr_irq10
                0x100001cc                isr_irq8
                0x100001cc                isr_irq24
                0x100001cc                isr_irq1
                0x100001cc                isr_irq7
                0x100001cc                isr_irq21
                0x100001cc                isr_irq20
                0x100001cc                isr_irq15
                0x100001cc                isr_irq25
                0x100001cc                isr_irq13
                0x100001cc                __unhandled_user_irq
                0x100001cc                isr_irq4
                0x100001cc                isr_irq16
                0x100001cc                isr_irq29
                0x100001cc                isr_irq26
                0x100001cc                __default_isrs_end
                0x100001cc                isr_irq3
                0x100001cc                isr_irq14
                0x100001cc                isr_irq9
                0x100001d2                unhandled_user_irq_num_in_r0
 *(.binary_info_header)
 .binary_info_header
                0x100001d4       0x14 CMakeFiles/automation2040w_takeover.dir/C_/Users/ben/Documents/GitHub/pico-sdk/src/rp2_common/pico_standard_link/crt0.S.obj
                0x100001e8                __binary_info_header_end = .
 *(.reset)
 .reset         0x100001e8       0xa8 CMakeFiles/automation2040w_takeover.dir/C_/Users/ben/Documents/GitHub/pico-sdk/src/rp2_common/pico_standard_link/crt0.S.obj
                0x100001e8                _entry_point
                0x10000266                __get_current_exception
 .reset         0x10000290       0x30 CMakeFiles/automation2040w_takeover.dir/C_/Users/ben/Documents/GitHub/pico-sdk/src/rp2_common/pico_standard_link/binary_info.c.obj
 *(.init)
 .init          0x100002c0        0x4 c:/progra~2/gnuarm~1/102020~1/bin/../lib/gcc/arm-none-eabi/10.2.1/thumb/v6-m/nofp/crti.o
                0x100002c0                _init
 *(EXCLUDE_FILE(*libm.a: *libc.a:*lib_a-mem*.o *libgcc.a:) .text*)
 .text          0x100002c4       0x48 c:/progra~2/gnuarm~1/102020~1/bin/../lib/gcc/arm-none-eabi/10.2.1/thumb/v6-m/nofp/crtbegin.o
 .text.tcp_server_accept
                0x1000030c       0x90 CMakeFiles/automation2040w_takeover.dir/automation2040w_takeover.c.obj
 .text.tcp_server_poll
                0x1000039c       0x74 CMakeFiles/automation2040w_takeover.dir/automation2040w_takeover.c.obj
 .text.tcp_server_err
                0x10000410       0x6c CMakeFiles/automation2040w_takeover.dir/automation2040w_takeover.c.obj
 .text.tcp_server_sent
                0x1000047c       0x9c CMakeFiles/automation2040w_takeover.dir/automation2040w_takeover.c.obj
 .text.gpio_server_content
                0x10000518      0x3d0 CMakeFiles/automation2040w_takeover.dir/automation2040w_takeover.c.obj
                0x10000518                gpio_server_content
 .text.tcp_server_recv
                0x100008e8      0x2b4 CMakeFiles/automation2040w_takeover.dir/automation2040w_takeover.c.obj
                0x100008e8                tcp_server_recv
 .text.startup.main
                0x10000b9c      0x1f0 CMakeFiles/automation2040w_takeover.dir/automation2040w_takeover.c.obj
                0x10000b9c                main
 .text.cyw43_arch_enable_sta_mode
                0x10000d8c       0x1c CMakeFiles/automation2040w_takeover.dir/C_/Users/ben/Documents/GitHub/pico-sdk/src/rp2_common/pico_cyw43_arch/cyw43_arch.c.obj
                0x10000d8c                cyw43_arch_enable_sta_mode
 .text.cyw43_arch_wifi_connect_timeout_ms
                0x10000da8       0xe8 CMakeFiles/automation2040w_takeover.dir/C_/Users/ben/Documents/GitHub/pico-sdk/src/rp2_common/pico_cyw43_arch/cyw43_arch.c.obj
                0x10000da8                cyw43_arch_wifi_connect_timeout_ms
 .text.cyw43_hal_generate_laa_mac
                0x10000e90       0x28 CMakeFiles/automation2040w_takeover.dir/C_/Users/ben/Documents/GitHub/pico-sdk/src/rp2_common/pico_cyw43_arch/cyw43_arch.c.obj
                0x10000e90                cyw43_hal_generate_laa_mac
 .text.cyw43_hal_get_mac
                0x10000eb8       0x1c CMakeFiles/automation2040w_takeover.dir/C_/Users/ben/Documents/GitHub/pico-sdk/src/rp2_common/pico_cyw43_arch/cyw43_arch.c.obj
                0x10000eb8                cyw43_hal_get_mac
 .text.cyw43_arch_gpio_put
                0x10000ed4       0x14 CMakeFiles/automation2040w_takeover.dir/C_/Users/ben/Documents/GitHub/pico-sdk/src/rp2_common/pico_cyw43_arch/cyw43_arch.c.obj
                0x10000ed4                cyw43_arch_gpio_put
 .text.cyw43_arch_gpio_get
                0x10000ee8       0x20 CMakeFiles/automation2040w_takeover.dir/C_/Users/ben/Documents/GitHub/pico-sdk/src/rp2_common/pico_cyw43_arch/cyw43_arch.c.obj
                0x10000ee8                cyw43_arch_gpio_get
 .text.gpio_irq_handler
                0x10000f08       0x58 CMakeFiles/automation2040w_takeover.dir/C_/Users/ben/Documents/GitHub/pico-sdk/src/rp2_common/pico_cyw43_arch/cyw43_arch_poll.c.obj
 .text.cyw43_post_poll_hook
                0x10000f60       0x10 CMakeFiles/automation2040w_takeover.dir/C_/Users/ben/Documents/GitHub/pico-sdk/src/rp2_common/pico_cyw43_arch/cyw43_arch_poll.c.obj
                0x10000f60                cyw43_post_poll_hook
 .text.cyw43_arch_init
                0x10000f70       0x48 CMakeFiles/automation2040w_takeover.dir/C_/Users/ben/Documents/GitHub/pico-sdk/src/rp2_common/pico_cyw43_arch/cyw43_arch_poll.c.obj
                0x10000f70                cyw43_arch_init
 .text.cyw43_arch_deinit
                0x10000fb8       0x28 CMakeFiles/automation2040w_takeover.dir/C_/Users/ben/Documents/GitHub/pico-sdk/src/rp2_common/pico_cyw43_arch/cyw43_arch_poll.c.obj
                0x10000fb8                cyw43_arch_deinit
 .text.cyw43_schedule_internal_poll_dispatch
                0x10000fe0        0xc CMakeFiles/automation2040w_takeover.dir/C_/Users/ben/Documents/GitHub/pico-sdk/src/rp2_common/pico_cyw43_arch/cyw43_arch_poll.c.obj
                0x10000fe0                cyw43_schedule_internal_poll_dispatch
 .text.cyw43_arch_poll
                0x10000fec       0x78 CMakeFiles/automation2040w_takeover.dir/C_/Users/ben/Documents/GitHub/pico-sdk/src/rp2_common/pico_cyw43_arch/cyw43_arch_poll.c.obj
                0x10000fec                cyw43_arch_poll
 .text.startup._retrieve_unique_id_on_boot
                0x10001064       0x10 CMakeFiles/automation2040w_takeover.dir/C_/Users/ben/Documents/GitHub/pico-sdk/src/rp2_common/pico_unique_id/unique_id.c.obj
 .text.pico_get_unique_board_id
                0x10001074       0x10 CMakeFiles/automation2040w_takeover.dir/C_/Users/ben/Documents/GitHub/pico-sdk/src/rp2_common/pico_unique_id/unique_id.c.obj
                0x10001074                pico_get_unique_board_id
 .text.pico_get_unique_board_id_string
                0x10001084      0x1a8 CMakeFiles/automation2040w_takeover.dir/C_/Users/ben/Documents/GitHub/pico-sdk/src/rp2_common/pico_unique_id/unique_id.c.obj
                0x10001084                pico_get_unique_board_id_string
 .text.flash_get_unique_id
                0x1000122c       0x40 CMakeFiles/automation2040w_takeover.dir/C_/Users/ben/Documents/GitHub/pico-sdk/src/rp2_common/hardware_flash/flash.c.obj
                0x1000122c                flash_get_unique_id
 .text.hw_claim_lock
                0x1000126c       0x18 CMakeFiles/automation2040w_takeover.dir/C_/Users/ben/Documents/GitHub/pico-sdk/src/rp2_common/hardware_claim/claim.c.obj
                0x1000126c                hw_claim_lock
 .text.hw_claim_unlock
                0x10001284       0x14 CMakeFiles/automation2040w_takeover.dir/C_/Users/ben/Documents/GitHub/pico-sdk/src/rp2_common/hardware_claim/claim.c.obj
                0x10001284                hw_claim_unlock
 .text.hw_claim_or_assert
                0x10001298       0x44 CMakeFiles/automation2040w_takeover.dir/C_/Users/ben/Documents/GitHub/pico-sdk/src/rp2_common/hardware_claim/claim.c.obj
                0x10001298                hw_claim_or_assert
 .text.hw_claim_unused_from_range
                0x100012dc       0x9c CMakeFiles/automation2040w_takeover.dir/C_/Users/ben/Documents/GitHub/pico-sdk/src/rp2_common/hardware_claim/claim.c.obj
                0x100012dc                hw_claim_unused_from_range
 .text.hw_claim_clear
                0x10001378       0x38 CMakeFiles/automation2040w_takeover.dir/C_/Users/ben/Documents/GitHub/pico-sdk/src/rp2_common/hardware_claim/claim.c.obj
                0x10001378                hw_claim_clear
 .text.running_on_fpga
                0x100013b0       0x10 CMakeFiles/automation2040w_takeover.dir/C_/Users/ben/Documents/GitHub/pico-sdk/src/rp2_common/pico_platform/platform.c.obj
                0x100013b0                running_on_fpga
 .text.spin_locks_reset
                0x100013c0       0x1c CMakeFiles/automation2040w_takeover.dir/C_/Users/ben/Documents/GitHub/pico-sdk/src/rp2_common/hardware_sync/sync.c.obj
                0x100013c0                spin_locks_reset
 .text.next_striped_spin_lock_num
                0x100013dc       0x18 CMakeFiles/automation2040w_takeover.dir/C_/Users/ben/Documents/GitHub/pico-sdk/src/rp2_common/hardware_sync/sync.c.obj
                0x100013dc                next_striped_spin_lock_num
 .text.spin_lock_claim_unused
                0x100013f4       0x20 CMakeFiles/automation2040w_takeover.dir/C_/Users/ben/Documents/GitHub/pico-sdk/src/rp2_common/hardware_sync/sync.c.obj
                0x100013f4                spin_lock_claim_unused
 .text.rom_func_lookup
                0x10001414       0x10 CMakeFiles/automation2040w_takeover.dir/C_/Users/ben/Documents/GitHub/pico-sdk/src/rp2_common/pico_bootrom/bootrom.c.obj
                0x10001414                rom_func_lookup
 .text.rom_data_lookup
                0x10001424       0x10 CMakeFiles/automation2040w_takeover.dir/C_/Users/ben/Documents/GitHub/pico-sdk/src/rp2_common/pico_bootrom/bootrom.c.obj
                0x10001424                rom_data_lookup
 .text.rom_funcs_lookup
                0x10001434       0x44 CMakeFiles/automation2040w_takeover.dir/C_/Users/ben/Documents/GitHub/pico-sdk/src/rp2_common/pico_bootrom/bootrom.c.obj
                0x10001434                rom_funcs_lookup
 .text.ns_delay.constprop.0
                0x10001478       0x20 CMakeFiles/automation2040w_takeover.dir/C_/Users/ben/Documents/GitHub/pico-sdk/src/rp2_common/cyw43_driver/cyw43_bus_pio_spi.c.obj
 .text.cyw43_spi_init
                0x10001498      0x1c8 CMakeFiles/automation2040w_takeover.dir/C_/Users/ben/Documents/GitHub/pico-sdk/src/rp2_common/cyw43_driver/cyw43_bus_pio_spi.c.obj
                0x10001498                cyw43_spi_init
 .text.cyw43_spi_deinit
                0x10001660       0x6c CMakeFiles/automation2040w_takeover.dir/C_/Users/ben/Documents/GitHub/pico-sdk/src/rp2_common/cyw43_driver/cyw43_bus_pio_spi.c.obj
                0x10001660                cyw43_spi_deinit
 .text.cyw43_spi_transfer
                0x100016cc      0x3ac CMakeFiles/automation2040w_takeover.dir/C_/Users/ben/Documents/GitHub/pico-sdk/src/rp2_common/cyw43_driver/cyw43_bus_pio_spi.c.obj
                0x100016cc                cyw43_spi_transfer
 .text.cyw43_spi_gpio_setup
                0x10001a78       0x3c CMakeFiles/automation2040w_takeover.dir/C_/Users/ben/Documents/GitHub/pico-sdk/src/rp2_common/cyw43_driver/cyw43_bus_pio_spi.c.obj
                0x10001a78                cyw43_spi_gpio_setup
 .text.cyw43_spi_reset
                0x10001ab4       0x28 CMakeFiles/automation2040w_takeover.dir/C_/Users/ben/Documents/GitHub/pico-sdk/src/rp2_common/cyw43_driver/cyw43_bus_pio_spi.c.obj
                0x10001ab4                cyw43_spi_reset
 .text.read_reg_u32_swap
                0x10001adc       0x3c CMakeFiles/automation2040w_takeover.dir/C_/Users/ben/Documents/GitHub/pico-sdk/src/rp2_common/cyw43_driver/cyw43_bus_pio_spi.c.obj
                0x10001adc                read_reg_u32_swap
 .text.cyw43_read_reg_u32
                0x10001b18       0x6c CMakeFiles/automation2040w_takeover.dir/C_/Users/ben/Documents/GitHub/pico-sdk/src/rp2_common/cyw43_driver/cyw43_bus_pio_spi.c.obj
                0x10001b18                cyw43_read_reg_u32
 .text.cyw43_read_reg_u16
                0x10001b84       0x6c CMakeFiles/automation2040w_takeover.dir/C_/Users/ben/Documents/GitHub/pico-sdk/src/rp2_common/cyw43_driver/cyw43_bus_pio_spi.c.obj
                0x10001b84                cyw43_read_reg_u16
 .text.cyw43_read_reg_u8
                0x10001bf0       0x6c CMakeFiles/automation2040w_takeover.dir/C_/Users/ben/Documents/GitHub/pico-sdk/src/rp2_common/cyw43_driver/cyw43_bus_pio_spi.c.obj
                0x10001bf0                cyw43_read_reg_u8
 .text.write_reg_u32_swap
                0x10001c5c      0x1c4 CMakeFiles/automation2040w_takeover.dir/C_/Users/ben/Documents/GitHub/pico-sdk/src/rp2_common/cyw43_driver/cyw43_bus_pio_spi.c.obj
                0x10001c5c                write_reg_u32_swap
 .text.cyw43_write_reg_u32
                0x10001e20      0x1e8 CMakeFiles/automation2040w_takeover.dir/C_/Users/ben/Documents/GitHub/pico-sdk/src/rp2_common/cyw43_driver/cyw43_bus_pio_spi.c.obj
                0x10001e20                cyw43_write_reg_u32
 .text.cyw43_write_reg_u16
                0x10002008      0x1e8 CMakeFiles/automation2040w_takeover.dir/C_/Users/ben/Documents/GitHub/pico-sdk/src/rp2_common/cyw43_driver/cyw43_bus_pio_spi.c.obj
                0x10002008                cyw43_write_reg_u16
 .text.cyw43_write_reg_u8
                0x100021f0      0x1e8 CMakeFiles/automation2040w_takeover.dir/C_/Users/ben/Documents/GitHub/pico-sdk/src/rp2_common/cyw43_driver/cyw43_bus_pio_spi.c.obj
                0x100021f0                cyw43_write_reg_u8
 .text.cyw43_read_bytes
                0x100023d8       0x8c CMakeFiles/automation2040w_takeover.dir/C_/Users/ben/Documents/GitHub/pico-sdk/src/rp2_common/cyw43_driver/cyw43_bus_pio_spi.c.obj
                0x100023d8                cyw43_read_bytes
 .text.cyw43_write_bytes
                0x10002464       0xd8 CMakeFiles/automation2040w_takeover.dir/C_/Users/ben/Documents/GitHub/pico-sdk/src/rp2_common/cyw43_driver/cyw43_bus_pio_spi.c.obj
                0x10002464                cyw43_write_bytes
 .text.cyw43_set_backplane_window
                0x1000253c       0x64 CMakeFiles/automation2040w_takeover.dir/C_/Users/ben/Documents/GitHub/pico-sdk/lib/cyw43-driver/src/cyw43_ll.c.obj
 .text.cyw43_ll_parse_async_event
                0x100025a0      0x13c CMakeFiles/automation2040w_takeover.dir/C_/Users/ben/Documents/GitHub/pico-sdk/lib/cyw43-driver/src/cyw43_ll.c.obj
 .text.cyw43_kso_set
                0x100026dc       0xa0 CMakeFiles/automation2040w_takeover.dir/C_/Users/ben/Documents/GitHub/pico-sdk/lib/cyw43-driver/src/cyw43_ll.c.obj
 .text.cyw43_ll_sdpcm_poll_device
                0x1000277c      0x244 CMakeFiles/automation2040w_takeover.dir/C_/Users/ben/Documents/GitHub/pico-sdk/lib/cyw43-driver/src/cyw43_ll.c.obj
 .text.cyw43_sdpcm_send_common
                0x100029c0       0xf4 CMakeFiles/automation2040w_takeover.dir/C_/Users/ben/Documents/GitHub/pico-sdk/lib/cyw43-driver/src/cyw43_ll.c.obj
 .text.cyw43_do_ioctl
                0x10002ab4      0x124 CMakeFiles/automation2040w_takeover.dir/C_/Users/ben/Documents/GitHub/pico-sdk/lib/cyw43-driver/src/cyw43_ll.c.obj
 .text.cyw43_do_ioctl.constprop.0
                0x10002bd8      0x120 CMakeFiles/automation2040w_takeover.dir/C_/Users/ben/Documents/GitHub/pico-sdk/lib/cyw43-driver/src/cyw43_ll.c.obj
 .text.reset_device_core.constprop.0
                0x10002cf8      0x3f0 CMakeFiles/automation2040w_takeover.dir/C_/Users/ben/Documents/GitHub/pico-sdk/lib/cyw43-driver/src/cyw43_ll.c.obj
 .text.cyw43_ll_init
                0x100030e8       0x18 CMakeFiles/automation2040w_takeover.dir/C_/Users/ben/Documents/GitHub/pico-sdk/lib/cyw43-driver/src/cyw43_ll.c.obj
                0x100030e8                cyw43_ll_init
 .text.cyw43_ll_deinit
                0x10003100        0x8 CMakeFiles/automation2040w_takeover.dir/C_/Users/ben/Documents/GitHub/pico-sdk/lib/cyw43-driver/src/cyw43_ll.c.obj
                0x10003100                cyw43_ll_deinit
 .text.cyw43_ll_send_ethernet
                0x10003108       0x60 CMakeFiles/automation2040w_takeover.dir/C_/Users/ben/Documents/GitHub/pico-sdk/lib/cyw43-driver/src/cyw43_ll.c.obj
                0x10003108                cyw43_ll_send_ethernet
 .text.cyw43_ll_process_packets
                0x10003168       0x68 CMakeFiles/automation2040w_takeover.dir/C_/Users/ben/Documents/GitHub/pico-sdk/lib/cyw43-driver/src/cyw43_ll.c.obj
                0x10003168                cyw43_ll_process_packets
 .text.cyw43_ll_ioctl
                0x100031d0       0x20 CMakeFiles/automation2040w_takeover.dir/C_/Users/ben/Documents/GitHub/pico-sdk/lib/cyw43-driver/src/cyw43_ll.c.obj
                0x100031d0                cyw43_ll_ioctl
 .text.cyw43_ll_bus_sleep
                0x100031f0       0x34 CMakeFiles/automation2040w_takeover.dir/C_/Users/ben/Documents/GitHub/pico-sdk/lib/cyw43-driver/src/cyw43_ll.c.obj
                0x100031f0                cyw43_ll_bus_sleep
 .text.cyw43_ll_bus_init
                0x10003224      0xcb8 CMakeFiles/automation2040w_takeover.dir/C_/Users/ben/Documents/GitHub/pico-sdk/lib/cyw43-driver/src/cyw43_ll.c.obj
                0x10003224                cyw43_ll_bus_init
 .text.cyw43_ll_wifi_on
                0x10003edc      0x2b0 CMakeFiles/automation2040w_takeover.dir/C_/Users/ben/Documents/GitHub/pico-sdk/lib/cyw43-driver/src/cyw43_ll.c.obj
                0x10003edc                cyw43_ll_wifi_on
 .text.cyw43_ll_wifi_get_mac
                0x1000418c       0x44 CMakeFiles/automation2040w_takeover.dir/C_/Users/ben/Documents/GitHub/pico-sdk/lib/cyw43-driver/src/cyw43_ll.c.obj
                0x1000418c                cyw43_ll_wifi_get_mac
 .text.cyw43_ll_wifi_pm
                0x100041d0      0x194 CMakeFiles/automation2040w_takeover.dir/C_/Users/ben/Documents/GitHub/pico-sdk/lib/cyw43-driver/src/cyw43_ll.c.obj
                0x100041d0                cyw43_ll_wifi_pm
 .text.cyw43_ll_wifi_join
                0x10004364      0x308 CMakeFiles/automation2040w_takeover.dir/C_/Users/ben/Documents/GitHub/pico-sdk/lib/cyw43-driver/src/cyw43_ll.c.obj
                0x10004364                cyw43_ll_wifi_join
 .text.cyw43_ll_wifi_set_wpa_auth
                0x1000466c       0x2c CMakeFiles/automation2040w_takeover.dir/C_/Users/ben/Documents/GitHub/pico-sdk/lib/cyw43-driver/src/cyw43_ll.c.obj
                0x1000466c                cyw43_ll_wifi_set_wpa_auth
 .text.cyw43_ll_wifi_rejoin
                0x10004698       0x1c CMakeFiles/automation2040w_takeover.dir/C_/Users/ben/Documents/GitHub/pico-sdk/lib/cyw43-driver/src/cyw43_ll.c.obj
                0x10004698                cyw43_ll_wifi_rejoin
 .text.cyw43_ll_wifi_ap_init
                0x100046b4      0x2c4 CMakeFiles/automation2040w_takeover.dir/C_/Users/ben/Documents/GitHub/pico-sdk/lib/cyw43-driver/src/cyw43_ll.c.obj
                0x100046b4                cyw43_ll_wifi_ap_init
 .text.cyw43_ll_wifi_ap_set_up
                0x10004978       0x54 CMakeFiles/automation2040w_takeover.dir/C_/Users/ben/Documents/GitHub/pico-sdk/lib/cyw43-driver/src/cyw43_ll.c.obj
                0x10004978                cyw43_ll_wifi_ap_set_up
 .text.cyw43_ll_gpio_set
                0x100049cc       0x6c CMakeFiles/automation2040w_takeover.dir/C_/Users/ben/Documents/GitHub/pico-sdk/lib/cyw43-driver/src/cyw43_ll.c.obj
                0x100049cc                cyw43_ll_gpio_set
 .text.cyw43_ll_gpio_get
                0x10004a38       0x6c CMakeFiles/automation2040w_takeover.dir/C_/Users/ben/Documents/GitHub/pico-sdk/lib/cyw43-driver/src/cyw43_ll.c.obj
                0x10004a38                cyw43_ll_gpio_get
 .text.cyw43_ll_has_work
                0x10004aa4       0x14 CMakeFiles/automation2040w_takeover.dir/C_/Users/ben/Documents/GitHub/pico-sdk/lib/cyw43-driver/src/cyw43_ll.c.obj
                0x10004aa4                cyw43_ll_has_work
 .text.cyw43_netif_init
                0x10004ab8       0x3c CMakeFiles/automation2040w_takeover.dir/C_/Users/ben/Documents/GitHub/pico-sdk/lib/cyw43-driver/src/cyw43_lwip.c.obj
 .text.cyw43_netif_output
                0x10004af4       0x34 CMakeFiles/automation2040w_takeover.dir/C_/Users/ben/Documents/GitHub/pico-sdk/lib/cyw43-driver/src/cyw43_lwip.c.obj
 .text.cyw43_cb_tcpip_init
                0x10004b28       0xfc CMakeFiles/automation2040w_takeover.dir/C_/Users/ben/Documents/GitHub/pico-sdk/lib/cyw43-driver/src/cyw43_lwip.c.obj
                0x10004b28                cyw43_cb_tcpip_init
 .text.cyw43_cb_tcpip_deinit
                0x10004c24       0x4c CMakeFiles/automation2040w_takeover.dir/C_/Users/ben/Documents/GitHub/pico-sdk/lib/cyw43-driver/src/cyw43_lwip.c.obj
                0x10004c24                cyw43_cb_tcpip_deinit
 .text.cyw43_cb_process_ethernet
                0x10004c70       0x68 CMakeFiles/automation2040w_takeover.dir/C_/Users/ben/Documents/GitHub/pico-sdk/lib/cyw43-driver/src/cyw43_lwip.c.obj
                0x10004c70                cyw43_cb_process_ethernet
 .text.cyw43_cb_tcpip_set_link_up
                0x10004cd8       0x18 CMakeFiles/automation2040w_takeover.dir/C_/Users/ben/Documents/GitHub/pico-sdk/lib/cyw43-driver/src/cyw43_lwip.c.obj
                0x10004cd8                cyw43_cb_tcpip_set_link_up
 .text.cyw43_cb_tcpip_set_link_down
                0x10004cf0       0x18 CMakeFiles/automation2040w_takeover.dir/C_/Users/ben/Documents/GitHub/pico-sdk/lib/cyw43-driver/src/cyw43_lwip.c.obj
                0x10004cf0                cyw43_cb_tcpip_set_link_down
 .text.cyw43_tcpip_link_status
                0x10004d08       0x34 CMakeFiles/automation2040w_takeover.dir/C_/Users/ben/Documents/GitHub/pico-sdk/lib/cyw43-driver/src/cyw43_lwip.c.obj
                0x10004d08                cyw43_tcpip_link_status
 .text.cyw43_poll_func
                0x10004d3c       0xbc CMakeFiles/automation2040w_takeover.dir/C_/Users/ben/Documents/GitHub/pico-sdk/lib/cyw43-driver/src/cyw43_ctrl.c.obj
 .text.cyw43_init
                0x10004df8       0x6c CMakeFiles/automation2040w_takeover.dir/C_/Users/ben/Documents/GitHub/pico-sdk/lib/cyw43-driver/src/cyw43_ctrl.c.obj
                0x10004df8                cyw43_init
 .text.cyw43_deinit
                0x10004e64       0x84 CMakeFiles/automation2040w_takeover.dir/C_/Users/ben/Documents/GitHub/pico-sdk/lib/cyw43-driver/src/cyw43_ctrl.c.obj
                0x10004e64                cyw43_deinit
 .text.cyw43_cb_read_host_interrupt_pin
                0x10004ee8        0xc CMakeFiles/automation2040w_takeover.dir/C_/Users/ben/Documents/GitHub/pico-sdk/lib/cyw43-driver/src/cyw43_ctrl.c.obj
                0x10004ee8                cyw43_cb_read_host_interrupt_pin
 .text.cyw43_cb_ensure_awake
                0x10004ef4        0xc CMakeFiles/automation2040w_takeover.dir/C_/Users/ben/Documents/GitHub/pico-sdk/lib/cyw43-driver/src/cyw43_ctrl.c.obj
                0x10004ef4                cyw43_cb_ensure_awake
 .text.cyw43_cb_process_async_event
                0x10004f00      0x238 CMakeFiles/automation2040w_takeover.dir/C_/Users/ben/Documents/GitHub/pico-sdk/lib/cyw43-driver/src/cyw43_ctrl.c.obj
                0x10004f00                cyw43_cb_process_async_event
 .text.cyw43_send_ethernet
                0x10005138       0xc0 CMakeFiles/automation2040w_takeover.dir/C_/Users/ben/Documents/GitHub/pico-sdk/lib/cyw43-driver/src/cyw43_ctrl.c.obj
                0x10005138                cyw43_send_ethernet
 .text.cyw43_wifi_get_mac
                0x100051f8       0x10 CMakeFiles/automation2040w_takeover.dir/C_/Users/ben/Documents/GitHub/pico-sdk/lib/cyw43-driver/src/cyw43_ctrl.c.obj
                0x100051f8                cyw43_wifi_get_mac
 .text.cyw43_wifi_set_up
                0x10005208      0x2c8 CMakeFiles/automation2040w_takeover.dir/C_/Users/ben/Documents/GitHub/pico-sdk/lib/cyw43-driver/src/cyw43_ctrl.c.obj
                0x10005208                cyw43_wifi_set_up
 .text.cyw43_wifi_link_status
                0x100054d0       0x3c CMakeFiles/automation2040w_takeover.dir/C_/Users/ben/Documents/GitHub/pico-sdk/lib/cyw43-driver/src/cyw43_ctrl.c.obj
                0x100054d0                cyw43_wifi_link_status
 .text.cyw43_wifi_join
                0x1000550c       0xf0 CMakeFiles/automation2040w_takeover.dir/C_/Users/ben/Documents/GitHub/pico-sdk/lib/cyw43-driver/src/cyw43_ctrl.c.obj
                0x1000550c                cyw43_wifi_join
 .text.cyw43_gpio_set
                0x100055fc       0x94 CMakeFiles/automation2040w_takeover.dir/C_/Users/ben/Documents/GitHub/pico-sdk/lib/cyw43-driver/src/cyw43_ctrl.c.obj
                0x100055fc                cyw43_gpio_set
 .text.cyw43_gpio_get
                0x10005690       0x94 CMakeFiles/automation2040w_takeover.dir/C_/Users/ben/Documents/GitHub/pico-sdk/lib/cyw43-driver/src/cyw43_ctrl.c.obj
                0x10005690                cyw43_gpio_get
 .text.gpio_set_function
                0x10005724       0x30 CMakeFiles/automation2040w_takeover.dir/C_/Users/ben/Documents/GitHub/pico-sdk/src/rp2_common/hardware_gpio/gpio.c.obj
                0x10005724                gpio_set_function
 .text.gpio_set_pulls
                0x10005754       0x30 CMakeFiles/automation2040w_takeover.dir/C_/Users/ben/Documents/GitHub/pico-sdk/src/rp2_common/hardware_gpio/gpio.c.obj
                0x10005754                gpio_set_pulls
 .text.gpio_set_input_hysteresis_enabled
                0x10005784       0x28 CMakeFiles/automation2040w_takeover.dir/C_/Users/ben/Documents/GitHub/pico-sdk/src/rp2_common/hardware_gpio/gpio.c.obj
                0x10005784                gpio_set_input_hysteresis_enabled
 .text.gpio_set_irq_enabled
                0x100057ac       0x54 CMakeFiles/automation2040w_takeover.dir/C_/Users/ben/Documents/GitHub/pico-sdk/src/rp2_common/hardware_gpio/gpio.c.obj
                0x100057ac                gpio_set_irq_enabled
 .text.gpio_add_raw_irq_handler_with_order_priority_masked
                0x10005800       0x44 CMakeFiles/automation2040w_takeover.dir/C_/Users/ben/Documents/GitHub/pico-sdk/src/rp2_common/hardware_gpio/gpio.c.obj
                0x10005800                gpio_add_raw_irq_handler_with_order_priority_masked
 .text.gpio_remove_raw_irq_handler_masked
                0x10005844       0x20 CMakeFiles/automation2040w_takeover.dir/C_/Users/ben/Documents/GitHub/pico-sdk/src/rp2_common/hardware_gpio/gpio.c.obj
                0x10005844                gpio_remove_raw_irq_handler_masked
 .text.gpio_set_input_enabled
                0x10005864       0x28 CMakeFiles/automation2040w_takeover.dir/C_/Users/ben/Documents/GitHub/pico-sdk/src/rp2_common/hardware_gpio/gpio.c.obj
                0x10005864                gpio_set_input_enabled
 .text.gpio_init
                0x1000588c       0x3c CMakeFiles/automation2040w_takeover.dir/C_/Users/ben/Documents/GitHub/pico-sdk/src/rp2_common/hardware_gpio/gpio.c.obj
                0x1000588c                gpio_init
 .text.irq_set_enabled
                0x100058c8       0x24 CMakeFiles/automation2040w_takeover.dir/C_/Users/ben/Documents/GitHub/pico-sdk/src/rp2_common/hardware_irq/irq.c.obj
                0x100058c8                irq_set_enabled
 .text.irq_set_pending
                0x100058ec       0x10 CMakeFiles/automation2040w_takeover.dir/C_/Users/ben/Documents/GitHub/pico-sdk/src/rp2_common/hardware_irq/irq.c.obj
                0x100058ec                irq_set_pending
 .text.irq_has_shared_handler
                0x100058fc       0x2c CMakeFiles/automation2040w_takeover.dir/C_/Users/ben/Documents/GitHub/pico-sdk/src/rp2_common/hardware_irq/irq.c.obj
                0x100058fc                irq_has_shared_handler
 .text.irq_get_vtable_handler
                0x10005928       0x10 CMakeFiles/automation2040w_takeover.dir/C_/Users/ben/Documents/GitHub/pico-sdk/src/rp2_common/hardware_irq/irq.c.obj
                0x10005928                irq_get_vtable_handler
 .text.irq_set_exclusive_handler
                0x10005938       0x54 CMakeFiles/automation2040w_takeover.dir/C_/Users/ben/Documents/GitHub/pico-sdk/src/rp2_common/hardware_irq/irq.c.obj
                0x10005938                irq_set_exclusive_handler
 .text.irq_add_shared_handler
                0x1000598c      0x1e4 CMakeFiles/automation2040w_takeover.dir/C_/Users/ben/Documents/GitHub/pico-sdk/src/rp2_common/hardware_irq/irq.c.obj
                0x1000598c                irq_add_shared_handler
 .text.irq_remove_handler
                0x10005b70      0x1b4 CMakeFiles/automation2040w_takeover.dir/C_/Users/ben/Documents/GitHub/pico-sdk/src/rp2_common/hardware_irq/irq.c.obj
                0x10005b70                irq_remove_handler
 .text.irq_add_tail_to_free_list
                0x10005d24       0xb4 CMakeFiles/automation2040w_takeover.dir/C_/Users/ben/Documents/GitHub/pico-sdk/src/rp2_common/hardware_irq/irq.c.obj
                0x10005d24                irq_add_tail_to_free_list
 .text.irq_init_priorities
                0x10005dd8       0x24 CMakeFiles/automation2040w_takeover.dir/C_/Users/ben/Documents/GitHub/pico-sdk/src/rp2_common/hardware_irq/irq.c.obj
                0x10005dd8                irq_init_priorities
 .text.user_irq_claim_unused
                0x10005dfc       0x30 CMakeFiles/automation2040w_takeover.dir/C_/Users/ben/Documents/GitHub/pico-sdk/src/rp2_common/hardware_irq/irq.c.obj
                0x10005dfc                user_irq_claim_unused
 .text.lock_init
                0x10005e2c       0x10 CMakeFiles/automation2040w_takeover.dir/C_/Users/ben/Documents/GitHub/pico-sdk/src/common/pico_sync/lock_core.c.obj
                0x10005e2c                lock_init
 .text.timer_pool_entry_comparator
                0x10005e3c       0x34 CMakeFiles/automation2040w_takeover.dir/C_/Users/ben/Documents/GitHub/pico-sdk/src/common/pico_time/time.c.obj
                0x10005e3c                timer_pool_entry_comparator
 .text.sleep_until_callback
                0x10005e70       0x30 CMakeFiles/automation2040w_takeover.dir/C_/Users/ben/Documents/GitHub/pico-sdk/src/common/pico_time/time.c.obj
 .text.add_alarm_under_lock.isra.0
                0x10005ea0      0x100 CMakeFiles/automation2040w_takeover.dir/C_/Users/ben/Documents/GitHub/pico-sdk/src/common/pico_time/time.c.obj
 .text.alarm_pool_alarm_callback
                0x10005fa0      0x1c8 CMakeFiles/automation2040w_takeover.dir/C_/Users/ben/Documents/GitHub/pico-sdk/src/common/pico_time/time.c.obj
 .text.alarm_pool_add_alarm_at.constprop.0
                0x10006168      0x11c CMakeFiles/automation2040w_takeover.dir/C_/Users/ben/Documents/GitHub/pico-sdk/src/common/pico_time/time.c.obj
 .text.alarm_pool_init_default
                0x10006284       0x64 CMakeFiles/automation2040w_takeover.dir/C_/Users/ben/Documents/GitHub/pico-sdk/src/common/pico_time/time.c.obj
                0x10006284                alarm_pool_init_default
 .text.alarm_pool_get_default
                0x100062e8        0x8 CMakeFiles/automation2040w_takeover.dir/C_/Users/ben/Documents/GitHub/pico-sdk/src/common/pico_time/time.c.obj
                0x100062e8                alarm_pool_get_default
 .text.alarm_pool_add_alarm_at
                0x100062f0      0x198 CMakeFiles/automation2040w_takeover.dir/C_/Users/ben/Documents/GitHub/pico-sdk/src/common/pico_time/time.c.obj
                0x100062f0                alarm_pool_add_alarm_at
 .text.sleep_until
                0x10006488       0xac CMakeFiles/automation2040w_takeover.dir/C_/Users/ben/Documents/GitHub/pico-sdk/src/common/pico_time/time.c.obj
                0x10006488                sleep_until
 .text.sleep_us
                0x10006534       0x30 CMakeFiles/automation2040w_takeover.dir/C_/Users/ben/Documents/GitHub/pico-sdk/src/common/pico_time/time.c.obj
                0x10006534                sleep_us
 .text.sleep_ms
                0x10006564       0x38 CMakeFiles/automation2040w_takeover.dir/C_/Users/ben/Documents/GitHub/pico-sdk/src/common/pico_time/time.c.obj
                0x10006564                sleep_ms
 .text.best_effort_wfe_or_timeout
                0x1000659c       0xd4 CMakeFiles/automation2040w_takeover.dir/C_/Users/ben/Documents/GitHub/pico-sdk/src/common/pico_time/time.c.obj
                0x1000659c                best_effort_wfe_or_timeout
 .text.hardware_alarm_irq_handler
                0x10006670       0xb8 CMakeFiles/automation2040w_takeover.dir/C_/Users/ben/Documents/GitHub/pico-sdk/src/rp2_common/hardware_timer/timer.c.obj
 .text.hardware_alarm_claim
                0x10006728       0x18 CMakeFiles/automation2040w_takeover.dir/C_/Users/ben/Documents/GitHub/pico-sdk/src/rp2_common/hardware_timer/timer.c.obj
                0x10006728                hardware_alarm_claim
 .text.time_us_64
                0x10006740       0x14 CMakeFiles/automation2040w_takeover.dir/C_/Users/ben/Documents/GitHub/pico-sdk/src/rp2_common/hardware_timer/timer.c.obj
                0x10006740                time_us_64
 .text.busy_wait_until
                0x10006754       0x20 CMakeFiles/automation2040w_takeover.dir/C_/Users/ben/Documents/GitHub/pico-sdk/src/rp2_common/hardware_timer/timer.c.obj
                0x10006754                busy_wait_until
 .text.hardware_alarm_set_callback
                0x10006774       0x8c CMakeFiles/automation2040w_takeover.dir/C_/Users/ben/Documents/GitHub/pico-sdk/src/rp2_common/hardware_timer/timer.c.obj
                0x10006774                hardware_alarm_set_callback
 .text.hardware_alarm_set_target
                0x10006800       0xe0 CMakeFiles/automation2040w_takeover.dir/C_/Users/ben/Documents/GitHub/pico-sdk/src/rp2_common/hardware_timer/timer.c.obj
                0x10006800                hardware_alarm_set_target
 .text.hardware_alarm_cancel
                0x100068e0       0x3c CMakeFiles/automation2040w_takeover.dir/C_/Users/ben/Documents/GitHub/pico-sdk/src/rp2_common/hardware_timer/timer.c.obj
                0x100068e0                hardware_alarm_cancel
 .text.ph_merge_nodes
                0x1000691c       0x68 CMakeFiles/automation2040w_takeover.dir/C_/Users/ben/Documents/GitHub/pico-sdk/src/common/pico_util/pheap.c.obj
 .text.ph_post_alloc_init
                0x10006984       0x3c CMakeFiles/automation2040w_takeover.dir/C_/Users/ben/Documents/GitHub/pico-sdk/src/common/pico_util/pheap.c.obj
                0x10006984                ph_post_alloc_init
 .text.ph_merge_two_pass
                0x100069c0       0x90 CMakeFiles/automation2040w_takeover.dir/C_/Users/ben/Documents/GitHub/pico-sdk/src/common/pico_util/pheap.c.obj
                0x100069c0                ph_merge_two_pass
 .text.ph_remove_any_head
                0x10006a50       0xf8 CMakeFiles/automation2040w_takeover.dir/C_/Users/ben/Documents/GitHub/pico-sdk/src/common/pico_util/pheap.c.obj
 .text.ph_remove_head
                0x10006b48       0xfc CMakeFiles/automation2040w_takeover.dir/C_/Users/ben/Documents/GitHub/pico-sdk/src/common/pico_util/pheap.c.obj
                0x10006b48                ph_remove_head
 .text.ph_remove_and_free_node
                0x10006c44       0x7c CMakeFiles/automation2040w_takeover.dir/C_/Users/ben/Documents/GitHub/pico-sdk/src/common/pico_util/pheap.c.obj
                0x10006c44                ph_remove_and_free_node
 .text.mutex_init
                0x10006cc0       0x1c CMakeFiles/automation2040w_takeover.dir/C_/Users/ben/Documents/GitHub/pico-sdk/src/common/pico_sync/mutex.c.obj
                0x10006cc0                mutex_init
 .text.recursive_mutex_init
                0x10006cdc       0x1c CMakeFiles/automation2040w_takeover.dir/C_/Users/ben/Documents/GitHub/pico-sdk/src/common/pico_sync/mutex.c.obj
                0x10006cdc                recursive_mutex_init
 .text.critical_section_init
                0x10006cf8       0x20 CMakeFiles/automation2040w_takeover.dir/C_/Users/ben/Documents/GitHub/pico-sdk/src/common/pico_sync/critical_section.c.obj
                0x10006cf8                critical_section_init
 .text.runtime_init
                0x10006d18       0xf0 CMakeFiles/automation2040w_takeover.dir/C_/Users/ben/Documents/GitHub/pico-sdk/src/rp2_common/pico_runtime/runtime.c.obj
                0x10006d18                runtime_init
 .text._sbrk    0x10006e08       0x34 CMakeFiles/automation2040w_takeover.dir/C_/Users/ben/Documents/GitHub/pico-sdk/src/rp2_common/pico_runtime/runtime.c.obj
                0x10006e08                _sbrk
 .text.exit     0x10006e3c        0x4 CMakeFiles/automation2040w_takeover.dir/C_/Users/ben/Documents/GitHub/pico-sdk/src/rp2_common/pico_runtime/runtime.c.obj
                0x10006e3c                exit
 .text.__assert_func
                0x10006e40       0x34 CMakeFiles/automation2040w_takeover.dir/C_/Users/ben/Documents/GitHub/pico-sdk/src/rp2_common/pico_runtime/runtime.c.obj
                0x10006e40                __assert_func
 .text.panic    0x10006e74       0x30 CMakeFiles/automation2040w_takeover.dir/C_/Users/ben/Documents/GitHub/pico-sdk/src/rp2_common/pico_runtime/runtime.c.obj
                0x10006e74                panic
 .text.hard_assertion_failure
                0x10006ea4        0xc CMakeFiles/automation2040w_takeover.dir/C_/Users/ben/Documents/GitHub/pico-sdk/src/rp2_common/pico_runtime/runtime.c.obj
                0x10006ea4                hard_assertion_failure
 .text.clocks_init
                0x10006eb0      0x2bc CMakeFiles/automation2040w_takeover.dir/C_/Users/ben/Documents/GitHub/pico-sdk/src/rp2_common/hardware_clocks/clocks.c.obj
                0x10006eb0                clocks_init
 .text.clock_get_hz
                0x1000716c        0xc CMakeFiles/automation2040w_takeover.dir/C_/Users/ben/Documents/GitHub/pico-sdk/src/rp2_common/hardware_clocks/clocks.c.obj
                0x1000716c                clock_get_hz
 .text.pll_init
                0x10007178       0xb0 CMakeFiles/automation2040w_takeover.dir/C_/Users/ben/Documents/GitHub/pico-sdk/src/rp2_common/hardware_pll/pll.c.obj
                0x10007178                pll_init
 .text.watchdog_start_tick
                0x10007228       0x10 CMakeFiles/automation2040w_takeover.dir/C_/Users/ben/Documents/GitHub/pico-sdk/src/rp2_common/hardware_watchdog/watchdog.c.obj
                0x10007228                watchdog_start_tick
 .text.watchdog_reboot
                0x10007238       0x98 CMakeFiles/automation2040w_takeover.dir/C_/Users/ben/Documents/GitHub/pico-sdk/src/rp2_common/hardware_watchdog/watchdog.c.obj
                0x10007238                watchdog_reboot
 .text.xosc_init
                0x100072d0       0x28 CMakeFiles/automation2040w_takeover.dir/C_/Users/ben/Documents/GitHub/pico-sdk/src/rp2_common/hardware_xosc/xosc.c.obj
                0x100072d0                xosc_init
 .text._out_buffer
                0x100072f8        0x8 CMakeFiles/automation2040w_takeover.dir/C_/Users/ben/Documents/GitHub/pico-sdk/src/rp2_common/pico_printf/printf.c.obj
 .text._out_null
                0x10007300        0x4 CMakeFiles/automation2040w_takeover.dir/C_/Users/ben/Documents/GitHub/pico-sdk/src/rp2_common/pico_printf/printf.c.obj
 .text._out_rev
                0x10007304       0x9c CMakeFiles/automation2040w_takeover.dir/C_/Users/ben/Documents/GitHub/pico-sdk/src/rp2_common/pico_printf/printf.c.obj
 .text._ntoa_format
                0x100073a0      0x1cc CMakeFiles/automation2040w_takeover.dir/C_/Users/ben/Documents/GitHub/pico-sdk/src/rp2_common/pico_printf/printf.c.obj
 .text._out_char
                0x1000756c       0x10 CMakeFiles/automation2040w_takeover.dir/C_/Users/ben/Documents/GitHub/pico-sdk/src/rp2_common/pico_printf/printf.c.obj
 .text._out_fct
                0x1000757c       0x10 CMakeFiles/automation2040w_takeover.dir/C_/Users/ben/Documents/GitHub/pico-sdk/src/rp2_common/pico_printf/printf.c.obj
 .text._etoa    0x1000758c      0x44c CMakeFiles/automation2040w_takeover.dir/C_/Users/ben/Documents/GitHub/pico-sdk/src/rp2_common/pico_printf/printf.c.obj
 .text._ftoa    0x100079d8      0x398 CMakeFiles/automation2040w_takeover.dir/C_/Users/ben/Documents/GitHub/pico-sdk/src/rp2_common/pico_printf/printf.c.obj
 .text._vsnprintf
                0x10007d70      0xb04 CMakeFiles/automation2040w_takeover.dir/C_/Users/ben/Documents/GitHub/pico-sdk/src/rp2_common/pico_printf/printf.c.obj
 .text.__wrap_sprintf
                0x10008874       0x28 CMakeFiles/automation2040w_takeover.dir/C_/Users/ben/Documents/GitHub/pico-sdk/src/rp2_common/pico_printf/printf.c.obj
                0x10008874                __wrap_sprintf
 .text.__wrap_snprintf
                0x1000889c       0x28 CMakeFiles/automation2040w_takeover.dir/C_/Users/ben/Documents/GitHub/pico-sdk/src/rp2_common/pico_printf/printf.c.obj
                0x1000889c                __wrap_snprintf
 .text.vfctprintf
                0x100088c4       0x20 CMakeFiles/automation2040w_takeover.dir/C_/Users/ben/Documents/GitHub/pico-sdk/src/rp2_common/pico_printf/printf.c.obj
                0x100088c4                vfctprintf
 .text.weak_raw_printf
                0x100088e4       0x40 CMakeFiles/automation2040w_takeover.dir/C_/Users/ben/Documents/GitHub/pico-sdk/src/rp2_common/pico_printf/printf.c.obj
                0x100088e4                weak_raw_printf
 .text.weak_raw_vprintf
                0x10008924       0x30 CMakeFiles/automation2040w_takeover.dir/C_/Users/ben/Documents/GitHub/pico-sdk/src/rp2_common/pico_printf/printf.c.obj
                0x10008924                weak_raw_vprintf
 .text          0x10008954       0x10 CMakeFiles/automation2040w_takeover.dir/C_/Users/ben/Documents/GitHub/pico-sdk/src/rp2_common/pico_bit_ops/bit_ops_aeabi.S.obj
 .text.ctzsi    0x10008964        0xc CMakeFiles/automation2040w_takeover.dir/C_/Users/ben/Documents/GitHub/pico-sdk/src/rp2_common/pico_bit_ops/bit_ops_aeabi.S.obj
                0x10008964                __wrap___ctzsi2
 .text.__wrap___aeabi_idiv
                0x10008970       0x50 CMakeFiles/automation2040w_takeover.dir/C_/Users/ben/Documents/GitHub/pico-sdk/src/rp2_common/pico_divider/divider.S.obj
                0x10008970                __wrap___aeabi_idivmod
                0x10008970                divmod_s32s32
                0x10008970                div_s32s32
                0x10008970                __wrap___aeabi_idiv
                0x10008978                divmod_s32s32_unsafe
                0x100089a4                divmod_s32s32_savestate
 .text.__wrap___aeabi_uidiv
                0x100089c0       0x4c CMakeFiles/automation2040w_takeover.dir/C_/Users/ben/Documents/GitHub/pico-sdk/src/rp2_common/pico_divider/divider.S.obj
                0x100089c0                __wrap___aeabi_uidiv
                0x100089c0                __wrap___aeabi_uidivmod
                0x100089c0                div_u32u32
                0x100089c0                divmod_u32u32
                0x100089c8                divmod_u32u32_unsafe
                0x100089f0                divmod_u32u32_savestate
 .text.__wrap___aeabi_ldiv
                0x10008a0c      0x434 CMakeFiles/automation2040w_takeover.dir/C_/Users/ben/Documents/GitHub/pico-sdk/src/rp2_common/pico_divider/divider.S.obj
                0x10008a0c                div_s64s64
                0x10008a0c                divmod_s64s64
                0x10008a0c                __wrap___aeabi_ldivmod
                0x10008a44                divmod_u64u64
                0x10008a44                div_u64u64
                0x10008a44                __wrap___aeabi_uldivmod
                0x10008a54                divmod_u64u64_savestate
                0x10008a7c                divmod_s64s64_unsafe
                0x10008b04                divmod_u64u64_unsafe
 .text.__wrap___aeabi_darithmetic
                0x10008e40       0x60 CMakeFiles/automation2040w_takeover.dir/C_/Users/ben/Documents/GitHub/pico-sdk/src/rp2_common/pico_double/double_aeabi.S.obj
                0x10008e40                __wrap___aeabi_drsub
                0x10008e46                __wrap___aeabi_dsub
                0x10008e50                __wrap___aeabi_dadd
                0x10008e5a                __wrap___aeabi_ddiv
                0x10008e8e                __wrap___aeabi_dmul
 .text.__wrap___aeabi_cdcmple
                0x10008ea0       0x6c CMakeFiles/automation2040w_takeover.dir/C_/Users/ben/Documents/GitHub/pico-sdk/src/rp2_common/pico_double/double_aeabi.S.obj
                0x10008ea0                __wrap___aeabi_cdrcmple
                0x10008eb0                __wrap___aeabi_cdcmpeq
                0x10008eb0                __wrap___aeabi_cdcmple
 .text.__wrap___aeabi_dcmpeq
                0x10008f0c       0x10 CMakeFiles/automation2040w_takeover.dir/C_/Users/ben/Documents/GitHub/pico-sdk/src/rp2_common/pico_double/double_aeabi.S.obj
                0x10008f0c                __wrap___aeabi_dcmpeq
 .text.__wrap___aeabi_dcmplt
                0x10008f1c        0xc CMakeFiles/automation2040w_takeover.dir/C_/Users/ben/Documents/GitHub/pico-sdk/src/rp2_common/pico_double/double_aeabi.S.obj
                0x10008f1c                __wrap___aeabi_dcmplt
 .text.__wrap___aeabi_dcmple
                0x10008f28       0x10 CMakeFiles/automation2040w_takeover.dir/C_/Users/ben/Documents/GitHub/pico-sdk/src/rp2_common/pico_double/double_aeabi.S.obj
                0x10008f28                __wrap___aeabi_dcmple
 .text.__wrap___aeabi_dcmpge
                0x10008f38       0x10 CMakeFiles/automation2040w_takeover.dir/C_/Users/ben/Documents/GitHub/pico-sdk/src/rp2_common/pico_double/double_aeabi.S.obj
                0x10008f38                __wrap___aeabi_dcmpge
 .text.__wrap___aeabi_dcmpgt
                0x10008f48        0xa CMakeFiles/automation2040w_takeover.dir/C_/Users/ben/Documents/GitHub/pico-sdk/src/rp2_common/pico_double/double_aeabi.S.obj
                0x10008f48                __wrap___aeabi_dcmpgt
 .text.__wrap___aeabi_dcmpun
                0x10008f52       0x1c CMakeFiles/automation2040w_takeover.dir/C_/Users/ben/Documents/GitHub/pico-sdk/src/rp2_common/pico_double/double_aeabi.S.obj
                0x10008f52                __wrap___aeabi_dcmpun
 *fill*         0x10008f6e        0x2 
 .text.__wrap___aeabi_i2d
                0x10008f70       0x38 CMakeFiles/automation2040w_takeover.dir/C_/Users/ben/Documents/GitHub/pico-sdk/src/rp2_common/pico_double/double_aeabi.S.obj
                0x10008f70                __wrap___aeabi_ui2d
                0x10008f78                __wrap___aeabi_i2d
 .text.__wrap___aeabi_d2iz
                0x10008fa8       0x48 CMakeFiles/automation2040w_takeover.dir/C_/Users/ben/Documents/GitHub/pico-sdk/src/rp2_common/pico_double/double_aeabi.S.obj
                0x10008fa8                double2int_z
                0x10008fa8                __wrap___aeabi_d2iz
 .text.__wrap___aeabi_d2uiz
                0x10008ff0       0x10 CMakeFiles/automation2040w_takeover.dir/C_/Users/ben/Documents/GitHub/pico-sdk/src/rp2_common/pico_double/double_aeabi.S.obj
                0x10008ff0                __wrap___aeabi_d2uiz
                0x10008ff0                double2uint
 .text.__wrap___aeabi_l2d
                0x10009000       0x10 CMakeFiles/automation2040w_takeover.dir/C_/Users/ben/Documents/GitHub/pico-sdk/src/rp2_common/pico_double/double_aeabi.S.obj
                0x10009000                __wrap___aeabi_l2d
 .text.__wrap___aeabi_d2lz
                0x10009010       0x26 CMakeFiles/automation2040w_takeover.dir/C_/Users/ben/Documents/GitHub/pico-sdk/src/rp2_common/pico_double/double_aeabi.S.obj
                0x10009010                double2int64_z
                0x10009010                __wrap___aeabi_d2lz
 *fill*         0x10009036        0x2 
 .text.double2int64
                0x10009038       0x10 CMakeFiles/automation2040w_takeover.dir/C_/Users/ben/Documents/GitHub/pico-sdk/src/rp2_common/pico_double/double_aeabi.S.obj
                0x10009038                double2int64
 .text.double2ufix64
                0x10009048       0x10 CMakeFiles/automation2040w_takeover.dir/C_/Users/ben/Documents/GitHub/pico-sdk/src/rp2_common/pico_double/double_aeabi.S.obj
                0x10009048                double2ufix64
 .text.__wrap___aeabi_d2f
                0x10009058       0x10 CMakeFiles/automation2040w_takeover.dir/C_/Users/ben/Documents/GitHub/pico-sdk/src/rp2_common/pico_double/double_aeabi.S.obj
                0x10009058                __wrap___aeabi_d2f
 .text.missing_double_func_shim
                0x10009068        0xc CMakeFiles/automation2040w_takeover.dir/C_/Users/ben/Documents/GitHub/pico-sdk/src/rp2_common/pico_double/double_init_rom.c.obj
 .text.__aeabi_double_init
                0x10009074       0x98 CMakeFiles/automation2040w_takeover.dir/C_/Users/ben/Documents/GitHub/pico-sdk/src/rp2_common/pico_double/double_init_rom.c.obj
                0x10009074                __aeabi_double_init
 .text.double_table_shim_on_use_helper
                0x1000910c       0x2c CMakeFiles/automation2040w_takeover.dir/C_/Users/ben/Documents/GitHub/pico-sdk/src/rp2_common/pico_double/double_v1_rom_shim.S.obj
                0x1000910c                double_table_shim_on_use_helper
 .text.__aeabi_lmul
                0x10009138       0x32 CMakeFiles/automation2040w_takeover.dir/C_/Users/ben/Documents/GitHub/pico-sdk/src/rp2_common/pico_int64_ops/pico_int64_ops_aeabi.S.obj
                0x10009138                __wrap___aeabi_lmul
 *fill*         0x1000916a        0x2 
 .text.__wrap___aeabi_farithmetic
                0x1000916c       0x48 CMakeFiles/automation2040w_takeover.dir/C_/Users/ben/Documents/GitHub/pico-sdk/src/rp2_common/pico_float/float_aeabi.S.obj
                0x1000916c                __wrap___aeabi_frsub
                0x10009172                __wrap___aeabi_fsub
                0x10009178                __wrap___aeabi_fadd
                0x1000917e                __wrap___aeabi_fdiv
                0x100091a6                __wrap___aeabi_fmul
 .text.__wrap___aeabi_i2f
                0x100091b4       0x44 CMakeFiles/automation2040w_takeover.dir/C_/Users/ben/Documents/GitHub/pico-sdk/src/rp2_common/pico_float/float_aeabi.S.obj
                0x100091b4                __wrap___aeabi_i2f
 .text.__wrap___aeabi_f2d
                0x100091f8        0xc CMakeFiles/automation2040w_takeover.dir/C_/Users/ben/Documents/GitHub/pico-sdk/src/rp2_common/pico_float/float_aeabi.S.obj
                0x100091f8                __wrap___aeabi_f2d
 .text.missing_float_func_shim
                0x10009204        0xc CMakeFiles/automation2040w_takeover.dir/C_/Users/ben/Documents/GitHub/pico-sdk/src/rp2_common/pico_float/float_init_rom.c.obj
 .text.__aeabi_float_init
                0x10009210       0x5c CMakeFiles/automation2040w_takeover.dir/C_/Users/ben/Documents/GitHub/pico-sdk/src/rp2_common/pico_float/float_init_rom.c.obj
                0x10009210                __aeabi_float_init
 .text.__wrap_malloc
                0x1000926c       0x24 CMakeFiles/automation2040w_takeover.dir/C_/Users/ben/Documents/GitHub/pico-sdk/src/rp2_common/pico_malloc/pico_malloc.c.obj
                0x1000926c                __wrap_malloc
 .text.__wrap_calloc
                0x10009290       0x24 CMakeFiles/automation2040w_takeover.dir/C_/Users/ben/Documents/GitHub/pico-sdk/src/rp2_common/pico_malloc/pico_malloc.c.obj
                0x10009290                __wrap_calloc
 .text.__wrap_realloc
                0x100092b4       0x24 CMakeFiles/automation2040w_takeover.dir/C_/Users/ben/Documents/GitHub/pico-sdk/src/rp2_common/pico_malloc/pico_malloc.c.obj
                0x100092b4                __wrap_realloc
 .text.__wrap_free
                0x100092d8        0x8 CMakeFiles/automation2040w_takeover.dir/C_/Users/ben/Documents/GitHub/pico-sdk/src/rp2_common/pico_malloc/pico_malloc.c.obj
                0x100092d8                __wrap_free
 .text          0x100092e0       0x10 CMakeFiles/automation2040w_takeover.dir/C_/Users/ben/Documents/GitHub/pico-sdk/src/rp2_common/pico_mem_ops/mem_ops_aeabi.S.obj
                0x100092e0                __aeabi_mem_init
 .text.memset   0x100092f0        0xc CMakeFiles/automation2040w_takeover.dir/C_/Users/ben/Documents/GitHub/pico-sdk/src/rp2_common/pico_mem_ops/mem_ops_aeabi.S.obj
                0x100092f0                __wrap_memset
 .text.memcpy   0x100092fc        0xc CMakeFiles/automation2040w_takeover.dir/C_/Users/ben/Documents/GitHub/pico-sdk/src/rp2_common/pico_mem_ops/mem_ops_aeabi.S.obj
                0x100092fc                __wrap_memcpy
                0x100092fc                __wrap___aeabi_memcpy
 .text.stdio_out_chars_no_crlf
                0x10009308       0x10 CMakeFiles/automation2040w_takeover.dir/C_/Users/ben/Documents/GitHub/pico-sdk/src/rp2_common/pico_stdio/stdio.c.obj
 .text.stdio_out_chars_crlf
                0x10009318       0xb4 CMakeFiles/automation2040w_takeover.dir/C_/Users/ben/Documents/GitHub/pico-sdk/src/rp2_common/pico_stdio/stdio.c.obj
 .text.stdio_buffered_printer
                0x100093cc       0x64 CMakeFiles/automation2040w_takeover.dir/C_/Users/ben/Documents/GitHub/pico-sdk/src/rp2_common/pico_stdio/stdio.c.obj
 .text.stdio_put_string.isra.0
                0x10009430       0xfc CMakeFiles/automation2040w_takeover.dir/C_/Users/ben/Documents/GitHub/pico-sdk/src/rp2_common/pico_stdio/stdio.c.obj
 .text.__wrap_putchar
                0x1000952c       0xa0 CMakeFiles/automation2040w_takeover.dir/C_/Users/ben/Documents/GitHub/pico-sdk/src/rp2_common/pico_stdio/stdio.c.obj
                0x1000952c                __wrap_putchar
 .text.__wrap_puts
                0x100095cc       0x3c CMakeFiles/automation2040w_takeover.dir/C_/Users/ben/Documents/GitHub/pico-sdk/src/rp2_common/pico_stdio/stdio.c.obj
                0x100095cc                __wrap_puts
 .text.stdio_set_driver_enabled
                0x10009608       0x30 CMakeFiles/automation2040w_takeover.dir/C_/Users/ben/Documents/GitHub/pico-sdk/src/rp2_common/pico_stdio/stdio.c.obj
                0x10009608                stdio_set_driver_enabled
 .text.stdio_flush
                0x10009638       0x28 CMakeFiles/automation2040w_takeover.dir/C_/Users/ben/Documents/GitHub/pico-sdk/src/rp2_common/pico_stdio/stdio.c.obj
                0x10009638                stdio_flush
 .text.__wrap_vprintf
                0x10009660       0xd8 CMakeFiles/automation2040w_takeover.dir/C_/Users/ben/Documents/GitHub/pico-sdk/src/rp2_common/pico_stdio/stdio.c.obj
                0x10009660                __wrap_vprintf
 .text.__wrap_printf
                0x10009738       0x18 CMakeFiles/automation2040w_takeover.dir/C_/Users/ben/Documents/GitHub/pico-sdk/src/rp2_common/pico_stdio/stdio.c.obj
                0x10009738                __wrap_printf
 .text.stdio_init_all
                0x10009750        0x8 CMakeFiles/automation2040w_takeover.dir/C_/Users/ben/Documents/GitHub/pico-sdk/src/rp2_common/pico_stdio/stdio.c.obj
                0x10009750                stdio_init_all
 .text.resetd_init
                0x10009758        0x4 CMakeFiles/automation2040w_takeover.dir/C_/Users/ben/Documents/GitHub/pico-sdk/src/rp2_common/pico_stdio_usb/reset_interface.c.obj
 .text.resetd_reset
                0x1000975c        0xc CMakeFiles/automation2040w_takeover.dir/C_/Users/ben/Documents/GitHub/pico-sdk/src/rp2_common/pico_stdio_usb/reset_interface.c.obj
 .text.resetd_open
                0x10009768       0x28 CMakeFiles/automation2040w_takeover.dir/C_/Users/ben/Documents/GitHub/pico-sdk/src/rp2_common/pico_stdio_usb/reset_interface.c.obj
 .text.resetd_xfer_cb
                0x10009790        0x4 CMakeFiles/automation2040w_takeover.dir/C_/Users/ben/Documents/GitHub/pico-sdk/src/rp2_common/pico_stdio_usb/reset_interface.c.obj
 .text.resetd_control_xfer_cb
                0x10009794       0x64 CMakeFiles/automation2040w_takeover.dir/C_/Users/ben/Documents/GitHub/pico-sdk/src/rp2_common/pico_stdio_usb/reset_interface.c.obj
 .text.usbd_app_driver_get_cb
                0x100097f8        0xc CMakeFiles/automation2040w_takeover.dir/C_/Users/ben/Documents/GitHub/pico-sdk/src/rp2_common/pico_stdio_usb/reset_interface.c.obj
                0x100097f8                usbd_app_driver_get_cb
 .text.tud_cdc_line_coding_cb
                0x10009804       0x34 CMakeFiles/automation2040w_takeover.dir/C_/Users/ben/Documents/GitHub/pico-sdk/src/rp2_common/pico_stdio_usb/reset_interface.c.obj
                0x10009804                tud_cdc_line_coding_cb
 .text.stdio_usb_in_chars
                0x10009838       0x68 CMakeFiles/automation2040w_takeover.dir/C_/Users/ben/Documents/GitHub/pico-sdk/src/rp2_common/pico_stdio_usb/stdio_usb.c.obj
                0x10009838                stdio_usb_in_chars
 .text.stdio_usb_out_chars
                0x100098a0       0xe4 CMakeFiles/automation2040w_takeover.dir/C_/Users/ben/Documents/GitHub/pico-sdk/src/rp2_common/pico_stdio_usb/stdio_usb.c.obj
 .text.timer_task
                0x10009984       0x18 CMakeFiles/automation2040w_takeover.dir/C_/Users/ben/Documents/GitHub/pico-sdk/src/rp2_common/pico_stdio_usb/stdio_usb.c.obj
 .text.usb_irq  0x1000999c       0x10 CMakeFiles/automation2040w_takeover.dir/C_/Users/ben/Documents/GitHub/pico-sdk/src/rp2_common/pico_stdio_usb/stdio_usb.c.obj
 .text.low_priority_worker_irq
                0x100099ac       0x24 CMakeFiles/automation2040w_takeover.dir/C_/Users/ben/Documents/GitHub/pico-sdk/src/rp2_common/pico_stdio_usb/stdio_usb.c.obj
 .text.stdio_usb_init
                0x100099d0       0xb0 CMakeFiles/automation2040w_takeover.dir/C_/Users/ben/Documents/GitHub/pico-sdk/src/rp2_common/pico_stdio_usb/stdio_usb.c.obj
                0x100099d0                stdio_usb_init
 .text.tud_descriptor_device_cb
                0x10009a80        0x8 CMakeFiles/automation2040w_takeover.dir/C_/Users/ben/Documents/GitHub/pico-sdk/src/rp2_common/pico_stdio_usb/stdio_usb_descriptors.c.obj
                0x10009a80                tud_descriptor_device_cb
 .text.tud_descriptor_configuration_cb
                0x10009a88        0x8 CMakeFiles/automation2040w_takeover.dir/C_/Users/ben/Documents/GitHub/pico-sdk/src/rp2_common/pico_stdio_usb/stdio_usb_descriptors.c.obj
                0x10009a88                tud_descriptor_configuration_cb
 .text.tud_descriptor_string_cb
                0x10009a90       0x74 CMakeFiles/automation2040w_takeover.dir/C_/Users/ben/Documents/GitHub/pico-sdk/src/rp2_common/pico_stdio_usb/stdio_usb_descriptors.c.obj
                0x10009a90                tud_descriptor_string_cb
 .text.dcd_rp2040_irq
                0x10009b04      0x21c CMakeFiles/automation2040w_takeover.dir/C_/Users/ben/Documents/GitHub/pico-sdk/lib/tinyusb/src/portable/raspberrypi/rp2040/dcd_rp2040.c.obj
 .text.dcd_int_enable
                0x10009d20        0xc CMakeFiles/automation2040w_takeover.dir/C_/Users/ben/Documents/GitHub/pico-sdk/lib/tinyusb/src/portable/raspberrypi/rp2040/dcd_rp2040.c.obj
                0x10009d20                dcd_int_enable
 .text.dcd_set_address
                0x10009d2c       0x14 CMakeFiles/automation2040w_takeover.dir/C_/Users/ben/Documents/GitHub/pico-sdk/lib/tinyusb/src/portable/raspberrypi/rp2040/dcd_rp2040.c.obj
                0x10009d2c                dcd_set_address
 .text.dcd_connect
                0x10009d40       0x10 CMakeFiles/automation2040w_takeover.dir/C_/Users/ben/Documents/GitHub/pico-sdk/lib/tinyusb/src/portable/raspberrypi/rp2040/dcd_rp2040.c.obj
                0x10009d40                dcd_connect
 .text.dcd_init
                0x10009d50      0x144 CMakeFiles/automation2040w_takeover.dir/C_/Users/ben/Documents/GitHub/pico-sdk/lib/tinyusb/src/portable/raspberrypi/rp2040/dcd_rp2040.c.obj
                0x10009d50                dcd_init
 .text.dcd_edpt0_status_complete
                0x10009e94       0x1c CMakeFiles/automation2040w_takeover.dir/C_/Users/ben/Documents/GitHub/pico-sdk/lib/tinyusb/src/portable/raspberrypi/rp2040/dcd_rp2040.c.obj
                0x10009e94                dcd_edpt0_status_complete
 .text.dcd_edpt_open
                0x10009eb0       0xf0 CMakeFiles/automation2040w_takeover.dir/C_/Users/ben/Documents/GitHub/pico-sdk/lib/tinyusb/src/portable/raspberrypi/rp2040/dcd_rp2040.c.obj
                0x10009eb0                dcd_edpt_open
 .text.dcd_edpt_close_all
                0x10009fa0       0xbc CMakeFiles/automation2040w_takeover.dir/C_/Users/ben/Documents/GitHub/pico-sdk/lib/tinyusb/src/portable/raspberrypi/rp2040/dcd_rp2040.c.obj
                0x10009fa0                dcd_edpt_close_all
 .text.dcd_edpt_xfer
                0x1000a05c       0x24 CMakeFiles/automation2040w_takeover.dir/C_/Users/ben/Documents/GitHub/pico-sdk/lib/tinyusb/src/portable/raspberrypi/rp2040/dcd_rp2040.c.obj
                0x1000a05c                dcd_edpt_xfer
 .text.dcd_edpt_stall
                0x1000a080       0x38 CMakeFiles/automation2040w_takeover.dir/C_/Users/ben/Documents/GitHub/pico-sdk/lib/tinyusb/src/portable/raspberrypi/rp2040/dcd_rp2040.c.obj
                0x1000a080                dcd_edpt_stall
 .text.dcd_edpt_clear_stall
                0x1000a0b8       0x30 CMakeFiles/automation2040w_takeover.dir/C_/Users/ben/Documents/GitHub/pico-sdk/lib/tinyusb/src/portable/raspberrypi/rp2040/dcd_rp2040.c.obj
                0x1000a0b8                dcd_edpt_clear_stall
 .text._hw_endpoint_buffer_control_update32.part.0.isra.0
                0x1000a0e8       0x1c CMakeFiles/automation2040w_takeover.dir/C_/Users/ben/Documents/GitHub/pico-sdk/lib/tinyusb/src/portable/raspberrypi/rp2040/rp2040_usb.c.obj
 .text.rp2040_usb_init
                0x1000a104       0x4c CMakeFiles/automation2040w_takeover.dir/C_/Users/ben/Documents/GitHub/pico-sdk/lib/tinyusb/src/portable/raspberrypi/rp2040/rp2040_usb.c.obj
                0x1000a104                rp2040_usb_init
 .text.hw_endpoint_reset_transfer
                0x1000a150        0xc CMakeFiles/automation2040w_takeover.dir/C_/Users/ben/Documents/GitHub/pico-sdk/lib/tinyusb/src/portable/raspberrypi/rp2040/rp2040_usb.c.obj
                0x1000a150                hw_endpoint_reset_transfer
 .text._hw_endpoint_buffer_control_update32
                0x1000a15c       0x44 CMakeFiles/automation2040w_takeover.dir/C_/Users/ben/Documents/GitHub/pico-sdk/lib/tinyusb/src/portable/raspberrypi/rp2040/rp2040_usb.c.obj
                0x1000a15c                _hw_endpoint_buffer_control_update32
 .text.hw_endpoint_xfer_start
                0x1000a1a0      0x138 CMakeFiles/automation2040w_takeover.dir/C_/Users/ben/Documents/GitHub/pico-sdk/lib/tinyusb/src/portable/raspberrypi/rp2040/rp2040_usb.c.obj
                0x1000a1a0                hw_endpoint_xfer_start
 .text.hw_endpoint_xfer_continue
                0x1000a2d8      0x1e4 CMakeFiles/automation2040w_takeover.dir/C_/Users/ben/Documents/GitHub/pico-sdk/lib/tinyusb/src/portable/raspberrypi/rp2040/rp2040_usb.c.obj
                0x1000a2d8                hw_endpoint_xfer_continue
 .text.tud_mounted
                0x1000a4bc       0x10 CMakeFiles/automation2040w_takeover.dir/C_/Users/ben/Documents/GitHub/pico-sdk/lib/tinyusb/src/device/usbd.c.obj
                0x1000a4bc                tud_mounted
 .text.tud_suspended
                0x1000a4cc       0x10 CMakeFiles/automation2040w_takeover.dir/C_/Users/ben/Documents/GitHub/pico-sdk/lib/tinyusb/src/device/usbd.c.obj
                0x1000a4cc                tud_suspended
 .text.tud_inited
                0x1000a4dc        0xc CMakeFiles/automation2040w_takeover.dir/C_/Users/ben/Documents/GitHub/pico-sdk/lib/tinyusb/src/device/usbd.c.obj
                0x1000a4dc                tud_inited
 .text.tud_init
                0x1000a4e8       0xd8 CMakeFiles/automation2040w_takeover.dir/C_/Users/ben/Documents/GitHub/pico-sdk/lib/tinyusb/src/device/usbd.c.obj
                0x1000a4e8                tud_init
 .text.tud_task
                0x1000a5c0      0x8ec CMakeFiles/automation2040w_takeover.dir/C_/Users/ben/Documents/GitHub/pico-sdk/lib/tinyusb/src/device/usbd.c.obj
                0x1000a5c0                tud_task
 .text.dcd_event_bus_signal
                0x1000aeac      0x120 CMakeFiles/automation2040w_takeover.dir/C_/Users/ben/Documents/GitHub/pico-sdk/lib/tinyusb/src/device/usbd.c.obj
                0x1000aeac                dcd_event_bus_signal
 .text.dcd_event_bus_reset
                0x1000afcc       0x54 CMakeFiles/automation2040w_takeover.dir/C_/Users/ben/Documents/GitHub/pico-sdk/lib/tinyusb/src/device/usbd.c.obj
                0x1000afcc                dcd_event_bus_reset
 .text.dcd_event_setup_received
                0x1000b020       0x50 CMakeFiles/automation2040w_takeover.dir/C_/Users/ben/Documents/GitHub/pico-sdk/lib/tinyusb/src/device/usbd.c.obj
                0x1000b020                dcd_event_setup_received
 .text.dcd_event_xfer_complete
                0x1000b070       0x68 CMakeFiles/automation2040w_takeover.dir/C_/Users/ben/Documents/GitHub/pico-sdk/lib/tinyusb/src/device/usbd.c.obj
                0x1000b070                dcd_event_xfer_complete
 .text.usbd_open_edpt_pair
                0x1000b0d8       0x80 CMakeFiles/automation2040w_takeover.dir/C_/Users/ben/Documents/GitHub/pico-sdk/lib/tinyusb/src/device/usbd.c.obj
                0x1000b0d8                usbd_open_edpt_pair
 .text.usbd_edpt_open
                0x1000b158       0x30 CMakeFiles/automation2040w_takeover.dir/C_/Users/ben/Documents/GitHub/pico-sdk/lib/tinyusb/src/device/usbd.c.obj
                0x1000b158                usbd_edpt_open
 .text.usbd_edpt_claim
                0x1000b188       0x64 CMakeFiles/automation2040w_takeover.dir/C_/Users/ben/Documents/GitHub/pico-sdk/lib/tinyusb/src/device/usbd.c.obj
                0x1000b188                usbd_edpt_claim
 .text.usbd_edpt_release
                0x1000b1ec       0x4c CMakeFiles/automation2040w_takeover.dir/C_/Users/ben/Documents/GitHub/pico-sdk/lib/tinyusb/src/device/usbd.c.obj
                0x1000b1ec                usbd_edpt_release
 .text.usbd_edpt_xfer
                0x1000b238       0x48 CMakeFiles/automation2040w_takeover.dir/C_/Users/ben/Documents/GitHub/pico-sdk/lib/tinyusb/src/device/usbd.c.obj
                0x1000b238                usbd_edpt_xfer
 .text.tud_control_status
                0x1000b280       0x30 CMakeFiles/automation2040w_takeover.dir/C_/Users/ben/Documents/GitHub/pico-sdk/lib/tinyusb/src/device/usbd_control.c.obj
                0x1000b280                tud_control_status
 .text.tud_control_xfer
                0x1000b2b0       0xbc CMakeFiles/automation2040w_takeover.dir/C_/Users/ben/Documents/GitHub/pico-sdk/lib/tinyusb/src/device/usbd_control.c.obj
                0x1000b2b0                tud_control_xfer
 .text.usbd_control_reset
                0x1000b36c       0x14 CMakeFiles/automation2040w_takeover.dir/C_/Users/ben/Documents/GitHub/pico-sdk/lib/tinyusb/src/device/usbd_control.c.obj
                0x1000b36c                usbd_control_reset
 .text.usbd_control_set_complete_callback
                0x1000b380        0xc CMakeFiles/automation2040w_takeover.dir/C_/Users/ben/Documents/GitHub/pico-sdk/lib/tinyusb/src/device/usbd_control.c.obj
                0x1000b380                usbd_control_set_complete_callback
 .text.usbd_control_set_request
                0x1000b38c       0x1c CMakeFiles/automation2040w_takeover.dir/C_/Users/ben/Documents/GitHub/pico-sdk/lib/tinyusb/src/device/usbd_control.c.obj
                0x1000b38c                usbd_control_set_request
 .text.usbd_control_xfer_cb
                0x1000b3a8       0xfc CMakeFiles/automation2040w_takeover.dir/C_/Users/ben/Documents/GitHub/pico-sdk/lib/tinyusb/src/device/usbd_control.c.obj
                0x1000b3a8                usbd_control_xfer_cb
 .text.tud_cdc_n_connected
                0x1000b4a4       0x30 CMakeFiles/automation2040w_takeover.dir/C_/Users/ben/Documents/GitHub/pico-sdk/lib/tinyusb/src/class/cdc/cdc_device.c.obj
                0x1000b4a4                tud_cdc_n_connected
 .text.tud_cdc_n_available
                0x1000b4d4       0x18 CMakeFiles/automation2040w_takeover.dir/C_/Users/ben/Documents/GitHub/pico-sdk/lib/tinyusb/src/class/cdc/cdc_device.c.obj
                0x1000b4d4                tud_cdc_n_available
 .text.tud_cdc_n_read
                0x1000b4ec       0x70 CMakeFiles/automation2040w_takeover.dir/C_/Users/ben/Documents/GitHub/pico-sdk/lib/tinyusb/src/class/cdc/cdc_device.c.obj
                0x1000b4ec                tud_cdc_n_read
 .text.tud_cdc_n_write_flush
                0x1000b55c       0x78 CMakeFiles/automation2040w_takeover.dir/C_/Users/ben/Documents/GitHub/pico-sdk/lib/tinyusb/src/class/cdc/cdc_device.c.obj
                0x1000b55c                tud_cdc_n_write_flush
 .text.tud_cdc_n_write
                0x1000b5d4       0x34 CMakeFiles/automation2040w_takeover.dir/C_/Users/ben/Documents/GitHub/pico-sdk/lib/tinyusb/src/class/cdc/cdc_device.c.obj
                0x1000b5d4                tud_cdc_n_write
 .text.tud_cdc_n_write_available
                0x1000b608       0x18 CMakeFiles/automation2040w_takeover.dir/C_/Users/ben/Documents/GitHub/pico-sdk/lib/tinyusb/src/class/cdc/cdc_device.c.obj
                0x1000b608                tud_cdc_n_write_available
 .text.cdcd_init
                0x1000b620       0x7c CMakeFiles/automation2040w_takeover.dir/C_/Users/ben/Documents/GitHub/pico-sdk/lib/tinyusb/src/class/cdc/cdc_device.c.obj
                0x1000b620                cdcd_init
 .text.cdcd_reset
                0x1000b69c       0x2c CMakeFiles/automation2040w_takeover.dir/C_/Users/ben/Documents/GitHub/pico-sdk/lib/tinyusb/src/class/cdc/cdc_device.c.obj
                0x1000b69c                cdcd_reset
 .text.cdcd_open
                0x1000b6c8       0xe4 CMakeFiles/automation2040w_takeover.dir/C_/Users/ben/Documents/GitHub/pico-sdk/lib/tinyusb/src/class/cdc/cdc_device.c.obj
                0x1000b6c8                cdcd_open
 .text.cdcd_control_xfer_cb
                0x1000b7ac       0xe4 CMakeFiles/automation2040w_takeover.dir/C_/Users/ben/Documents/GitHub/pico-sdk/lib/tinyusb/src/class/cdc/cdc_device.c.obj
                0x1000b7ac                cdcd_control_xfer_cb
 .text.cdcd_xfer_cb
                0x1000b890      0x148 CMakeFiles/automation2040w_takeover.dir/C_/Users/ben/Documents/GitHub/pico-sdk/lib/tinyusb/src/class/cdc/cdc_device.c.obj
                0x1000b890                cdcd_xfer_cb
 .text.tusb_init
                0x1000b9d8        0xc CMakeFiles/automation2040w_takeover.dir/C_/Users/ben/Documents/GitHub/pico-sdk/lib/tinyusb/src/tusb.c.obj
                0x1000b9d8                tusb_init
 .text.tusb_inited
                0x1000b9e4        0x8 CMakeFiles/automation2040w_takeover.dir/C_/Users/ben/Documents/GitHub/pico-sdk/lib/tinyusb/src/tusb.c.obj
                0x1000b9e4                tusb_inited
 .text.tu_edpt_validate
                0x1000b9ec       0x78 CMakeFiles/automation2040w_takeover.dir/C_/Users/ben/Documents/GitHub/pico-sdk/lib/tinyusb/src/tusb.c.obj
                0x1000b9ec                tu_edpt_validate
 .text.tu_edpt_bind_driver
                0x1000ba64       0x2c CMakeFiles/automation2040w_takeover.dir/C_/Users/ben/Documents/GitHub/pico-sdk/lib/tinyusb/src/tusb.c.obj
                0x1000ba64                tu_edpt_bind_driver
 .text.tu_fifo_config
                0x1000ba90       0x78 CMakeFiles/automation2040w_takeover.dir/C_/Users/ben/Documents/GitHub/pico-sdk/lib/tinyusb/src/common/tusb_fifo.c.obj
                0x1000ba90                tu_fifo_config
 .text.tu_fifo_count
                0x1000bb08       0x20 CMakeFiles/automation2040w_takeover.dir/C_/Users/ben/Documents/GitHub/pico-sdk/lib/tinyusb/src/common/tusb_fifo.c.obj
                0x1000bb08                tu_fifo_count
 .text.tu_fifo_empty
                0x1000bb28       0x10 CMakeFiles/automation2040w_takeover.dir/C_/Users/ben/Documents/GitHub/pico-sdk/lib/tinyusb/src/common/tusb_fifo.c.obj
                0x1000bb28                tu_fifo_empty
 .text.tu_fifo_remaining
                0x1000bb38       0x1c CMakeFiles/automation2040w_takeover.dir/C_/Users/ben/Documents/GitHub/pico-sdk/lib/tinyusb/src/common/tusb_fifo.c.obj
                0x1000bb38                tu_fifo_remaining
 .text.tu_fifo_read
                0x1000bb54       0x9c CMakeFiles/automation2040w_takeover.dir/C_/Users/ben/Documents/GitHub/pico-sdk/lib/tinyusb/src/common/tusb_fifo.c.obj
                0x1000bb54                tu_fifo_read
 .text.tu_fifo_read_n
                0x1000bbf0      0x100 CMakeFiles/automation2040w_takeover.dir/C_/Users/ben/Documents/GitHub/pico-sdk/lib/tinyusb/src/common/tusb_fifo.c.obj
                0x1000bbf0                tu_fifo_read_n
 .text.tu_fifo_write
                0x1000bcf0       0x7c CMakeFiles/automation2040w_takeover.dir/C_/Users/ben/Documents/GitHub/pico-sdk/lib/tinyusb/src/common/tusb_fifo.c.obj
                0x1000bcf0                tu_fifo_write
 .text.tu_fifo_write_n
                0x1000bd6c      0x100 CMakeFiles/automation2040w_takeover.dir/C_/Users/ben/Documents/GitHub/pico-sdk/lib/tinyusb/src/common/tusb_fifo.c.obj
                0x1000bd6c                tu_fifo_write_n
 .text.tu_fifo_clear
                0x1000be6c       0x4c CMakeFiles/automation2040w_takeover.dir/C_/Users/ben/Documents/GitHub/pico-sdk/lib/tinyusb/src/common/tusb_fifo.c.obj
                0x1000be6c                tu_fifo_clear
 .text.tu_fifo_set_overwritable
                0x1000beb8       0x3c CMakeFiles/automation2040w_takeover.dir/C_/Users/ben/Documents/GitHub/pico-sdk/lib/tinyusb/src/common/tusb_fifo.c.obj
                0x1000beb8                tu_fifo_set_overwritable
 .text.pio_sm_unclaim
                0x1000bef4       0x20 CMakeFiles/automation2040w_takeover.dir/C_/Users/ben/Documents/GitHub/pico-sdk/src/rp2_common/hardware_pio/pio.c.obj
                0x1000bef4                pio_sm_unclaim
 .text.pio_claim_unused_sm
                0x1000bf14       0x3c CMakeFiles/automation2040w_takeover.dir/C_/Users/ben/Documents/GitHub/pico-sdk/src/rp2_common/hardware_pio/pio.c.obj
                0x1000bf14                pio_claim_unused_sm
 .text.pio_can_add_program
                0x1000bf50       0x68 CMakeFiles/automation2040w_takeover.dir/C_/Users/ben/Documents/GitHub/pico-sdk/src/rp2_common/hardware_pio/pio.c.obj
                0x1000bf50                pio_can_add_program
 .text.pio_add_program
                0x1000bfb8       0xc8 CMakeFiles/automation2040w_takeover.dir/C_/Users/ben/Documents/GitHub/pico-sdk/src/rp2_common/hardware_pio/pio.c.obj
                0x1000bfb8                pio_add_program
 .text.pio_remove_program
                0x1000c080       0x34 CMakeFiles/automation2040w_takeover.dir/C_/Users/ben/Documents/GitHub/pico-sdk/src/rp2_common/hardware_pio/pio.c.obj
                0x1000c080                pio_remove_program
 .text.pio_sm_set_pindirs_with_mask
                0x1000c0b4       0x88 CMakeFiles/automation2040w_takeover.dir/C_/Users/ben/Documents/GitHub/pico-sdk/src/rp2_common/hardware_pio/pio.c.obj
                0x1000c0b4                pio_sm_set_pindirs_with_mask
 .text.pio_sm_set_consecutive_pindirs
                0x1000c13c       0x84 CMakeFiles/automation2040w_takeover.dir/C_/Users/ben/Documents/GitHub/pico-sdk/src/rp2_common/hardware_pio/pio.c.obj
                0x1000c13c                pio_sm_set_consecutive_pindirs
 .text.dma_channel_unclaim
                0x1000c1c0       0x10 CMakeFiles/automation2040w_takeover.dir/C_/Users/ben/Documents/GitHub/pico-sdk/src/rp2_common/hardware_dma/dma.c.obj
                0x1000c1c0                dma_channel_unclaim
 .text.dma_claim_unused_channel
                0x1000c1d0       0x20 CMakeFiles/automation2040w_takeover.dir/C_/Users/ben/Documents/GitHub/pico-sdk/src/rp2_common/hardware_dma/dma.c.obj
                0x1000c1d0                dma_claim_unused_channel
 .text.lwip_init
                0x1000c1f0       0x24 CMakeFiles/automation2040w_takeover.dir/C_/Users/ben/Documents/GitHub/pico-sdk/lib/lwip/src/core/init.c.obj
                0x1000c1f0                lwip_init
 .text.lwip_htons
                0x1000c214        0x8 CMakeFiles/automation2040w_takeover.dir/C_/Users/ben/Documents/GitHub/pico-sdk/lib/lwip/src/core/def.c.obj
                0x1000c214                lwip_htons
 .text.lwip_htonl
                0x1000c21c        0x4 CMakeFiles/automation2040w_takeover.dir/C_/Users/ben/Documents/GitHub/pico-sdk/lib/lwip/src/core/def.c.obj
                0x1000c21c                lwip_htonl
 .text.dns_call_found
                0x1000c220      0x134 CMakeFiles/automation2040w_takeover.dir/C_/Users/ben/Documents/GitHub/pico-sdk/lib/lwip/src/core/dns.c.obj
 .text.dns_send.isra.0
                0x1000c354      0x158 CMakeFiles/automation2040w_takeover.dir/C_/Users/ben/Documents/GitHub/pico-sdk/lib/lwip/src/core/dns.c.obj
 .text.dns_init
                0x1000c4ac        0x4 CMakeFiles/automation2040w_takeover.dir/C_/Users/ben/Documents/GitHub/pico-sdk/lib/lwip/src/core/dns.c.obj
                0x1000c4ac                dns_init
 .text.dns_setserver
                0x1000c4b0       0x2c CMakeFiles/automation2040w_takeover.dir/C_/Users/ben/Documents/GitHub/pico-sdk/lib/lwip/src/core/dns.c.obj
                0x1000c4b0                dns_setserver
 .text.dns_tmr  0x1000c4dc      0x12c CMakeFiles/automation2040w_takeover.dir/C_/Users/ben/Documents/GitHub/pico-sdk/lib/lwip/src/core/dns.c.obj
                0x1000c4dc                dns_tmr
 .text.lwip_standard_chksum
                0x1000c608       0xd8 CMakeFiles/automation2040w_takeover.dir/C_/Users/ben/Documents/GitHub/pico-sdk/lib/lwip/src/core/inet_chksum.c.obj
                0x1000c608                lwip_standard_chksum
 .text.inet_chksum_pseudo
                0x1000c6e0       0xb4 CMakeFiles/automation2040w_takeover.dir/C_/Users/ben/Documents/GitHub/pico-sdk/lib/lwip/src/core/inet_chksum.c.obj
                0x1000c6e0                inet_chksum_pseudo
 .text.ip_chksum_pseudo
                0x1000c794       0x10 CMakeFiles/automation2040w_takeover.dir/C_/Users/ben/Documents/GitHub/pico-sdk/lib/lwip/src/core/inet_chksum.c.obj
                0x1000c794                ip_chksum_pseudo
 .text.inet_chksum
                0x1000c7a4        0xc CMakeFiles/automation2040w_takeover.dir/C_/Users/ben/Documents/GitHub/pico-sdk/lib/lwip/src/core/inet_chksum.c.obj
                0x1000c7a4                inet_chksum
 .text.inet_chksum_pbuf
                0x1000c7b0       0x6c CMakeFiles/automation2040w_takeover.dir/C_/Users/ben/Documents/GitHub/pico-sdk/lib/lwip/src/core/inet_chksum.c.obj
                0x1000c7b0                inet_chksum_pbuf
 .text.mem_init
                0x1000c81c        0x4 CMakeFiles/automation2040w_takeover.dir/C_/Users/ben/Documents/GitHub/pico-sdk/lib/lwip/src/core/mem.c.obj
                0x1000c81c                mem_init
 .text.mem_trim
                0x1000c820        0x4 CMakeFiles/automation2040w_takeover.dir/C_/Users/ben/Documents/GitHub/pico-sdk/lib/lwip/src/core/mem.c.obj
                0x1000c820                mem_trim
 .text.mem_malloc
                0x1000c824       0x18 CMakeFiles/automation2040w_takeover.dir/C_/Users/ben/Documents/GitHub/pico-sdk/lib/lwip/src/core/mem.c.obj
                0x1000c824                mem_malloc
 .text.mem_free
                0x1000c83c        0x8 CMakeFiles/automation2040w_takeover.dir/C_/Users/ben/Documents/GitHub/pico-sdk/lib/lwip/src/core/mem.c.obj
                0x1000c83c                mem_free
 .text.memp_init
                0x1000c844       0x6c CMakeFiles/automation2040w_takeover.dir/C_/Users/ben/Documents/GitHub/pico-sdk/lib/lwip/src/core/memp.c.obj
                0x1000c844                memp_init
 .text.memp_malloc
                0x1000c8b0       0x3c CMakeFiles/automation2040w_takeover.dir/C_/Users/ben/Documents/GitHub/pico-sdk/lib/lwip/src/core/memp.c.obj
                0x1000c8b0                memp_malloc
 .text.memp_free
                0x1000c8ec       0x34 CMakeFiles/automation2040w_takeover.dir/C_/Users/ben/Documents/GitHub/pico-sdk/lib/lwip/src/core/memp.c.obj
                0x1000c8ec                memp_free
 .text.netif_null_output_ip4
                0x1000c920        0x8 CMakeFiles/automation2040w_takeover.dir/C_/Users/ben/Documents/GitHub/pico-sdk/lib/lwip/src/core/netif.c.obj
 .text.netif_init
                0x1000c928        0x4 CMakeFiles/automation2040w_takeover.dir/C_/Users/ben/Documents/GitHub/pico-sdk/lib/lwip/src/core/netif.c.obj
                0x1000c928                netif_init
 .text.netif_set_addr
                0x1000c92c       0xf0 CMakeFiles/automation2040w_takeover.dir/C_/Users/ben/Documents/GitHub/pico-sdk/lib/lwip/src/core/netif.c.obj
                0x1000c92c                netif_set_addr
 .text.netif_add
                0x1000ca1c      0x104 CMakeFiles/automation2040w_takeover.dir/C_/Users/ben/Documents/GitHub/pico-sdk/lib/lwip/src/core/netif.c.obj
                0x1000ca1c                netif_add
 .text.netif_remove
                0x1000cb20       0x94 CMakeFiles/automation2040w_takeover.dir/C_/Users/ben/Documents/GitHub/pico-sdk/lib/lwip/src/core/netif.c.obj
                0x1000cb20                netif_remove
 .text.netif_set_default
                0x1000cbb4        0xc CMakeFiles/automation2040w_takeover.dir/C_/Users/ben/Documents/GitHub/pico-sdk/lib/lwip/src/core/netif.c.obj
                0x1000cbb4                netif_set_default
 .text.netif_set_up
                0x1000cbc0       0x4c CMakeFiles/automation2040w_takeover.dir/C_/Users/ben/Documents/GitHub/pico-sdk/lib/lwip/src/core/netif.c.obj
                0x1000cbc0                netif_set_up
 .text.netif_set_link_up
                0x1000cc0c       0x50 CMakeFiles/automation2040w_takeover.dir/C_/Users/ben/Documents/GitHub/pico-sdk/lib/lwip/src/core/netif.c.obj
                0x1000cc0c                netif_set_link_up
 .text.netif_set_link_down
                0x1000cc5c       0x2c CMakeFiles/automation2040w_takeover.dir/C_/Users/ben/Documents/GitHub/pico-sdk/lib/lwip/src/core/netif.c.obj
                0x1000cc5c                netif_set_link_down
 .text.netif_get_by_index
                0x1000cc88       0x2c CMakeFiles/automation2040w_takeover.dir/C_/Users/ben/Documents/GitHub/pico-sdk/lib/lwip/src/core/netif.c.obj
                0x1000cc88                netif_get_by_index
 .text.pbuf_free_ooseq
                0x1000ccb4       0x34 CMakeFiles/automation2040w_takeover.dir/C_/Users/ben/Documents/GitHub/pico-sdk/lib/lwip/src/core/pbuf.c.obj
                0x1000ccb4                pbuf_free_ooseq
 .text.pbuf_alloc
                0x1000cce8      0x16c CMakeFiles/automation2040w_takeover.dir/C_/Users/ben/Documents/GitHub/pico-sdk/lib/lwip/src/core/pbuf.c.obj
                0x1000cce8                pbuf_alloc
 .text.pbuf_realloc
                0x1000ce54       0xbc CMakeFiles/automation2040w_takeover.dir/C_/Users/ben/Documents/GitHub/pico-sdk/lib/lwip/src/core/pbuf.c.obj
                0x1000ce54                pbuf_realloc
 .text.pbuf_add_header
                0x1000cf10       0x4c CMakeFiles/automation2040w_takeover.dir/C_/Users/ben/Documents/GitHub/pico-sdk/lib/lwip/src/core/pbuf.c.obj
                0x1000cf10                pbuf_add_header
 .text.pbuf_remove_header
                0x1000cf5c       0x48 CMakeFiles/automation2040w_takeover.dir/C_/Users/ben/Documents/GitHub/pico-sdk/lib/lwip/src/core/pbuf.c.obj
                0x1000cf5c                pbuf_remove_header
 .text.pbuf_header_force
                0x1000cfa4       0x78 CMakeFiles/automation2040w_takeover.dir/C_/Users/ben/Documents/GitHub/pico-sdk/lib/lwip/src/core/pbuf.c.obj
                0x1000cfa4                pbuf_header_force
 .text.pbuf_free
                0x1000d01c       0x64 CMakeFiles/automation2040w_takeover.dir/C_/Users/ben/Documents/GitHub/pico-sdk/lib/lwip/src/core/pbuf.c.obj
                0x1000d01c                pbuf_free
 .text.pbuf_clen
                0x1000d080       0x14 CMakeFiles/automation2040w_takeover.dir/C_/Users/ben/Documents/GitHub/pico-sdk/lib/lwip/src/core/pbuf.c.obj
                0x1000d080                pbuf_clen
 .text.pbuf_ref
                0x1000d094       0x18 CMakeFiles/automation2040w_takeover.dir/C_/Users/ben/Documents/GitHub/pico-sdk/lib/lwip/src/core/pbuf.c.obj
                0x1000d094                pbuf_ref
 .text.pbuf_cat
                0x1000d0ac       0x38 CMakeFiles/automation2040w_takeover.dir/C_/Users/ben/Documents/GitHub/pico-sdk/lib/lwip/src/core/pbuf.c.obj
                0x1000d0ac                pbuf_cat
 .text.pbuf_chain
                0x1000d0e4       0x54 CMakeFiles/automation2040w_takeover.dir/C_/Users/ben/Documents/GitHub/pico-sdk/lib/lwip/src/core/pbuf.c.obj
                0x1000d0e4                pbuf_chain
 .text.pbuf_copy_partial_pbuf
                0x1000d138      0x15c CMakeFiles/automation2040w_takeover.dir/C_/Users/ben/Documents/GitHub/pico-sdk/lib/lwip/src/core/pbuf.c.obj
                0x1000d138                pbuf_copy_partial_pbuf
 .text.pbuf_copy
                0x1000d294       0x20 CMakeFiles/automation2040w_takeover.dir/C_/Users/ben/Documents/GitHub/pico-sdk/lib/lwip/src/core/pbuf.c.obj
                0x1000d294                pbuf_copy
 .text.pbuf_copy_partial
                0x1000d2b4       0x8c CMakeFiles/automation2040w_takeover.dir/C_/Users/ben/Documents/GitHub/pico-sdk/lib/lwip/src/core/pbuf.c.obj
                0x1000d2b4                pbuf_copy_partial
 .text.pbuf_take
                0x1000d340       0x78 CMakeFiles/automation2040w_takeover.dir/C_/Users/ben/Documents/GitHub/pico-sdk/lib/lwip/src/core/pbuf.c.obj
                0x1000d340                pbuf_take
 .text.pbuf_take_at
                0x1000d3b8       0xb8 CMakeFiles/automation2040w_takeover.dir/C_/Users/ben/Documents/GitHub/pico-sdk/lib/lwip/src/core/pbuf.c.obj
                0x1000d3b8                pbuf_take_at
 .text.pbuf_clone
                0x1000d470       0x20 CMakeFiles/automation2040w_takeover.dir/C_/Users/ben/Documents/GitHub/pico-sdk/lib/lwip/src/core/pbuf.c.obj
                0x1000d470                pbuf_clone
 .text.pbuf_put_at
                0x1000d490       0x1c CMakeFiles/automation2040w_takeover.dir/C_/Users/ben/Documents/GitHub/pico-sdk/lib/lwip/src/core/pbuf.c.obj
                0x1000d490                pbuf_put_at
 .text.raw_input
                0x1000d4ac      0x12c CMakeFiles/automation2040w_takeover.dir/C_/Users/ben/Documents/GitHub/pico-sdk/lib/lwip/src/core/raw.c.obj
                0x1000d4ac                raw_input
 .text.raw_netif_ip_addr_changed
                0x1000d5d8       0x40 CMakeFiles/automation2040w_takeover.dir/C_/Users/ben/Documents/GitHub/pico-sdk/lib/lwip/src/core/raw.c.obj
                0x1000d5d8                raw_netif_ip_addr_changed
 .text.stats_init
                0x1000d618        0x4 CMakeFiles/automation2040w_takeover.dir/C_/Users/ben/Documents/GitHub/pico-sdk/lib/lwip/src/core/stats.c.obj
                0x1000d618                stats_init
 .text.tcp_close_shutdown_fin
                0x1000d61c       0x4c CMakeFiles/automation2040w_takeover.dir/C_/Users/ben/Documents/GitHub/pico-sdk/lib/lwip/src/core/tcp.c.obj
 .text.tcp_pcb_purge.part.0
                0x1000d668       0xc4 CMakeFiles/automation2040w_takeover.dir/C_/Users/ben/Documents/GitHub/pico-sdk/lib/lwip/src/core/tcp.c.obj
 .text.tcp_init
                0x1000d72c       0x20 CMakeFiles/automation2040w_takeover.dir/C_/Users/ben/Documents/GitHub/pico-sdk/lib/lwip/src/core/tcp.c.obj
                0x1000d72c                tcp_init
 .text.tcp_free
                0x1000d74c        0xc CMakeFiles/automation2040w_takeover.dir/C_/Users/ben/Documents/GitHub/pico-sdk/lib/lwip/src/core/tcp.c.obj
                0x1000d74c                tcp_free
 .text.tcp_bind
                0x1000d758      0x10c CMakeFiles/automation2040w_takeover.dir/C_/Users/ben/Documents/GitHub/pico-sdk/lib/lwip/src/core/tcp.c.obj
                0x1000d758                tcp_bind
 .text.tcp_listen_with_backlog
                0x1000d864       0xa4 CMakeFiles/automation2040w_takeover.dir/C_/Users/ben/Documents/GitHub/pico-sdk/lib/lwip/src/core/tcp.c.obj
                0x1000d864                tcp_listen_with_backlog
 .text.tcp_update_rcv_ann_wnd
                0x1000d908       0x3c CMakeFiles/automation2040w_takeover.dir/C_/Users/ben/Documents/GitHub/pico-sdk/lib/lwip/src/core/tcp.c.obj
                0x1000d908                tcp_update_rcv_ann_wnd
 .text.tcp_recved
                0x1000d944       0x80 CMakeFiles/automation2040w_takeover.dir/C_/Users/ben/Documents/GitHub/pico-sdk/lib/lwip/src/core/tcp.c.obj
                0x1000d944                tcp_recved
 .text.tcp_slowtmr
                0x1000d9c4      0x434 CMakeFiles/automation2040w_takeover.dir/C_/Users/ben/Documents/GitHub/pico-sdk/lib/lwip/src/core/tcp.c.obj
                0x1000d9c4                tcp_slowtmr
 .text.tcp_segs_free
                0x1000ddf8       0x38 CMakeFiles/automation2040w_takeover.dir/C_/Users/ben/Documents/GitHub/pico-sdk/lib/lwip/src/core/tcp.c.obj
                0x1000ddf8                tcp_segs_free
 .text.tcp_seg_free
                0x1000de30       0x1c CMakeFiles/automation2040w_takeover.dir/C_/Users/ben/Documents/GitHub/pico-sdk/lib/lwip/src/core/tcp.c.obj
                0x1000de30                tcp_seg_free
 .text.tcp_seg_copy
                0x1000de4c       0x20 CMakeFiles/automation2040w_takeover.dir/C_/Users/ben/Documents/GitHub/pico-sdk/lib/lwip/src/core/tcp.c.obj
                0x1000de4c                tcp_seg_copy
 .text.tcp_arg  0x1000de6c        0x8 CMakeFiles/automation2040w_takeover.dir/C_/Users/ben/Documents/GitHub/pico-sdk/lib/lwip/src/core/tcp.c.obj
                0x1000de6c                tcp_arg
 .text.tcp_recv
                0x1000de74        0xc CMakeFiles/automation2040w_takeover.dir/C_/Users/ben/Documents/GitHub/pico-sdk/lib/lwip/src/core/tcp.c.obj
                0x1000de74                tcp_recv
 .text.tcp_sent
                0x1000de80        0xc CMakeFiles/automation2040w_takeover.dir/C_/Users/ben/Documents/GitHub/pico-sdk/lib/lwip/src/core/tcp.c.obj
                0x1000de80                tcp_sent
 .text.tcp_err  0x1000de8c        0xc CMakeFiles/automation2040w_takeover.dir/C_/Users/ben/Documents/GitHub/pico-sdk/lib/lwip/src/core/tcp.c.obj
                0x1000de8c                tcp_err
 .text.tcp_accept
                0x1000de98       0x10 CMakeFiles/automation2040w_takeover.dir/C_/Users/ben/Documents/GitHub/pico-sdk/lib/lwip/src/core/tcp.c.obj
                0x1000de98                tcp_accept
 .text.tcp_poll
                0x1000dea8       0x1c CMakeFiles/automation2040w_takeover.dir/C_/Users/ben/Documents/GitHub/pico-sdk/lib/lwip/src/core/tcp.c.obj
                0x1000dea8                tcp_poll
 .text.tcp_pcb_purge
                0x1000dec4       0x24 CMakeFiles/automation2040w_takeover.dir/C_/Users/ben/Documents/GitHub/pico-sdk/lib/lwip/src/core/tcp.c.obj
                0x1000dec4                tcp_pcb_purge
 .text.tcp_pcb_remove
                0x1000dee8       0x78 CMakeFiles/automation2040w_takeover.dir/C_/Users/ben/Documents/GitHub/pico-sdk/lib/lwip/src/core/tcp.c.obj
                0x1000dee8                tcp_pcb_remove
 .text.tcp_abandon
                0x1000df60      0x194 CMakeFiles/automation2040w_takeover.dir/C_/Users/ben/Documents/GitHub/pico-sdk/lib/lwip/src/core/tcp.c.obj
                0x1000df60                tcp_abandon
 .text.tcp_abort
                0x1000e0f4        0xc CMakeFiles/automation2040w_takeover.dir/C_/Users/ben/Documents/GitHub/pico-sdk/lib/lwip/src/core/tcp.c.obj
                0x1000e0f4                tcp_abort
 .text.tcp_accept_null
                0x1000e100       0x10 CMakeFiles/automation2040w_takeover.dir/C_/Users/ben/Documents/GitHub/pico-sdk/lib/lwip/src/core/tcp.c.obj
 .text.tcp_alloc